Archive member included to satisfy reference by file (symbol)

c:/progra~1/raspbe~1/picosd~1.0/gcc-ar~1/bin/../lib/gcc/arm-none-eabi/10.3.1/thumb/v6-m/nofp\libgcc.a(_dvmd_tls.o)
                              CMakeFiles/graphics_test.dir/C_/Users/16073/OneDrive/Documents/Pico-v1.5.0/pico-sdk/src/rp2_common/pico_divider/divider.S.obj (__aeabi_idiv0)
c:/progra~1/raspbe~1/picosd~1.0/gcc-ar~1/bin/../lib/gcc/arm-none-eabi/10.3.1/../../../../arm-none-eabi/lib/thumb/v6-m/nofp\libg.a(lib_a-calloc.o)
                              CMakeFiles/graphics_test.dir/C_/Users/16073/OneDrive/Documents/Pico-v1.5.0/pico-sdk/src/rp2_common/pico_malloc/pico_malloc.c.obj (calloc)
c:/progra~1/raspbe~1/picosd~1.0/gcc-ar~1/bin/../lib/gcc/arm-none-eabi/10.3.1/../../../../arm-none-eabi/lib/thumb/v6-m/nofp\libg.a(lib_a-callocr.o)
                              c:/progra~1/raspbe~1/picosd~1.0/gcc-ar~1/bin/../lib/gcc/arm-none-eabi/10.3.1/../../../../arm-none-eabi/lib/thumb/v6-m/nofp\libg.a(lib_a-calloc.o) (_calloc_r)
c:/progra~1/raspbe~1/picosd~1.0/gcc-ar~1/bin/../lib/gcc/arm-none-eabi/10.3.1/../../../../arm-none-eabi/lib/thumb/v6-m/nofp\libg.a(lib_a-errno.o)
                              c:/progra~1/raspbe~1/picosd~1.0/gcc-ar~1/bin/../lib/gcc/arm-none-eabi/10.3.1/../../../../arm-none-eabi/lib/thumb/v6-m/nofp\libg.a(lib_a-callocr.o) (__errno)
c:/progra~1/raspbe~1/picosd~1.0/gcc-ar~1/bin/../lib/gcc/arm-none-eabi/10.3.1/../../../../arm-none-eabi/lib/thumb/v6-m/nofp\libg.a(lib_a-impure.o)
                              c:/progra~1/raspbe~1/picosd~1.0/gcc-ar~1/bin/../lib/gcc/arm-none-eabi/10.3.1/../../../../arm-none-eabi/lib/thumb/v6-m/nofp\libg.a(lib_a-calloc.o) (_impure_ptr)
c:/progra~1/raspbe~1/picosd~1.0/gcc-ar~1/bin/../lib/gcc/arm-none-eabi/10.3.1/../../../../arm-none-eabi/lib/thumb/v6-m/nofp\libg.a(lib_a-init.o)
                              c:/progra~1/raspbe~1/picosd~1.0/gcc-ar~1/bin/../lib/gcc/arm-none-eabi/10.3.1/../../../../arm-none-eabi/lib/thumb/v6-m/nofp/crt0.o (__libc_init_array)
c:/progra~1/raspbe~1/picosd~1.0/gcc-ar~1/bin/../lib/gcc/arm-none-eabi/10.3.1/../../../../arm-none-eabi/lib/thumb/v6-m/nofp\libg.a(lib_a-malloc.o)
                              CMakeFiles/graphics_test.dir/C_/Users/16073/OneDrive/Documents/Pico-v1.5.0/pico-sdk/src/rp2_common/pico_malloc/pico_malloc.c.obj (malloc)
c:/progra~1/raspbe~1/picosd~1.0/gcc-ar~1/bin/../lib/gcc/arm-none-eabi/10.3.1/../../../../arm-none-eabi/lib/thumb/v6-m/nofp\libg.a(lib_a-mallocr.o)
                              c:/progra~1/raspbe~1/picosd~1.0/gcc-ar~1/bin/../lib/gcc/arm-none-eabi/10.3.1/../../../../arm-none-eabi/lib/thumb/v6-m/nofp\libg.a(lib_a-callocr.o) (_malloc_r)
c:/progra~1/raspbe~1/picosd~1.0/gcc-ar~1/bin/../lib/gcc/arm-none-eabi/10.3.1/../../../../arm-none-eabi/lib/thumb/v6-m/nofp\libg.a(lib_a-mlock.o)
                              c:/progra~1/raspbe~1/picosd~1.0/gcc-ar~1/bin/../lib/gcc/arm-none-eabi/10.3.1/../../../../arm-none-eabi/lib/thumb/v6-m/nofp\libg.a(lib_a-mallocr.o) (__malloc_lock)
c:/progra~1/raspbe~1/picosd~1.0/gcc-ar~1/bin/../lib/gcc/arm-none-eabi/10.3.1/../../../../arm-none-eabi/lib/thumb/v6-m/nofp\libg.a(lib_a-realloc.o)
                              CMakeFiles/graphics_test.dir/C_/Users/16073/OneDrive/Documents/Pico-v1.5.0/pico-sdk/src/rp2_common/pico_malloc/pico_malloc.c.obj (realloc)
c:/progra~1/raspbe~1/picosd~1.0/gcc-ar~1/bin/../lib/gcc/arm-none-eabi/10.3.1/../../../../arm-none-eabi/lib/thumb/v6-m/nofp\libg.a(lib_a-reallocr.o)
                              c:/progra~1/raspbe~1/picosd~1.0/gcc-ar~1/bin/../lib/gcc/arm-none-eabi/10.3.1/../../../../arm-none-eabi/lib/thumb/v6-m/nofp\libg.a(lib_a-realloc.o) (_realloc_r)
c:/progra~1/raspbe~1/picosd~1.0/gcc-ar~1/bin/../lib/gcc/arm-none-eabi/10.3.1/../../../../arm-none-eabi/lib/thumb/v6-m/nofp\libg.a(lib_a-sbrkr.o)
                              c:/progra~1/raspbe~1/picosd~1.0/gcc-ar~1/bin/../lib/gcc/arm-none-eabi/10.3.1/../../../../arm-none-eabi/lib/thumb/v6-m/nofp\libg.a(lib_a-mallocr.o) (_sbrk_r)
c:/progra~1/raspbe~1/picosd~1.0/gcc-ar~1/bin/../lib/gcc/arm-none-eabi/10.3.1/../../../../arm-none-eabi/lib/thumb/v6-m/nofp\libg.a(lib_a-sscanf.o)
                              CMakeFiles/graphics_test.dir/vga16_graphics_3D_merge_fill.c.obj (sscanf)
c:/progra~1/raspbe~1/picosd~1.0/gcc-ar~1/bin/../lib/gcc/arm-none-eabi/10.3.1/../../../../arm-none-eabi/lib/thumb/v6-m/nofp\libg.a(lib_a-stdio.o)
                              c:/progra~1/raspbe~1/picosd~1.0/gcc-ar~1/bin/../lib/gcc/arm-none-eabi/10.3.1/../../../../arm-none-eabi/lib/thumb/v6-m/nofp\libg.a(lib_a-sscanf.o) (__seofread)
c:/progra~1/raspbe~1/picosd~1.0/gcc-ar~1/bin/../lib/gcc/arm-none-eabi/10.3.1/../../../../arm-none-eabi/lib/thumb/v6-m/nofp\libg.a(lib_a-strlen-stub.o)
                              CMakeFiles/graphics_test.dir/C_/Users/16073/OneDrive/Documents/Pico-v1.5.0/pico-sdk/src/rp2_common/pico_stdio/stdio.c.obj (strlen)
[...]
Memory Configuration

Name             Origin             Length             Attributes
FLASH            0x10000000         0x00200000         xr
RAM              0x20000000         0x00040000         xrw
SCRATCH_X        0x20040000         0x00001000         xrw
SCRATCH_Y        0x20041000         0x00001000         xrw
*default*        0x00000000         0xffffffff

Linker script and memory map

LOAD c:/progra~1/raspbe~1/picosd~1.0/gcc-ar~1/bin/../lib/gcc/arm-none-eabi/10.3.1/thumb/v6-m/nofp/crti.o
LOAD c:/progra~1/raspbe~1/picosd~1.0/gcc-ar~1/bin/../lib/gcc/arm-none-eabi/10.3.1/thumb/v6-m/nofp/crtbegin.o
LOAD c:/progra~1/raspbe~1/picosd~1.0/gcc-ar~1/bin/../lib/gcc/arm-none-eabi/10.3.1/../../../../arm-none-eabi/lib/thumb/v6-m/nofp/crt0.o

.flash_begin    0x10000000        0x0
                0x10000000                __flash_binary_start = .

.boot2          0x10000000      0x100
                0x10000000                __boot2_start__ = .
 *(.boot2)
 .boot2         0x10000000      0x100 C:\Users\16073\AppData\Local\Temp\ccwjDH3w.o
                0x10000100                __boot2_end__ = .
                0x00000001                ASSERT (((__boot2_end__ - __boot2_start__) == 0x100), ERROR: Pico second stage bootloader must be 256 bytes in size)

.text           0x10000100     0xe460
                0x10000100                __logical_binary_start = .
 *(.vectors)
 .vectors       0x10000100       0xd4 CMakeFiles/graphics_test.dir/C_/Users/16073/OneDrive/Documents/Pico-v1.5.0/pico-sdk/src/rp2_common/pico_standard_link/crt0.S.obj
                0x10000100                __VECTOR_TABLE
                0x10000100                __vectors
                0x100001c0                isr_invalid
                0x100001c0                __default_isrs_start
                0x100001c2                isr_nmi
                0x100001c4                isr_hardfault
                0x100001c6                isr_svcall
                0x100001c8                isr_pendsv
                0x100001ca                isr_systick
                0x100001cc                isr_irq23
                0x100001cc                isr_irq18
                0x100001cc                isr_irq11
                0x100001cc                isr_irq28
                0x100001cc                isr_irq19
                0x100001cc                isr_irq0
                0x100001cc                isr_irq6
                0x100001cc                isr_irq5
                0x100001cc                isr_irq12
                0x100001cc                isr_irq22
                0x100001cc                isr_irq31
                0x100001cc                isr_irq17
                0x100001cc                isr_irq27
                0x100001cc                isr_irq30
                0x100001cc                isr_irq2
                0x100001cc                isr_irq10
                0x100001cc                isr_irq8
                0x100001cc                isr_irq24
                0x100001cc                isr_irq1
                0x100001cc                isr_irq7
                0x100001cc                isr_irq21
                0x100001cc                isr_irq20
                0x100001cc                isr_irq15
                0x100001cc                isr_irq25
                0x100001cc                isr_irq13
                0x100001cc                __unhandled_user_irq
                0x100001cc                isr_irq4
                0x100001cc                isr_irq16
                0x100001cc                isr_irq29
                0x100001cc                isr_irq26
                0x100001cc                __default_isrs_end
                0x100001cc                isr_irq3
                0x100001cc                isr_irq14
                0x100001cc                isr_irq9
                0x100001d2                unhandled_user_irq_num_in_r0
 *(.binary_info_header)
 .binary_info_header
                0x100001d4       0x14 CMakeFiles/graphics_test.dir/C_/Users/16073/OneDrive/Documents/Pico-v1.5.0/pico-sdk/src/rp2_common/pico_standard_link/crt0.S.obj
                0x100001e8                __binary_info_header_end = .
 *(.reset)
 .reset         0x100001e8       0xa0 CMakeFiles/graphics_test.dir/C_/Users/16073/OneDrive/Documents/Pico-v1.5.0/pico-sdk/src/rp2_common/pico_standard_link/crt0.S.obj
                0x100001e8                _entry_point
 .reset         0x10000288       0x30 CMakeFiles/graphics_test.dir/C_/Users/16073/OneDrive/Documents/Pico-v1.5.0/pico-sdk/src/rp2_common/pico_standard_link/binary_info.c.obj
 *(.init)
 .init          0x100002b8        0x4 c:/progra~1/raspbe~1/picosd~1.0/gcc-ar~1/bin/../lib/gcc/arm-none-eabi/10.3.1/thumb/v6-m/nofp/crti.o
                0x100002b8                _init
 *(EXCLUDE_FILE(*libm.a: *libc.a:*lib_a-mem*.o *libgcc.a:) .text*)
 .text          0x100002bc       0x48 c:/progra~1/raspbe~1/picosd~1.0/gcc-ar~1/bin/../lib/gcc/arm-none-eabi/10.3.1/thumb/v6-m/nofp/crtbegin.o
 .text.protothread_sched1
                0x10000304       0xf4 CMakeFiles/graphics_test.dir/vga16_graphics_3D_merge_fill.c.obj
 .text.protothread_sched
                0x100003f8       0xf4 CMakeFiles/graphics_test.dir/vga16_graphics_3D_merge_fill.c.obj
 .text.protothread_toggle25
                0x100004ec       0xb0 CMakeFiles/graphics_test.dir/vga16_graphics_3D_merge_fill.c.obj
 .text.pt_serialin_polled
                0x1000059c      0x350 CMakeFiles/graphics_test.dir/vga16_graphics_3D_merge_fill.c.obj
 .text.pt_add   0x100008ec       0x38 CMakeFiles/graphics_test.dir/vga16_graphics_3D_merge_fill.c.obj
                0x100008ec                pt_add
 .text.pt_add1  0x10000924       0x38 CMakeFiles/graphics_test.dir/vga16_graphics_3D_merge_fill.c.obj
                0x10000924                pt_add1
 .text.core1_main
                0x1000095c       0x48 CMakeFiles/graphics_test.dir/vga16_graphics_3D_merge_fill.c.obj
                0x1000095c                core1_main
 .text.pt_serialout_polled
                0x100009a4       0xd4 CMakeFiles/graphics_test.dir/vga16_graphics_3D_merge_fill.c.obj
                0x100009a4                pt_serialout_polled
 .text.sqrts15x16
                0x10000a78       0x20 CMakeFiles/graphics_test.dir/vga16_graphics_3D_merge_fill.c.obj
                0x10000a78                sqrts15x16
 .text.Vsub     0x10000a98       0x1c CMakeFiles/graphics_test.dir/vga16_graphics_3D_merge_fill.c.obj
                0x10000a98                Vsub
 .text.VxS      0x10000ab4       0xa8 CMakeFiles/graphics_test.dir/vga16_graphics_3D_merge_fill.c.obj
                0x10000ab4                VxS
 .text.Vnorm    0x10000b5c       0xd8 CMakeFiles/graphics_test.dir/vga16_graphics_3D_merge_fill.c.obj
                0x10000b5c                Vnorm
 .text.Vdot     0x10000c34       0xb0 CMakeFiles/graphics_test.dir/vga16_graphics_3D_merge_fill.c.obj
                0x10000c34                Vdot
 .text.Vcross   0x10000ce4      0x18a CMakeFiles/graphics_test.dir/vga16_graphics_3D_merge_fill.c.obj
                0x10000ce4                Vcross
 .text.MxM      0x10000e6e      0xe52 CMakeFiles/graphics_test.dir/vga16_graphics_3D_merge_fill.c.obj
                0x10000e6e                MxM
 .text.protothread_serial
                0x10001cc0      0x45c CMakeFiles/graphics_test.dir/vga16_graphics_3D_merge_fill.c.obj
 .text.fillTri  0x1000211c      0x180 CMakeFiles/graphics_test.dir/vga16_graphics_3D_merge_fill.c.obj
                0x1000211c                fillTri
 .text.VxM      0x1000229c      0x360 CMakeFiles/graphics_test.dir/vga16_graphics_3D_merge_fill.c.obj
                0x1000229c                VxM
 .text.build_RotZ
                0x100025fc       0x44 CMakeFiles/graphics_test.dir/vga16_graphics_3D_merge_fill.c.obj
                0x100025fc                build_RotZ
 .text.build_RotY
                0x10002640       0x44 CMakeFiles/graphics_test.dir/vga16_graphics_3D_merge_fill.c.obj
                0x10002640                build_RotY
 .text.build_Translate
                0x10002684       0x2a CMakeFiles/graphics_test.dir/vga16_graphics_3D_merge_fill.c.obj
                0x10002684                build_Translate
 *fill*         0x100026ae        0x2 
 .text.view_init
                0x100026b0       0x10 CMakeFiles/graphics_test.dir/vga16_graphics_3D_merge_fill.c.obj
                0x100026b0                view_init
 .text.view_insert
                0x100026c0       0xe0 CMakeFiles/graphics_test.dir/vga16_graphics_3D_merge_fill.c.obj
                0x100026c0                view_insert
 .text.build_Tview
                0x100027a0       0xb8 CMakeFiles/graphics_test.dir/vga16_graphics_3D_merge_fill.c.obj
                0x100027a0                build_Tview
 .text.build_Tpersp
                0x10002858       0xe6 CMakeFiles/graphics_test.dir/vga16_graphics_3D_merge_fill.c.obj
                0x10002858                build_Tpersp
 *fill*         0x1000293e        0x2 
 .text.build_Tetrahedron
                0x10002940       0xd4 CMakeFiles/graphics_test.dir/vga16_graphics_3D_merge_fill.c.obj
                0x10002940                build_Tetrahedron
 .text.build_Cube
                0x10002a14       0xc4 CMakeFiles/graphics_test.dir/vga16_graphics_3D_merge_fill.c.obj
                0x10002a14                build_Cube
 .text.merge_object
                0x10002ad8      0x180 CMakeFiles/graphics_test.dir/vga16_graphics_3D_merge_fill.c.obj
                0x10002ad8                merge_object
 .text.QuickSort
                0x10002c58       0xba CMakeFiles/graphics_test.dir/vga16_graphics_3D_merge_fill.c.obj
                0x10002c58                QuickSort
 *fill*         0x10002d12        0x2 
 .text.protothread_graphics
                0x10002d14      0x864 CMakeFiles/graphics_test.dir/vga16_graphics_3D_merge_fill.c.obj
 .text.main     0x10003578       0xf8 CMakeFiles/graphics_test.dir/vga16_graphics_3D_merge_fill.c.obj
                0x10003578                main
 .text.initVGA  0x10003670      0x3dc CMakeFiles/graphics_test.dir/vga16_graphics.c.obj
                0x10003670                initVGA
 .text.drawPixel
                0x10003a4c       0x60 CMakeFiles/graphics_test.dir/vga16_graphics.c.obj
                0x10003a4c                drawPixel
 .text.drawVLine
                0x10003aac       0x30 CMakeFiles/graphics_test.dir/vga16_graphics.c.obj
                0x10003aac                drawVLine
 .text.drawHLine
                0x10003adc       0x64 CMakeFiles/graphics_test.dir/vga16_graphics.c.obj
                0x10003adc                drawHLine
 .text.drawLine
                0x10003b40       0xc4 CMakeFiles/graphics_test.dir/vga16_graphics.c.obj
                0x10003b40                drawLine
 .text.drawRect
                0x10003c04       0x4a CMakeFiles/graphics_test.dir/vga16_graphics.c.obj
                0x10003c04                drawRect
 .text.fillRect
                0x10003c4e       0x46 CMakeFiles/graphics_test.dir/vga16_graphics.c.obj
                0x10003c4e                fillRect
 .text.drawChar
                0x10003c94      0x100 CMakeFiles/graphics_test.dir/vga16_graphics.c.obj
                0x10003c94                drawChar
 .text.setCursor
                0x10003d94       0x14 CMakeFiles/graphics_test.dir/vga16_graphics.c.obj
                0x10003d94                setCursor
 .text.setTextSize
                0x10003da8       0x14 CMakeFiles/graphics_test.dir/vga16_graphics.c.obj
                0x10003da8                setTextSize
 .text.setTextColor
                0x10003dbc       0x14 CMakeFiles/graphics_test.dir/vga16_graphics.c.obj
                0x10003dbc                setTextColor
 .text.setTextColor2
                0x10003dd0       0x14 CMakeFiles/graphics_test.dir/vga16_graphics.c.obj
                0x10003dd0                setTextColor2
 .text.tft_write
                0x10003de4       0xb4 CMakeFiles/graphics_test.dir/vga16_graphics.c.obj
                0x10003de4                tft_write
 .text.writeString
                0x10003e98       0x14 CMakeFiles/graphics_test.dir/vga16_graphics.c.obj
                0x10003e98                writeString
 .text.drawCharBig
                0x10003eac       0x80 CMakeFiles/graphics_test.dir/vga16_graphics.c.obj
                0x10003eac                drawCharBig
 .text.writeStringBig
                0x10003f2c       0x44 CMakeFiles/graphics_test.dir/vga16_graphics.c.obj
                0x10003f2c                writeStringBig
 .text.clear_frame
                0x10003f70       0x30 CMakeFiles/graphics_test.dir/vga16_graphics.c.obj
                0x10003f70                clear_frame
 .text.gpio_set_function
                0x10003fa0       0x30 CMakeFiles/graphics_test.dir/C_/Users/16073/OneDrive/Documents/Pico-v1.5.0/pico-sdk/src/rp2_common/hardware_gpio/gpio.c.obj
                0x10003fa0                gpio_set_function
 .text.gpio_init
                0x10003fd0       0x16 CMakeFiles/graphics_test.dir/C_/Users/16073/OneDrive/Documents/Pico-v1.5.0/pico-sdk/src/rp2_common/hardware_gpio/gpio.c.obj
                0x10003fd0                gpio_init
 *fill*         0x10003fe6        0x2 
 .text.running_on_fpga
                0x10003fe8       0x14 CMakeFiles/graphics_test.dir/C_/Users/16073/OneDrive/Documents/Pico-v1.5.0/pico-sdk/src/rp2_common/pico_platform/platform.c.obj
                0x10003fe8                running_on_fpga
 .text.hw_claim_lock
                0x10003ffc       0x18 CMakeFiles/graphics_test.dir/C_/Users/16073/OneDrive/Documents/Pico-v1.5.0/pico-sdk/src/rp2_common/hardware_claim/claim.c.obj
                0x10003ffc                hw_claim_lock
 .text.hw_claim_unlock
                0x10004014       0x14 CMakeFiles/graphics_test.dir/C_/Users/16073/OneDrive/Documents/Pico-v1.5.0/pico-sdk/src/rp2_common/hardware_claim/claim.c.obj
                0x10004014                hw_claim_unlock
 .text.hw_claim_or_assert
                0x10004028       0x32 CMakeFiles/graphics_test.dir/C_/Users/16073/OneDrive/Documents/Pico-v1.5.0/pico-sdk/src/rp2_common/hardware_claim/claim.c.obj
                0x10004028                hw_claim_or_assert
 .text.hw_claim_unused_from_range
                0x1000405a       0x50 CMakeFiles/graphics_test.dir/C_/Users/16073/OneDrive/Documents/Pico-v1.5.0/pico-sdk/src/rp2_common/hardware_claim/claim.c.obj
                0x1000405a                hw_claim_unused_from_range
 *fill*         0x100040aa        0x2 
 .text.spin_locks_reset
                0x100040ac       0x20 CMakeFiles/graphics_test.dir/C_/Users/16073/OneDrive/Documents/Pico-v1.5.0/pico-sdk/src/rp2_common/hardware_sync/sync.c.obj
                0x100040ac                spin_locks_reset
 .text.next_striped_spin_lock_num
                0x100040cc       0x1c CMakeFiles/graphics_test.dir/C_/Users/16073/OneDrive/Documents/Pico-v1.5.0/pico-sdk/src/rp2_common/hardware_sync/sync.c.obj
                0x100040cc                next_striped_spin_lock_num
 .text.set_raw_irq_handler_and_unlock
                0x100040e8       0x28 CMakeFiles/graphics_test.dir/C_/Users/16073/OneDrive/Documents/Pico-v1.5.0/pico-sdk/src/rp2_common/hardware_irq/irq.c.obj
 .text.make_branch
                0x10004110       0x48 CMakeFiles/graphics_test.dir/C_/Users/16073/OneDrive/Documents/Pico-v1.5.0/pico-sdk/src/rp2_common/hardware_irq/irq.c.obj
 .text.insert_branch_and_link
                0x10004158       0x40 CMakeFiles/graphics_test.dir/C_/Users/16073/OneDrive/Documents/Pico-v1.5.0/pico-sdk/src/rp2_common/hardware_irq/irq.c.obj
 .text.irq_is_enabled
                0x10004198       0x18 CMakeFiles/graphics_test.dir/C_/Users/16073/OneDrive/Documents/Pico-v1.5.0/pico-sdk/src/rp2_common/hardware_irq/irq.c.obj
                0x10004198                irq_is_enabled
 .text.irq_set_mask_enabled
                0x100041b0       0x20 CMakeFiles/graphics_test.dir/C_/Users/16073/OneDrive/Documents/Pico-v1.5.0/pico-sdk/src/rp2_common/hardware_irq/irq.c.obj
                0x100041b0                irq_set_mask_enabled
 .text.irq_set_enabled
                0x100041d0        0xe CMakeFiles/graphics_test.dir/C_/Users/16073/OneDrive/Documents/Pico-v1.5.0/pico-sdk/src/rp2_common/hardware_irq/irq.c.obj
                0x100041d0                irq_set_enabled
 *fill*         0x100041de        0x2 
 .text.irq_get_vtable_handler
                0x100041e0       0x10 CMakeFiles/graphics_test.dir/C_/Users/16073/OneDrive/Documents/Pico-v1.5.0/pico-sdk/src/rp2_common/hardware_irq/irq.c.obj
                0x100041e0                irq_get_vtable_handler
 .text.irq_set_exclusive_handler
                0x100041f0       0x54 CMakeFiles/graphics_test.dir/C_/Users/16073/OneDrive/Documents/Pico-v1.5.0/pico-sdk/src/rp2_common/hardware_irq/irq.c.obj
                0x100041f0                irq_set_exclusive_handler
 .text.irq_remove_handler
                0x10004244      0x1ac CMakeFiles/graphics_test.dir/C_/Users/16073/OneDrive/Documents/Pico-v1.5.0/pico-sdk/src/rp2_common/hardware_irq/irq.c.obj
                0x10004244                irq_remove_handler
 .text.irq_add_tail_to_free_list
                0x100043f0       0xf0 CMakeFiles/graphics_test.dir/C_/Users/16073/OneDrive/Documents/Pico-v1.5.0/pico-sdk/src/rp2_common/hardware_irq/irq.c.obj
                0x100043f0                irq_add_tail_to_free_list
 .text.irq_init_priorities
                0x100044e0       0x1c CMakeFiles/graphics_test.dir/C_/Users/16073/OneDrive/Documents/Pico-v1.5.0/pico-sdk/src/rp2_common/hardware_irq/irq.c.obj
                0x100044e0                irq_init_priorities
 .text.lock_init
                0x100044fc       0x10 CMakeFiles/graphics_test.dir/C_/Users/16073/OneDrive/Documents/Pico-v1.5.0/pico-sdk/src/common/pico_sync/lock_core.c.obj
                0x100044fc                lock_init
 .text.mutex_init
                0x1000450c       0x1a CMakeFiles/graphics_test.dir/C_/Users/16073/OneDrive/Documents/Pico-v1.5.0/pico-sdk/src/common/pico_sync/mutex.c.obj
                0x1000450c                mutex_init
 .text.recursive_mutex_init
                0x10004526       0x1e CMakeFiles/graphics_test.dir/C_/Users/16073/OneDrive/Documents/Pico-v1.5.0/pico-sdk/src/common/pico_sync/mutex.c.obj
                0x10004526                recursive_mutex_init
 .text.alarm_pool_post_alloc_init
                0x10004544       0x40 CMakeFiles/graphics_test.dir/C_/Users/16073/OneDrive/Documents/Pico-v1.5.0/pico-sdk/src/common/pico_time/time.c.obj
 .text.sleep_until_callback
                0x10004584       0x30 CMakeFiles/graphics_test.dir/C_/Users/16073/OneDrive/Documents/Pico-v1.5.0/pico-sdk/src/common/pico_time/time.c.obj
 .text.timer_pool_entry_comparator
                0x100045b4       0x7c CMakeFiles/graphics_test.dir/C_/Users/16073/OneDrive/Documents/Pico-v1.5.0/pico-sdk/src/common/pico_time/time.c.obj
                0x100045b4                timer_pool_entry_comparator
 .text.ph_add_child_node
                0x10004630       0xa4 CMakeFiles/graphics_test.dir/C_/Users/16073/OneDrive/Documents/Pico-v1.5.0/pico-sdk/src/common/pico_time/time.c.obj
 .text.ph_merge_nodes
                0x100046d4       0x3e CMakeFiles/graphics_test.dir/C_/Users/16073/OneDrive/Documents/Pico-v1.5.0/pico-sdk/src/common/pico_time/time.c.obj
 *fill*         0x10004712        0x2 
 .text.add_alarm_under_lock
                0x10004714      0x174 CMakeFiles/graphics_test.dir/C_/Users/16073/OneDrive/Documents/Pico-v1.5.0/pico-sdk/src/common/pico_time/time.c.obj
 .text.alarm_pool_alarm_callback
                0x10004888      0x33c CMakeFiles/graphics_test.dir/C_/Users/16073/OneDrive/Documents/Pico-v1.5.0/pico-sdk/src/common/pico_time/time.c.obj
 .text.alarm_pool_init_default
                0x10004bc4       0x40 CMakeFiles/graphics_test.dir/C_/Users/16073/OneDrive/Documents/Pico-v1.5.0/pico-sdk/src/common/pico_time/time.c.obj
                0x10004bc4                alarm_pool_init_default
 .text.alarm_pool_get_default
                0x10004c04       0x2c CMakeFiles/graphics_test.dir/C_/Users/16073/OneDrive/Documents/Pico-v1.5.0/pico-sdk/src/common/pico_time/time.c.obj
                0x10004c04                alarm_pool_get_default
 .text.alarm_pool_add_alarm_at
                0x10004c30      0x168 CMakeFiles/graphics_test.dir/C_/Users/16073/OneDrive/Documents/Pico-v1.5.0/pico-sdk/src/common/pico_time/time.c.obj
                0x10004c30                alarm_pool_add_alarm_at
 .text.alarm_pool_cancel_alarm
                0x10004d98       0xf0 CMakeFiles/graphics_test.dir/C_/Users/16073/OneDrive/Documents/Pico-v1.5.0/pico-sdk/src/common/pico_time/time.c.obj
                0x10004d98                alarm_pool_cancel_alarm
 .text.best_effort_wfe_or_timeout
                0x10004e88       0xac CMakeFiles/graphics_test.dir/C_/Users/16073/OneDrive/Documents/Pico-v1.5.0/pico-sdk/src/common/pico_time/time.c.obj
                0x10004e88                best_effort_wfe_or_timeout
 .text.hardware_alarm_irq_handler
                0x10004f34       0x90 CMakeFiles/graphics_test.dir/C_/Users/16073/OneDrive/Documents/Pico-v1.5.0/pico-sdk/src/rp2_common/hardware_timer/timer.c.obj
 .text.hardware_alarm_claim
                0x10004fc4       0x18 CMakeFiles/graphics_test.dir/C_/Users/16073/OneDrive/Documents/Pico-v1.5.0/pico-sdk/src/rp2_common/hardware_timer/timer.c.obj
                0x10004fc4                hardware_alarm_claim
 .text.time_us_64
                0x10004fdc       0x18 CMakeFiles/graphics_test.dir/C_/Users/16073/OneDrive/Documents/Pico-v1.5.0/pico-sdk/src/rp2_common/hardware_timer/timer.c.obj
                0x10004fdc                time_us_64
 .text.busy_wait_until
                0x10004ff4       0x28 CMakeFiles/graphics_test.dir/C_/Users/16073/OneDrive/Documents/Pico-v1.5.0/pico-sdk/src/rp2_common/hardware_timer/timer.c.obj
                0x10004ff4                busy_wait_until
 .text.busy_wait_us
                0x1000501c       0x48 CMakeFiles/graphics_test.dir/C_/Users/16073/OneDrive/Documents/Pico-v1.5.0/pico-sdk/src/rp2_common/hardware_timer/timer.c.obj
                0x1000501c                busy_wait_us
 .text.hardware_alarm_set_callback
                0x10005064       0x90 CMakeFiles/graphics_test.dir/C_/Users/16073/OneDrive/Documents/Pico-v1.5.0/pico-sdk/src/rp2_common/hardware_timer/timer.c.obj
                0x10005064                hardware_alarm_set_callback
 .text.hardware_alarm_set_target
                0x100050f4       0xe8 CMakeFiles/graphics_test.dir/C_/Users/16073/OneDrive/Documents/Pico-v1.5.0/pico-sdk/src/rp2_common/hardware_timer/timer.c.obj
                0x100050f4                hardware_alarm_set_target
 .text.hardware_alarm_cancel
                0x100051dc       0x40 CMakeFiles/graphics_test.dir/C_/Users/16073/OneDrive/Documents/Pico-v1.5.0/pico-sdk/src/rp2_common/hardware_timer/timer.c.obj
                0x100051dc                hardware_alarm_cancel
 .text.ph_add_child_node
                0x1000521c       0xa4 CMakeFiles/graphics_test.dir/C_/Users/16073/OneDrive/Documents/Pico-v1.5.0/pico-sdk/src/common/pico_util/pheap.c.obj
 .text.ph_merge_nodes
                0x100052c0       0x3e CMakeFiles/graphics_test.dir/C_/Users/16073/OneDrive/Documents/Pico-v1.5.0/pico-sdk/src/common/pico_util/pheap.c.obj
 *fill*         0x100052fe        0x2 
 .text.ph_clear
                0x10005300       0x70 CMakeFiles/graphics_test.dir/C_/Users/16073/OneDrive/Documents/Pico-v1.5.0/pico-sdk/src/common/pico_util/pheap.c.obj
                0x10005300                ph_clear
 .text.ph_post_alloc_init
                0x10005370        0xe CMakeFiles/graphics_test.dir/C_/Users/16073/OneDrive/Documents/Pico-v1.5.0/pico-sdk/src/common/pico_util/pheap.c.obj
                0x10005370                ph_post_alloc_init
 *fill*         0x1000537e        0x2 
 .text.ph_merge_two_pass
                0x10005380       0xa8 CMakeFiles/graphics_test.dir/C_/Users/16073/OneDrive/Documents/Pico-v1.5.0/pico-sdk/src/common/pico_util/pheap.c.obj
                0x10005380                ph_merge_two_pass
 .text.ph_remove_any_head
                0x10005428      0x128 CMakeFiles/graphics_test.dir/C_/Users/16073/OneDrive/Documents/Pico-v1.5.0/pico-sdk/src/common/pico_util/pheap.c.obj
 .text.ph_remove_head
                0x10005550       0x14 CMakeFiles/graphics_test.dir/C_/Users/16073/OneDrive/Documents/Pico-v1.5.0/pico-sdk/src/common/pico_util/pheap.c.obj
                0x10005550                ph_remove_head
 .text.ph_remove_and_free_node
                0x10005564       0xf8 CMakeFiles/graphics_test.dir/C_/Users/16073/OneDrive/Documents/Pico-v1.5.0/pico-sdk/src/common/pico_util/pheap.c.obj
                0x10005564                ph_remove_and_free_node
 .text.uart_set_baudrate
                0x1000565c       0x5c CMakeFiles/graphics_test.dir/C_/Users/16073/OneDrive/Documents/Pico-v1.5.0/pico-sdk/src/rp2_common/hardware_uart/uart.c.obj
                0x1000565c                uart_set_baudrate
 .text.uart_set_translate_crlf
                0x100056b8       0x28 CMakeFiles/graphics_test.dir/C_/Users/16073/OneDrive/Documents/Pico-v1.5.0/pico-sdk/src/rp2_common/hardware_uart/uart.c.obj
                0x100056b8                uart_set_translate_crlf
 .text.uart_init
                0x100056e0       0x80 CMakeFiles/graphics_test.dir/C_/Users/16073/OneDrive/Documents/Pico-v1.5.0/pico-sdk/src/rp2_common/hardware_uart/uart.c.obj
                0x100056e0                uart_init
 .text.clock_configure
                0x10005760      0x104 CMakeFiles/graphics_test.dir/C_/Users/16073/OneDrive/Documents/Pico-v1.5.0/pico-sdk/src/rp2_common/hardware_clocks/clocks.c.obj
                0x10005760                clock_configure
 .text.clocks_init
                0x10005864      0x100 CMakeFiles/graphics_test.dir/C_/Users/16073/OneDrive/Documents/Pico-v1.5.0/pico-sdk/src/rp2_common/hardware_clocks/clocks.c.obj
                0x10005864                clocks_init
 .text.clock_get_hz
                0x10005964        0xc CMakeFiles/graphics_test.dir/C_/Users/16073/OneDrive/Documents/Pico-v1.5.0/pico-sdk/src/rp2_common/hardware_clocks/clocks.c.obj
                0x10005964                clock_get_hz
 .text.pll_init
                0x10005970      0x12c CMakeFiles/graphics_test.dir/C_/Users/16073/OneDrive/Documents/Pico-v1.5.0/pico-sdk/src/rp2_common/hardware_pll/pll.c.obj
                0x10005970                pll_init
 .text.watchdog_start_tick
                0x10005a9c       0x10 CMakeFiles/graphics_test.dir/C_/Users/16073/OneDrive/Documents/Pico-v1.5.0/pico-sdk/src/rp2_common/hardware_watchdog/watchdog.c.obj
                0x10005a9c                watchdog_start_tick
 .text.xosc_init
                0x10005aac       0x28 CMakeFiles/graphics_test.dir/C_/Users/16073/OneDrive/Documents/Pico-v1.5.0/pico-sdk/src/rp2_common/hardware_xosc/xosc.c.obj
                0x10005aac                xosc_init
 .text._exit    0x10005ad4        0x4 CMakeFiles/graphics_test.dir/C_/Users/16073/OneDrive/Documents/Pico-v1.5.0/pico-sdk/src/rp2_common/pico_runtime/runtime.c.obj
                0x10005ad4                _exit
 .text._sbrk    0x10005ad8       0x38 CMakeFiles/graphics_test.dir/C_/Users/16073/OneDrive/Documents/Pico-v1.5.0/pico-sdk/src/rp2_common/pico_runtime/runtime.c.obj
                0x10005ad8                _sbrk
 .text.exit     0x10005b10        0x6 CMakeFiles/graphics_test.dir/C_/Users/16073/OneDrive/Documents/Pico-v1.5.0/pico-sdk/src/rp2_common/pico_runtime/runtime.c.obj
                0x10005b10                exit
 *fill*         0x10005b16        0x2 
 .text.__assert_func
                0x10005b18       0x3c CMakeFiles/graphics_test.dir/C_/Users/16073/OneDrive/Documents/Pico-v1.5.0/pico-sdk/src/rp2_common/pico_runtime/runtime.c.obj
                0x10005b18                __assert_func
 .text.runtime_init
                0x10005b54       0xf8 CMakeFiles/graphics_test.dir/C_/Users/16073/OneDrive/Documents/Pico-v1.5.0/pico-sdk/src/rp2_common/pico_runtime/runtime.c.obj
                0x10005b54                runtime_init
 .text.panic    0x10005c4c       0x30 CMakeFiles/graphics_test.dir/C_/Users/16073/OneDrive/Documents/Pico-v1.5.0/pico-sdk/src/rp2_common/pico_runtime/runtime.c.obj
                0x10005c4c                panic
 .text._out_buffer
                0x10005c7c        0x8 CMakeFiles/graphics_test.dir/C_/Users/16073/OneDrive/Documents/Pico-v1.5.0/pico-sdk/src/rp2_common/pico_printf/printf.c.obj
 .text._out_null
                0x10005c84        0x2 CMakeFiles/graphics_test.dir/C_/Users/16073/OneDrive/Documents/Pico-v1.5.0/pico-sdk/src/rp2_common/pico_printf/printf.c.obj
 .text._out_fct
                0x10005c86        0xe CMakeFiles/graphics_test.dir/C_/Users/16073/OneDrive/Documents/Pico-v1.5.0/pico-sdk/src/rp2_common/pico_printf/printf.c.obj
 .text._atoi    0x10005c94       0x24 CMakeFiles/graphics_test.dir/C_/Users/16073/OneDrive/Documents/Pico-v1.5.0/pico-sdk/src/rp2_common/pico_printf/printf.c.obj
 .text._out_rev
                0x10005cb8       0xae CMakeFiles/graphics_test.dir/C_/Users/16073/OneDrive/Documents/Pico-v1.5.0/pico-sdk/src/rp2_common/pico_printf/printf.c.obj
 .text._ntoa_format
                0x10005d66      0x112 CMakeFiles/graphics_test.dir/C_/Users/16073/OneDrive/Documents/Pico-v1.5.0/pico-sdk/src/rp2_common/pico_printf/printf.c.obj
 .text._ntoa_long
                0x10005e78       0xbc CMakeFiles/graphics_test.dir/C_/Users/16073/OneDrive/Documents/Pico-v1.5.0/pico-sdk/src/rp2_common/pico_printf/printf.c.obj
 .text._ntoa_long_long
                0x10005f34       0xe2 CMakeFiles/graphics_test.dir/C_/Users/16073/OneDrive/Documents/Pico-v1.5.0/pico-sdk/src/rp2_common/pico_printf/printf.c.obj
 *fill*         0x10006016        0x2 
 .text._etoa    0x10006018      0x414 CMakeFiles/graphics_test.dir/C_/Users/16073/OneDrive/Documents/Pico-v1.5.0/pico-sdk/src/rp2_common/pico_printf/printf.c.obj
 .text._ftoa    0x1000642c      0x354 CMakeFiles/graphics_test.dir/C_/Users/16073/OneDrive/Documents/Pico-v1.5.0/pico-sdk/src/rp2_common/pico_printf/printf.c.obj
 .text._vsnprintf
                0x10006780      0x624 CMakeFiles/graphics_test.dir/C_/Users/16073/OneDrive/Documents/Pico-v1.5.0/pico-sdk/src/rp2_common/pico_printf/printf.c.obj
 .text.__wrap_sprintf
                0x10006da4       0x28 CMakeFiles/graphics_test.dir/C_/Users/16073/OneDrive/Documents/Pico-v1.5.0/pico-sdk/src/rp2_common/pico_printf/printf.c.obj
                0x10006da4                __wrap_sprintf
 .text.vfctprintf
                0x10006dcc       0x20 CMakeFiles/graphics_test.dir/C_/Users/16073/OneDrive/Documents/Pico-v1.5.0/pico-sdk/src/rp2_common/pico_printf/printf.c.obj
                0x10006dcc                vfctprintf
 .text          0x10006dec       0x10 CMakeFiles/graphics_test.dir/C_/Users/16073/OneDrive/Documents/Pico-v1.5.0/pico-sdk/src/rp2_common/pico_bit_ops/bit_ops_aeabi.S.obj
 .text.rom_func_lookup
                0x10006dfc       0x10 CMakeFiles/graphics_test.dir/C_/Users/16073/OneDrive/Documents/Pico-v1.5.0/pico-sdk/src/rp2_common/pico_bootrom/bootrom.c.obj
                0x10006dfc                rom_func_lookup
 .text.rom_data_lookup
                0x10006e0c       0x10 CMakeFiles/graphics_test.dir/C_/Users/16073/OneDrive/Documents/Pico-v1.5.0/pico-sdk/src/rp2_common/pico_bootrom/bootrom.c.obj
                0x10006e0c                rom_data_lookup
 .text.rom_funcs_lookup
                0x10006e1c       0x36 CMakeFiles/graphics_test.dir/C_/Users/16073/OneDrive/Documents/Pico-v1.5.0/pico-sdk/src/rp2_common/pico_bootrom/bootrom.c.obj
                0x10006e1c                rom_funcs_lookup
 *fill*         0x10006e52        0x2 
 .text.__wrap___aeabi_idiv
                0x10006e54       0x50 CMakeFiles/graphics_test.dir/C_/Users/16073/OneDrive/Documents/Pico-v1.5.0/pico-sdk/src/rp2_common/pico_divider/divider.S.obj
                0x10006e54                __wrap___aeabi_idivmod
                0x10006e54                divmod_s32s32
                0x10006e54                div_s32s32
                0x10006e54                __wrap___aeabi_idiv
                0x10006e5c                divmod_s32s32_unsafe
                0x10006e88                divmod_s32s32_savestate
 .text.__wrap___aeabi_uidiv
                0x10006ea4       0x4c CMakeFiles/graphics_test.dir/C_/Users/16073/OneDrive/Documents/Pico-v1.5.0/pico-sdk/src/rp2_common/pico_divider/divider.S.obj
                0x10006ea4                __wrap___aeabi_uidiv
                0x10006ea4                __wrap___aeabi_uidivmod
                0x10006ea4                div_u32u32
                0x10006ea4                divmod_u32u32
                0x10006eac                divmod_u32u32_unsafe
                0x10006ed4                divmod_u32u32_savestate
 .text.__wrap___aeabi_ldiv
                0x10006ef0      0x424 CMakeFiles/graphics_test.dir/C_/Users/16073/OneDrive/Documents/Pico-v1.5.0/pico-sdk/src/rp2_common/pico_divider/divider.S.obj
                0x10006ef0                div_s64s64
                0x10006ef0                divmod_s64s64
                0x10006ef0                __wrap___aeabi_ldivmod
                0x10006f20                divmod_u64u64
                0x10006f20                div_u64u64
                0x10006f20                __wrap___aeabi_uldivmod
                0x10006f30                divmod_u64u64_savestate
                0x10006f50                divmod_s64s64_unsafe
                0x10006fd8                divmod_u64u64_unsafe
 .text.push_r8_r11
                0x10007314        0xc CMakeFiles/graphics_test.dir/C_/Users/16073/OneDrive/Documents/Pico-v1.5.0/pico-sdk/src/rp2_common/pico_double/double_aeabi.S.obj
                0x10007314                push_r8_r11
 .text.pop_r8_r11
                0x10007320        0xc CMakeFiles/graphics_test.dir/C_/Users/16073/OneDrive/Documents/Pico-v1.5.0/pico-sdk/src/rp2_common/pico_double/double_aeabi.S.obj
                0x10007320                pop_r8_r11
 .text.__wrap___aeabi_darithmetic
                0x1000732c       0x80 CMakeFiles/graphics_test.dir/C_/Users/16073/OneDrive/Documents/Pico-v1.5.0/pico-sdk/src/rp2_common/pico_double/double_aeabi.S.obj
                0x1000732c                __wrap___aeabi_drsub
                0x10007332                __wrap___aeabi_dsub
                0x10007344                __wrap___aeabi_dadd
                0x10007356                __wrap___aeabi_ddiv
                0x10007392                __wrap___aeabi_dmul
 .text.__wrap___aeabi_cdcmple
                0x100073ac       0x6c CMakeFiles/graphics_test.dir/C_/Users/16073/OneDrive/Documents/Pico-v1.5.0/pico-sdk/src/rp2_common/pico_double/double_aeabi.S.obj
                0x100073ac                __wrap___aeabi_cdrcmple
                0x100073bc                __wrap___aeabi_cdcmpeq
                0x100073bc                __wrap___aeabi_cdcmple
 .text.__wrap___aeabi_dcmpeq
                0x10007418       0x10 CMakeFiles/graphics_test.dir/C_/Users/16073/OneDrive/Documents/Pico-v1.5.0/pico-sdk/src/rp2_common/pico_double/double_aeabi.S.obj
                0x10007418                __wrap___aeabi_dcmpeq
 .text.__wrap___aeabi_dcmplt
                0x10007428        0xc CMakeFiles/graphics_test.dir/C_/Users/16073/OneDrive/Documents/Pico-v1.5.0/pico-sdk/src/rp2_common/pico_double/double_aeabi.S.obj
                0x10007428                __wrap___aeabi_dcmplt
 .text.__wrap___aeabi_dcmple
                0x10007434       0x10 CMakeFiles/graphics_test.dir/C_/Users/16073/OneDrive/Documents/Pico-v1.5.0/pico-sdk/src/rp2_common/pico_double/double_aeabi.S.obj
                0x10007434                __wrap___aeabi_dcmple
 .text.__wrap___aeabi_dcmpge
                0x10007444       0x10 CMakeFiles/graphics_test.dir/C_/Users/16073/OneDrive/Documents/Pico-v1.5.0/pico-sdk/src/rp2_common/pico_double/double_aeabi.S.obj
                0x10007444                __wrap___aeabi_dcmpge
 .text.__wrap___aeabi_dcmpgt
                0x10007454        0xa CMakeFiles/graphics_test.dir/C_/Users/16073/OneDrive/Documents/Pico-v1.5.0/pico-sdk/src/rp2_common/pico_double/double_aeabi.S.obj
                0x10007454                __wrap___aeabi_dcmpgt
 .text.__wrap___aeabi_dcmpun
                0x1000745e       0x1c CMakeFiles/graphics_test.dir/C_/Users/16073/OneDrive/Documents/Pico-v1.5.0/pico-sdk/src/rp2_common/pico_double/double_aeabi.S.obj
                0x1000745e                __wrap___aeabi_dcmpun
 *fill*         0x1000747a        0x2 
 .text.__wrap___aeabi_i2d
                0x1000747c       0x38 CMakeFiles/graphics_test.dir/C_/Users/16073/OneDrive/Documents/Pico-v1.5.0/pico-sdk/src/rp2_common/pico_double/double_aeabi.S.obj
                0x1000747c                __wrap___aeabi_ui2d
                0x10007484                __wrap___aeabi_i2d
 .text.__wrap___aeabi_d2iz
                0x100074b4       0x48 CMakeFiles/graphics_test.dir/C_/Users/16073/OneDrive/Documents/Pico-v1.5.0/pico-sdk/src/rp2_common/pico_double/double_aeabi.S.obj
                0x100074b4                double2int_z
                0x100074b4                __wrap___aeabi_d2iz
 .text.__wrap___aeabi_d2uiz
                0x100074fc       0x18 CMakeFiles/graphics_test.dir/C_/Users/16073/OneDrive/Documents/Pico-v1.5.0/pico-sdk/src/rp2_common/pico_double/double_aeabi.S.obj
                0x100074fc                __wrap___aeabi_d2uiz
                0x100074fc                double2uint
 .text.fix642double
                0x10007514       0x18 CMakeFiles/graphics_test.dir/C_/Users/16073/OneDrive/Documents/Pico-v1.5.0/pico-sdk/src/rp2_common/pico_double/double_aeabi.S.obj
                0x10007514                fix642double
 .text.__wrap___aeabi_l2d
                0x1000752c       0x18 CMakeFiles/graphics_test.dir/C_/Users/16073/OneDrive/Documents/Pico-v1.5.0/pico-sdk/src/rp2_common/pico_double/double_aeabi.S.obj
                0x1000752c                __wrap___aeabi_l2d
 .text.__wrap___aeabi_d2lz
                0x10007544       0x26 CMakeFiles/graphics_test.dir/C_/Users/16073/OneDrive/Documents/Pico-v1.5.0/pico-sdk/src/rp2_common/pico_double/double_aeabi.S.obj
                0x10007544                double2int64_z
                0x10007544                __wrap___aeabi_d2lz
 *fill*         0x1000756a        0x2 
 .text.double2int64
                0x1000756c       0x18 CMakeFiles/graphics_test.dir/C_/Users/16073/OneDrive/Documents/Pico-v1.5.0/pico-sdk/src/rp2_common/pico_double/double_aeabi.S.obj
                0x1000756c                double2int64
 .text.double2ufix64
                0x10007584       0x18 CMakeFiles/graphics_test.dir/C_/Users/16073/OneDrive/Documents/Pico-v1.5.0/pico-sdk/src/rp2_common/pico_double/double_aeabi.S.obj
                0x10007584                double2ufix64
 .text.__wrap___aeabi_d2f
                0x1000759c       0x18 CMakeFiles/graphics_test.dir/C_/Users/16073/OneDrive/Documents/Pico-v1.5.0/pico-sdk/src/rp2_common/pico_double/double_aeabi.S.obj
                0x1000759c                __wrap___aeabi_d2f
 .text.__wrap_srqt
                0x100075b4       0x18 CMakeFiles/graphics_test.dir/C_/Users/16073/OneDrive/Documents/Pico-v1.5.0/pico-sdk/src/rp2_common/pico_double/double_aeabi.S.obj
                0x100075b4                __wrap_sqrt
 .text.__wrap_sincostan_remainder
                0x100075cc       0x14 CMakeFiles/graphics_test.dir/C_/Users/16073/OneDrive/Documents/Pico-v1.5.0/pico-sdk/src/rp2_common/pico_double/double_aeabi.S.obj
                0x100075cc                sincostan_remainder
 .text.__wrap_cos
                0x100075e0       0x2c CMakeFiles/graphics_test.dir/C_/Users/16073/OneDrive/Documents/Pico-v1.5.0/pico-sdk/src/rp2_common/pico_double/double_aeabi.S.obj
                0x100075e0                __wrap_cos
 .text.__wrap_sin
                0x1000760c       0x2c CMakeFiles/graphics_test.dir/C_/Users/16073/OneDrive/Documents/Pico-v1.5.0/pico-sdk/src/rp2_common/pico_double/double_aeabi.S.obj
                0x1000760c                __wrap_sin
 .text.__aeabi_double_init
                0x10007638       0xc8 CMakeFiles/graphics_test.dir/C_/Users/16073/OneDrive/Documents/Pico-v1.5.0/pico-sdk/src/rp2_common/pico_double/double_init_rom.c.obj
                0x10007638                __aeabi_double_init
 .text.drem_0   0x10007700      0x130 CMakeFiles/graphics_test.dir/C_/Users/16073/OneDrive/Documents/Pico-v1.5.0/pico-sdk/src/rp2_common/pico_double/double_math.c.obj
 .text.__wrap_remquo
                0x10007830      0x17c CMakeFiles/graphics_test.dir/C_/Users/16073/OneDrive/Documents/Pico-v1.5.0/pico-sdk/src/rp2_common/pico_double/double_math.c.obj
                0x10007830                __wrap_remquo
 .text.__wrap_remainder
                0x100079ac       0x10 CMakeFiles/graphics_test.dir/C_/Users/16073/OneDrive/Documents/Pico-v1.5.0/pico-sdk/src/rp2_common/pico_double/double_math.c.obj
                0x100079ac                __wrap_remainder
 .text.double_table_shim_on_use_helper
                0x100079bc       0x34 CMakeFiles/graphics_test.dir/C_/Users/16073/OneDrive/Documents/Pico-v1.5.0/pico-sdk/src/rp2_common/pico_double/double_v1_rom_shim.S.obj
                0x100079bc                double_table_shim_on_use_helper
 .text.__wrap___aeabi_dsub
                0x100079f0       0x10 CMakeFiles/graphics_test.dir/C_/Users/16073/OneDrive/Documents/Pico-v1.5.0/pico-sdk/src/rp2_common/pico_double/double_v1_rom_shim.S.obj
                0x100079f0                drsub_shim
                0x100079f6                dsub_shim
 .text.dadd_shim
                0x10007a00      0x15c CMakeFiles/graphics_test.dir/C_/Users/16073/OneDrive/Documents/Pico-v1.5.0/pico-sdk/src/rp2_common/pico_double/double_v1_rom_shim.S.obj
                0x10007a00                dadd_shim
 .text.dmul_shim
                0x10007b5c      0x15c CMakeFiles/graphics_test.dir/C_/Users/16073/OneDrive/Documents/Pico-v1.5.0/pico-sdk/src/rp2_common/pico_double/double_v1_rom_shim.S.obj
                0x10007b5c                dmul_shim
 .text.ddiv_shim
                0x10007cb8      0x1b0 CMakeFiles/graphics_test.dir/C_/Users/16073/OneDrive/Documents/Pico-v1.5.0/pico-sdk/src/rp2_common/pico_double/double_v1_rom_shim.S.obj
                0x10007cb8                ddiv_shim
 .text.dsqrt_shim
                0x10007e68      0x1a8 CMakeFiles/graphics_test.dir/C_/Users/16073/OneDrive/Documents/Pico-v1.5.0/pico-sdk/src/rp2_common/pico_double/double_v1_rom_shim.S.obj
                0x10007e84                dsqrt_shim
 .text.dcordic_vec_step
                0x10008010        0xe CMakeFiles/graphics_test.dir/C_/Users/16073/OneDrive/Documents/Pico-v1.5.0/pico-sdk/src/rp2_common/pico_double/double_v1_rom_shim.S.obj
                0x10008010                dcordic_vec_step
 .text.dcordic_rot_step
                0x1000801e       0x76 CMakeFiles/graphics_test.dir/C_/Users/16073/OneDrive/Documents/Pico-v1.5.0/pico-sdk/src/rp2_common/pico_double/double_v1_rom_shim.S.obj
                0x1000801e                dcordic_rot_step
 .text.double2uint_shim
                0x10008094        0xe CMakeFiles/graphics_test.dir/C_/Users/16073/OneDrive/Documents/Pico-v1.5.0/pico-sdk/src/rp2_common/pico_double/double_v1_rom_shim.S.obj
                0x10008094                double2uint_shim
                0x10008096                double2ufix_shim
 .text.double2int64_shim
                0x100080a2       0x1a CMakeFiles/graphics_test.dir/C_/Users/16073/OneDrive/Documents/Pico-v1.5.0/pico-sdk/src/rp2_common/pico_double/double_v1_rom_shim.S.obj
                0x100080a2                double2int64_shim
                0x100080a4                double2fix64_shim
 .text.double2uint64_shim
                0x100080bc       0x70 CMakeFiles/graphics_test.dir/C_/Users/16073/OneDrive/Documents/Pico-v1.5.0/pico-sdk/src/rp2_common/pico_double/double_v1_rom_shim.S.obj
                0x100080bc                double2uint64_shim
                0x100080be                double2ufix64_shim
                0x100080de                d2fix_a
 .text.double2float_shim
                0x1000812c       0x5c CMakeFiles/graphics_test.dir/C_/Users/16073/OneDrive/Documents/Pico-v1.5.0/pico-sdk/src/rp2_common/pico_double/double_v1_rom_shim.S.obj
                0x1000812c                double2float_shim
 .text.x2double_shims
                0x10008188       0x90 CMakeFiles/graphics_test.dir/C_/Users/16073/OneDrive/Documents/Pico-v1.5.0/pico-sdk/src/rp2_common/pico_double/double_v1_rom_shim.S.obj
                0x10008188                uint2double_shim
                0x1000818a                ufix2double_shim
                0x10008190                int2double_shim
                0x10008192                fix2double_shim
                0x10008198                uint642double_shim
                0x1000819a                ufix642double_shim
                0x100081a0                int642double_shim
                0x100081a2                fix642double_shim
 .text.dunpacks
                0x10008218       0x3c CMakeFiles/graphics_test.dir/C_/Users/16073/OneDrive/Documents/Pico-v1.5.0/pico-sdk/src/rp2_common/pico_double/double_v1_rom_shim.S.obj
                0x10008218                dunpacks
 .text.dreduce  0x10008254       0x82 CMakeFiles/graphics_test.dir/C_/Users/16073/OneDrive/Documents/Pico-v1.5.0/pico-sdk/src/rp2_common/pico_double/double_v1_rom_shim.S.obj
                0x10008254                dreduce
 .text.dcos_shim
                0x100082d6       0x10 CMakeFiles/graphics_test.dir/C_/Users/16073/OneDrive/Documents/Pico-v1.5.0/pico-sdk/src/rp2_common/pico_double/double_v1_rom_shim.S.obj
                0x100082d6                dcos_shim
 .text.dsin_shim
                0x100082e6       0x14 CMakeFiles/graphics_test.dir/C_/Users/16073/OneDrive/Documents/Pico-v1.5.0/pico-sdk/src/rp2_common/pico_double/double_v1_rom_shim.S.obj
                0x100082e6                dsin_shim
 *fill*         0x100082fa        0x2 
 .text.dtrig_guts
                0x100082fc      0x2ec CMakeFiles/graphics_test.dir/C_/Users/16073/OneDrive/Documents/Pico-v1.5.0/pico-sdk/src/rp2_common/pico_double/double_v1_rom_shim.S.obj
                0x100083d4                datan2_shim
 .text.__aeabi_lmul
                0x100085e8       0x32 CMakeFiles/graphics_test.dir/C_/Users/16073/OneDrive/Documents/Pico-v1.5.0/pico-sdk/src/rp2_common/pico_int64_ops/pico_int64_ops_aeabi.S.obj
                0x100085e8                __wrap___aeabi_lmul
 *fill*         0x1000861a        0x2 
 .text.__wrap___aeabi_farithmetic
                0x1000861c       0x58 CMakeFiles/graphics_test.dir/C_/Users/16073/OneDrive/Documents/Pico-v1.5.0/pico-sdk/src/rp2_common/pico_float/float_aeabi.S.obj
                0x1000861c                __wrap___aeabi_frsub
                0x10008622                __wrap___aeabi_fsub
                0x1000862c                __wrap___aeabi_fadd
                0x10008636                __wrap___aeabi_fdiv
                0x10008662                __wrap___aeabi_fmul
 .text.__wrap___aeabi_cfcmple
                0x10008674       0x50 CMakeFiles/graphics_test.dir/C_/Users/16073/OneDrive/Documents/Pico-v1.5.0/pico-sdk/src/rp2_common/pico_float/float_aeabi.S.obj
                0x10008674                __wrap___aeabi_cfrcmple
                0x10008680                __wrap___aeabi_cfcmple
                0x10008680                __wrap___aeabi_cfcmpeq
 .text.__wrap___aeabi_fcmplt
                0x100086c4        0xc CMakeFiles/graphics_test.dir/C_/Users/16073/OneDrive/Documents/Pico-v1.5.0/pico-sdk/src/rp2_common/pico_float/float_aeabi.S.obj
                0x100086c4                __wrap___aeabi_fcmplt
 .text.__wrap___aeabi_fcmpgt
                0x100086d0        0xa CMakeFiles/graphics_test.dir/C_/Users/16073/OneDrive/Documents/Pico-v1.5.0/pico-sdk/src/rp2_common/pico_float/float_aeabi.S.obj
                0x100086d0                __wrap___aeabi_fcmpgt
 *fill*         0x100086da        0x2 
 .text.__wrap___aeabi_i2f
                0x100086dc       0x44 CMakeFiles/graphics_test.dir/C_/Users/16073/OneDrive/Documents/Pico-v1.5.0/pico-sdk/src/rp2_common/pico_float/float_aeabi.S.obj
                0x100086dc                __wrap___aeabi_i2f
 .text.__wrap___aeabi_f2d
                0x10008720       0x14 CMakeFiles/graphics_test.dir/C_/Users/16073/OneDrive/Documents/Pico-v1.5.0/pico-sdk/src/rp2_common/pico_float/float_aeabi.S.obj
                0x10008720                __wrap___aeabi_f2d
 .text.__aeabi_float_init
                0x10008734       0xfc CMakeFiles/graphics_test.dir/C_/Users/16073/OneDrive/Documents/Pico-v1.5.0/pico-sdk/src/rp2_common/pico_float/float_init_rom.c.obj
                0x10008734                __aeabi_float_init
 .text.float_table_shim_on_use_helper
                0x10008830       0x34 CMakeFiles/graphics_test.dir/C_/Users/16073/OneDrive/Documents/Pico-v1.5.0/pico-sdk/src/rp2_common/pico_float/float_v1_rom_shim.S.obj
                0x10008830                float_table_shim_on_use_helper
 .text.float2double_shim
                0x10008864       0x30 CMakeFiles/graphics_test.dir/C_/Users/16073/OneDrive/Documents/Pico-v1.5.0/pico-sdk/src/rp2_common/pico_float/float_v1_rom_shim.S.obj
                0x10008864                float2double_shim
 .text.__wrap_malloc
                0x10008894       0x3c CMakeFiles/graphics_test.dir/C_/Users/16073/OneDrive/Documents/Pico-v1.5.0/pico-sdk/src/rp2_common/pico_malloc/pico_malloc.c.obj
                0x10008894                __wrap_malloc
 .text.__wrap_realloc
                0x100088d0       0x40 CMakeFiles/graphics_test.dir/C_/Users/16073/OneDrive/Documents/Pico-v1.5.0/pico-sdk/src/rp2_common/pico_malloc/pico_malloc.c.obj
                0x100088d0                __wrap_realloc
 .text.__wrap_free
                0x10008910       0x20 CMakeFiles/graphics_test.dir/C_/Users/16073/OneDrive/Documents/Pico-v1.5.0/pico-sdk/src/rp2_common/pico_malloc/pico_malloc.c.obj
                0x10008910                __wrap_free
 .text          0x10008930       0x10 CMakeFiles/graphics_test.dir/C_/Users/16073/OneDrive/Documents/Pico-v1.5.0/pico-sdk/src/rp2_common/pico_mem_ops/mem_ops_aeabi.S.obj
                0x10008930                __aeabi_mem_init
 .text.memset   0x10008940        0xc CMakeFiles/graphics_test.dir/C_/Users/16073/OneDrive/Documents/Pico-v1.5.0/pico-sdk/src/rp2_common/pico_mem_ops/mem_ops_aeabi.S.obj
                0x10008940                __wrap_memset
 .text.memcpy   0x1000894c        0xc CMakeFiles/graphics_test.dir/C_/Users/16073/OneDrive/Documents/Pico-v1.5.0/pico-sdk/src/rp2_common/pico_mem_ops/mem_ops_aeabi.S.obj
                0x1000894c                __wrap_memcpy
                0x1000894c                __wrap___aeabi_memcpy
 .text.stdio_out_chars_no_crlf
                0x10008958        0xe CMakeFiles/graphics_test.dir/C_/Users/16073/OneDrive/Documents/Pico-v1.5.0/pico-sdk/src/rp2_common/pico_stdio/stdio.c.obj
 *fill*         0x10008966        0x2 
 .text.stdio_out_chars_crlf
                0x10008968       0x80 CMakeFiles/graphics_test.dir/C_/Users/16073/OneDrive/Documents/Pico-v1.5.0/pico-sdk/src/rp2_common/pico_stdio/stdio.c.obj
 .text.stdio_stack_buffer_flush
                0x100089e8       0x44 CMakeFiles/graphics_test.dir/C_/Users/16073/OneDrive/Documents/Pico-v1.5.0/pico-sdk/src/rp2_common/pico_stdio/stdio.c.obj
 .text.stdio_buffered_printer
                0x10008a2c       0x20 CMakeFiles/graphics_test.dir/C_/Users/16073/OneDrive/Documents/Pico-v1.5.0/pico-sdk/src/rp2_common/pico_stdio/stdio.c.obj
 .text.stdout_serialize_begin
                0x10008a4c       0x5c CMakeFiles/graphics_test.dir/C_/Users/16073/OneDrive/Documents/Pico-v1.5.0/pico-sdk/src/rp2_common/pico_stdio/stdio.c.obj
                0x10008a4c                stdout_serialize_begin
 .text.stdout_serialize_end
                0x10008aa8       0x10 CMakeFiles/graphics_test.dir/C_/Users/16073/OneDrive/Documents/Pico-v1.5.0/pico-sdk/src/rp2_common/pico_stdio/stdio.c.obj
                0x10008aa8                stdout_serialize_end
 .text.stdio_put_string
                0x10008ab8       0x98 CMakeFiles/graphics_test.dir/C_/Users/16073/OneDrive/Documents/Pico-v1.5.0/pico-sdk/src/rp2_common/pico_stdio/stdio.c.obj
 .text.stdio_set_driver_enabled
                0x10008b50       0x2c CMakeFiles/graphics_test.dir/C_/Users/16073/OneDrive/Documents/Pico-v1.5.0/pico-sdk/src/rp2_common/pico_stdio/stdio.c.obj
                0x10008b50                stdio_set_driver_enabled
 .text.stdio_flush
                0x10008b7c       0x20 CMakeFiles/graphics_test.dir/C_/Users/16073/OneDrive/Documents/Pico-v1.5.0/pico-sdk/src/rp2_common/pico_stdio/stdio.c.obj
                0x10008b7c                stdio_flush
 .text.__wrap_puts
                0x10008b9c       0x1e CMakeFiles/graphics_test.dir/C_/Users/16073/OneDrive/Documents/Pico-v1.5.0/pico-sdk/src/rp2_common/pico_stdio/stdio.c.obj
                0x10008b9c                __wrap_puts
 *fill*         0x10008bba        0x2 
 .text.__wrap_vprintf
                0x10008bbc       0x40 CMakeFiles/graphics_test.dir/C_/Users/16073/OneDrive/Documents/Pico-v1.5.0/pico-sdk/src/rp2_common/pico_stdio/stdio.c.obj
                0x10008bbc                __wrap_vprintf
 .text.__wrap_printf
                0x10008bfc       0x18 CMakeFiles/graphics_test.dir/C_/Users/16073/OneDrive/Documents/Pico-v1.5.0/pico-sdk/src/rp2_common/pico_stdio/stdio.c.obj
                0x10008bfc                __wrap_printf
 .text.stdio_init_all
                0x10008c14        0xa CMakeFiles/graphics_test.dir/C_/Users/16073/OneDrive/Documents/Pico-v1.5.0/pico-sdk/src/rp2_common/pico_stdio/stdio.c.obj
                0x10008c14                stdio_init_all
 *fill*         0x10008c1e        0x2 
 .text.stdio_uart_out_chars
                0x10008c20       0x74 CMakeFiles/graphics_test.dir/C_/Users/16073/OneDrive/Documents/Pico-v1.5.0/pico-sdk/src/rp2_common/pico_stdio_uart/stdio_uart.c.obj
 .text.stdio_uart_in_chars
                0x10008c94       0x80 CMakeFiles/graphics_test.dir/C_/Users/16073/OneDrive/Documents/Pico-v1.5.0/pico-sdk/src/rp2_common/pico_stdio_uart/stdio_uart.c.obj
                0x10008c94                stdio_uart_in_chars
 .text.on_uart_rx
                0x10008d14       0x28 CMakeFiles/graphics_test.dir/C_/Users/16073/OneDrive/Documents/Pico-v1.5.0/pico-sdk/src/rp2_common/pico_stdio_uart/stdio_uart.c.obj
 .text.stdio_uart_set_chars_available_callback
                0x10008d3c       0x8c CMakeFiles/graphics_test.dir/C_/Users/16073/OneDrive/Documents/Pico-v1.5.0/pico-sdk/src/rp2_common/pico_stdio_uart/stdio_uart.c.obj
 .text.stdio_uart_init_full
                0x10008dc8       0x44 CMakeFiles/graphics_test.dir/C_/Users/16073/OneDrive/Documents/Pico-v1.5.0/pico-sdk/src/rp2_common/pico_stdio_uart/stdio_uart.c.obj
                0x10008dc8                stdio_uart_init_full
 .text.stdio_uart_init
                0x10008e0c       0x28 CMakeFiles/graphics_test.dir/C_/Users/16073/OneDrive/Documents/Pico-v1.5.0/pico-sdk/src/rp2_common/pico_stdio_uart/stdio_uart.c.obj
                0x10008e0c                stdio_uart_init
 .text.boot_double_tap_check
                0x10008e34       0x64 CMakeFiles/graphics_test.dir/C_/Users/16073/OneDrive/Documents/Pico-v1.5.0/pico-sdk/src/rp2_common/pico_bootsel_via_double_reset/pico_bootsel_via_double_reset.c.obj
 .text._pio_can_add_program_at_offset
                0x10008e98       0x3c CMakeFiles/graphics_test.dir/C_/Users/16073/OneDrive/Documents/Pico-v1.5.0/pico-sdk/src/rp2_common/hardware_pio/pio.c.obj
 .text._pio_find_offset_for_program
                0x10008ed4       0x7c CMakeFiles/graphics_test.dir/C_/Users/16073/OneDrive/Documents/Pico-v1.5.0/pico-sdk/src/rp2_common/hardware_pio/pio.c.obj
 .text._pio_add_program_at_offset
                0x10008f50       0x78 CMakeFiles/graphics_test.dir/C_/Users/16073/OneDrive/Documents/Pico-v1.5.0/pico-sdk/src/rp2_common/hardware_pio/pio.c.obj
 .text.pio_add_program
                0x10008fc8       0x38 CMakeFiles/graphics_test.dir/C_/Users/16073/OneDrive/Documents/Pico-v1.5.0/pico-sdk/src/rp2_common/hardware_pio/pio.c.obj
                0x10008fc8                pio_add_program
 .text.pio_sm_set_consecutive_pindirs
                0x10009000       0xa4 CMakeFiles/graphics_test.dir/C_/Users/16073/OneDrive/Documents/Pico-v1.5.0/pico-sdk/src/rp2_common/hardware_pio/pio.c.obj
                0x10009000                pio_sm_set_consecutive_pindirs
 .text.pio_sm_init
                0x100090a4       0xe4 CMakeFiles/graphics_test.dir/C_/Users/16073/OneDrive/Documents/Pico-v1.5.0/pico-sdk/src/rp2_common/hardware_pio/pio.c.obj
                0x100090a4                pio_sm_init
 .text.dma_claim_unused_channel
                0x10009188       0x20 CMakeFiles/graphics_test.dir/C_/Users/16073/OneDrive/Documents/Pico-v1.5.0/pico-sdk/src/rp2_common/hardware_dma/dma.c.obj
                0x10009188                dma_claim_unused_channel
 .text.core1_trampoline
                0x100091a8        0x2 CMakeFiles/graphics_test.dir/C_/Users/16073/OneDrive/Documents/Pico-v1.5.0/pico-sdk/src/rp2_common/pico_multicore/multicore.c.obj
 .text.core1_wrapper
                0x100091aa        0xc CMakeFiles/graphics_test.dir/C_/Users/16073/OneDrive/Documents/Pico-v1.5.0/pico-sdk/src/rp2_common/pico_multicore/multicore.c.obj
                0x100091aa                core1_wrapper
 .text.multicore_fifo_push_blocking
                0x100091b6       0x14 CMakeFiles/graphics_test.dir/C_/Users/16073/OneDrive/Documents/Pico-v1.5.0/pico-sdk/src/rp2_common/pico_multicore/multicore.c.obj
                0x100091b6                multicore_fifo_push_blocking
 .text.multicore_fifo_pop_blocking
                0x100091ca       0x16 CMakeFiles/graphics_test.dir/C_/Users/16073/OneDrive/Documents/Pico-v1.5.0/pico-sdk/src/rp2_common/pico_multicore/multicore.c.obj
                0x100091ca                multicore_fifo_pop_blocking
 .text.multicore_reset_core1
                0x100091e0       0x28 CMakeFiles/graphics_test.dir/C_/Users/16073/OneDrive/Documents/Pico-v1.5.0/pico-sdk/src/rp2_common/pico_multicore/multicore.c.obj
                0x100091e0                multicore_reset_core1
 .text.multicore_launch_core1_raw
                0x10009208       0x6e CMakeFiles/graphics_test.dir/C_/Users/16073/OneDrive/Documents/Pico-v1.5.0/pico-sdk/src/rp2_common/pico_multicore/multicore.c.obj
                0x10009208                multicore_launch_core1_raw
 *fill*         0x10009276        0x2 
 .text.multicore_launch_core1_with_stack
                0x10009278       0x50 CMakeFiles/graphics_test.dir/C_/Users/16073/OneDrive/Documents/Pico-v1.5.0/pico-sdk/src/rp2_common/pico_multicore/multicore.c.obj
                0x10009278                multicore_launch_core1_with_stack
 .text.multicore_launch_core1
                0x100092c8       0x24 CMakeFiles/graphics_test.dir/C_/Users/16073/OneDrive/Documents/Pico-v1.5.0/pico-sdk/src/rp2_common/pico_multicore/multicore.c.obj
                0x100092c8                multicore_launch_core1
 .text._calloc_r
                0x100092ec       0x9c c:/progra~1/raspbe~1/picosd~1.0/gcc-ar~1/bin/../lib/gcc/arm-none-eabi/10.3.1/../../../../arm-none-eabi/lib/thumb/v6-m/nofp\libg.a(lib_a-callocr.o)
                0x100092ec                _calloc_r
 .text.__errno  0x10009388        0xc c:/progra~1/raspbe~1/picosd~1.0/gcc-ar~1/bin/../lib/gcc/arm-none-eabi/10.3.1/../../../../arm-none-eabi/lib/thumb/v6-m/nofp\libg.a(lib_a-errno.o)
                0x10009388                __errno
 .text.malloc   0x10009394       0x14 c:/progra~1/raspbe~1/picosd~1.0/gcc-ar~1/bin/../lib/gcc/arm-none-eabi/10.3.1/../../../../arm-none-eabi/lib/thumb/v6-m/nofp\libg.a(lib_a-malloc.o)
                0x10009394                malloc
 .text.free     0x100093a8       0x14 c:/progra~1/raspbe~1/picosd~1.0/gcc-ar~1/bin/../lib/gcc/arm-none-eabi/10.3.1/../../../../arm-none-eabi/lib/thumb/v6-m/nofp\libg.a(lib_a-malloc.o)
                0x100093a8                free
 .text._malloc_r
                0x100093bc      0x584 c:/progra~1/raspbe~1/picosd~1.0/gcc-ar~1/bin/../lib/gcc/arm-none-eabi/10.3.1/../../../../arm-none-eabi/lib/thumb/v6-m/nofp\libg.a(lib_a-mallocr.o)
                0x100093bc                _malloc_r
 .text.__malloc_lock
                0x10009940       0x10 c:/progra~1/raspbe~1/picosd~1.0/gcc-ar~1/bin/../lib/gcc/arm-none-eabi/10.3.1/../../../../arm-none-eabi/lib/thumb/v6-m/nofp\libg.a(lib_a-mlock.o)
                0x10009940                __malloc_lock
 .text.__malloc_unlock
                0x10009950       0x10 c:/progra~1/raspbe~1/picosd~1.0/gcc-ar~1/bin/../lib/gcc/arm-none-eabi/10.3.1/../../../../arm-none-eabi/lib/thumb/v6-m/nofp\libg.a(lib_a-mlock.o)
                0x10009950                __malloc_unlock
 .text.realloc  0x10009960       0x18 c:/progra~1/raspbe~1/picosd~1.0/gcc-ar~1/bin/../lib/gcc/arm-none-eabi/10.3.1/../../../../arm-none-eabi/lib/thumb/v6-m/nofp\libg.a(lib_a-realloc.o)
                0x10009960                realloc
 .text._realloc_r
                0x10009978      0x354 c:/progra~1/raspbe~1/picosd~1.0/gcc-ar~1/bin/../lib/gcc/arm-none-eabi/10.3.1/../../../../arm-none-eabi/lib/thumb/v6-m/nofp\libg.a(lib_a-reallocr.o)
                0x10009978                _realloc_r
 .text._sbrk_r  0x10009ccc       0x24 c:/progra~1/raspbe~1/picosd~1.0/gcc-ar~1/bin/../lib/gcc/arm-none-eabi/10.3.1/../../../../arm-none-eabi/lib/thumb/v6-m/nofp\libg.a(lib_a-sbrkr.o)
                0x10009ccc                _sbrk_r
 .text.sscanf   0x10009cf0       0x50 c:/progra~1/raspbe~1/picosd~1.0/gcc-ar~1/bin/../lib/gcc/arm-none-eabi/10.3.1/../../../../arm-none-eabi/lib/thumb/v6-m/nofp\libg.a(lib_a-sscanf.o)
                0x10009cf0                sscanf
 .text.__seofread
                0x10009d40        0x4 c:/progra~1/raspbe~1/picosd~1.0/gcc-ar~1/bin/../lib/gcc/arm-none-eabi/10.3.1/../../../../arm-none-eabi/lib/thumb/v6-m/nofp\libg.a(lib_a-stdio.o)
                0x10009d40                __seofread
 .text.strlen   0x10009d44       0x5c c:/progra~1/raspbe~1/picosd~1.0/gcc-ar~1/bin/../lib/gcc/arm-none-eabi/10.3.1/../../../../arm-none-eabi/lib/thumb/v6-m/nofp\libg.a(lib_a-strlen-stub.o)
                0x10009d44                strlen
 .text.__ssvfscanf_r
                0x10009da0     0x17a0 c:/progra~1/raspbe~1/picosd~1.0/gcc-ar~1/bin/../lib/gcc/arm-none-eabi/10.3.1/../../../../arm-none-eabi/lib/thumb/v6-m/nofp\libg.a(lib_a-svfscanf.o)
                0x10009da0                __ssvfscanf_r
 .text._malloc_trim_r
                0x1000b540       0x9c c:/progra~1/raspbe~1/picosd~1.0/gcc-ar~1/bin/../lib/gcc/arm-none-eabi/10.3.1/../../../../arm-none-eabi/lib/thumb/v6-m/nofp\libg.a(lib_a-freer.o)
                0x1000b540                _malloc_trim_r
 .text._free_r  0x1000b5dc      0x1c4 c:/progra~1/raspbe~1/picosd~1.0/gcc-ar~1/bin/../lib/gcc/arm-none-eabi/10.3.1/../../../../arm-none-eabi/lib/thumb/v6-m/nofp\libg.a(lib_a-freer.o)
                0x1000b5dc                _free_r
 .text.iswspace
                0x1000b7a0        0xc c:/progra~1/raspbe~1/picosd~1.0/gcc-ar~1/bin/../lib/gcc/arm-none-eabi/10.3.1/../../../../arm-none-eabi/lib/thumb/v6-m/nofp\libg.a(lib_a-iswspace.o)
                0x1000b7a0                iswspace
 .text.iswspace_l
                0x1000b7ac       0x18 c:/progra~1/raspbe~1/picosd~1.0/gcc-ar~1/bin/../lib/gcc/arm-none-eabi/10.3.1/../../../../arm-none-eabi/lib/thumb/v6-m/nofp\libg.a(lib_a-iswspace_l.o)
                0x1000b7ac                iswspace_l
 .text.__locale_mb_cur_max
                0x1000b7c4       0x10 c:/progra~1/raspbe~1/picosd~1.0/gcc-ar~1/bin/../lib/gcc/arm-none-eabi/10.3.1/../../../../arm-none-eabi/lib/thumb/v6-m/nofp\libg.a(lib_a-locale.o)
                0x1000b7c4                __locale_mb_cur_max
 .text._localeconv_r
                0x1000b7d4        0x8 c:/progra~1/raspbe~1/picosd~1.0/gcc-ar~1/bin/../lib/gcc/arm-none-eabi/10.3.1/../../../../arm-none-eabi/lib/thumb/v6-m/nofp\libg.a(lib_a-localeconv.o)
                0x1000b7d4                _localeconv_r
 .text.__retarget_lock_acquire_recursive
                0x1000b7dc        0x4 c:/progra~1/raspbe~1/picosd~1.0/gcc-ar~1/bin/../lib/gcc/arm-none-eabi/10.3.1/../../../../arm-none-eabi/lib/thumb/v6-m/nofp\libg.a(lib_a-lock.o)
                0x1000b7dc                __retarget_lock_acquire_recursive
 .text.__retarget_lock_release_recursive
                0x1000b7e0        0x4 c:/progra~1/raspbe~1/picosd~1.0/gcc-ar~1/bin/../lib/gcc/arm-none-eabi/10.3.1/../../../../arm-none-eabi/lib/thumb/v6-m/nofp\libg.a(lib_a-lock.o)
                0x1000b7e0                __retarget_lock_release_recursive
 .text._mbrtowc_r
                0x1000b7e4       0x4c c:/progra~1/raspbe~1/picosd~1.0/gcc-ar~1/bin/../lib/gcc/arm-none-eabi/10.3.1/../../../../arm-none-eabi/lib/thumb/v6-m/nofp\libg.a(lib_a-mbrtowc.o)
                0x1000b7e4                _mbrtowc_r
 .text.__ascii_mbtowc
                0x1000b830       0x2c c:/progra~1/raspbe~1/picosd~1.0/gcc-ar~1/bin/../lib/gcc/arm-none-eabi/10.3.1/../../../../arm-none-eabi/lib/thumb/v6-m/nofp\libg.a(lib_a-mbtowc_r.o)
                0x1000b830                __ascii_mbtowc
 .text.memmove  0x1000b85c       0xac c:/progra~1/raspbe~1/picosd~1.0/gcc-ar~1/bin/../lib/gcc/arm-none-eabi/10.3.1/../../../../arm-none-eabi/lib/thumb/v6-m/nofp\libg.a(lib_a-memmove.o)
                0x1000b85c                memmove
 .text.__sccl   0x1000b908       0x80 c:/progra~1/raspbe~1/picosd~1.0/gcc-ar~1/bin/../lib/gcc/arm-none-eabi/10.3.1/../../../../arm-none-eabi/lib/thumb/v6-m/nofp\libg.a(lib_a-sccl.o)
                0x1000b908                __sccl
 .text.nanf     0x1000b988        0x8 c:/progra~1/raspbe~1/picosd~1.0/gcc-ar~1/bin/../lib/gcc/arm-none-eabi/10.3.1/../../../../arm-none-eabi/lib/thumb/v6-m/nofp\libg.a(lib_a-sf_nan.o)
                0x1000b988                nanf
 .text._strtod_l
                0x1000b990      0xf78 c:/progra~1/raspbe~1/picosd~1.0/gcc-ar~1/bin/../lib/gcc/arm-none-eabi/10.3.1/../../../../arm-none-eabi/lib/thumb/v6-m/nofp\libg.a(lib_a-strtod.o)
                0x1000b990                _strtod_l
 .text._strtod_r
                0x1000c908       0x10 c:/progra~1/raspbe~1/picosd~1.0/gcc-ar~1/bin/../lib/gcc/arm-none-eabi/10.3.1/../../../../arm-none-eabi/lib/thumb/v6-m/nofp\libg.a(lib_a-strtod.o)
                0x1000c908                _strtod_r
 .text._strtol_l.part.0
                0x1000c918      0x144 c:/progra~1/raspbe~1/picosd~1.0/gcc-ar~1/bin/../lib/gcc/arm-none-eabi/10.3.1/../../../../arm-none-eabi/lib/thumb/v6-m/nofp\libg.a(lib_a-strtol.o)
 .text._strtol_r
                0x1000ca5c       0x1c c:/progra~1/raspbe~1/picosd~1.0/gcc-ar~1/bin/../lib/gcc/arm-none-eabi/10.3.1/../../../../arm-none-eabi/lib/thumb/v6-m/nofp\libg.a(lib_a-strtol.o)
                0x1000ca5c                _strtol_r
 .text._strtoll_l.constprop.0
                0x1000ca78      0x198 c:/progra~1/raspbe~1/picosd~1.0/gcc-ar~1/bin/../lib/gcc/arm-none-eabi/10.3.1/../../../../arm-none-eabi/lib/thumb/v6-m/nofp\libg.a(lib_a-strtoll.o)
 .text._strtoll_r
                0x1000cc10        0x8 c:/progra~1/raspbe~1/picosd~1.0/gcc-ar~1/bin/../lib/gcc/arm-none-eabi/10.3.1/../../../../arm-none-eabi/lib/thumb/v6-m/nofp\libg.a(lib_a-strtoll.o)
                0x1000cc10                _strtoll_r
 .text._strtoul_l.constprop.0
                0x1000cc18      0x148 c:/progra~1/raspbe~1/picosd~1.0/gcc-ar~1/bin/../lib/gcc/arm-none-eabi/10.3.1/../../../../arm-none-eabi/lib/thumb/v6-m/nofp\libg.a(lib_a-strtoul.o)
 .text._strtoul_r
                0x1000cd60        0x8 c:/progra~1/raspbe~1/picosd~1.0/gcc-ar~1/bin/../lib/gcc/arm-none-eabi/10.3.1/../../../../arm-none-eabi/lib/thumb/v6-m/nofp\libg.a(lib_a-strtoul.o)
                0x1000cd60                _strtoul_r
 .text._strtoull_l.constprop.0
                0x1000cd68      0x1bc c:/progra~1/raspbe~1/picosd~1.0/gcc-ar~1/bin/../lib/gcc/arm-none-eabi/10.3.1/../../../../arm-none-eabi/lib/thumb/v6-m/nofp\libg.a(lib_a-strtoull.o)
 .text._strtoull_r
                0x1000cf24        0x8 c:/progra~1/raspbe~1/picosd~1.0/gcc-ar~1/bin/../lib/gcc/arm-none-eabi/10.3.1/../../../../arm-none-eabi/lib/thumb/v6-m/nofp\libg.a(lib_a-strtoull.o)
                0x1000cf24                _strtoull_r
 .text._sungetc_r
                0x1000cf2c       0x84 c:/progra~1/raspbe~1/picosd~1.0/gcc-ar~1/bin/../lib/gcc/arm-none-eabi/10.3.1/../../../../arm-none-eabi/lib/thumb/v6-m/nofp\libg.a(lib_a-svfiscanf.o)
                0x1000cf2c                _sungetc_r
 .text.__ssrefill_r
                0x1000cfb0       0x40 c:/progra~1/raspbe~1/picosd~1.0/gcc-ar~1/bin/../lib/gcc/arm-none-eabi/10.3.1/../../../../arm-none-eabi/lib/thumb/v6-m/nofp\libg.a(lib_a-svfiscanf.o)
                0x1000cfb0                __ssrefill_r
 .text._sfread_r
                0x1000cff0       0xc4 c:/progra~1/raspbe~1/picosd~1.0/gcc-ar~1/bin/../lib/gcc/arm-none-eabi/10.3.1/../../../../arm-none-eabi/lib/thumb/v6-m/nofp\libg.a(lib_a-svfiscanf.o)
                0x1000cff0                _sfread_r
 .text.__submore
                0x1000d0b4       0x84 c:/progra~1/raspbe~1/picosd~1.0/gcc-ar~1/bin/../lib/gcc/arm-none-eabi/10.3.1/../../../../arm-none-eabi/lib/thumb/v6-m/nofp\libg.a(lib_a-ungetc.o)
                0x1000d0b4                __submore
 .text.__ascii_wctomb
                0x1000d138       0x1c c:/progra~1/raspbe~1/picosd~1.0/gcc-ar~1/bin/../lib/gcc/arm-none-eabi/10.3.1/../../../../arm-none-eabi/lib/thumb/v6-m/nofp\libg.a(lib_a-wctomb_r.o)
                0x1000d138                __ascii_wctomb
 .text.rshift   0x1000d154       0xa4 c:/progra~1/raspbe~1/picosd~1.0/gcc-ar~1/bin/../lib/gcc/arm-none-eabi/10.3.1/../../../../arm-none-eabi/lib/thumb/v6-m/nofp\libg.a(lib_a-gdtoa-gethex.o)
 .text.__gethex
                0x1000d1f8      0x5cc c:/progra~1/raspbe~1/picosd~1.0/gcc-ar~1/bin/../lib/gcc/arm-none-eabi/10.3.1/../../../../arm-none-eabi/lib/thumb/v6-m/nofp\libg.a(lib_a-gdtoa-gethex.o)
                0x1000d1f8                __gethex
 .text.__match  0x1000d7c4       0x2c c:/progra~1/raspbe~1/picosd~1.0/gcc-ar~1/bin/../lib/gcc/arm-none-eabi/10.3.1/../../../../arm-none-eabi/lib/thumb/v6-m/nofp\libg.a(lib_a-gdtoa-hexnan.o)
                0x1000d7c4                __match
 .text.__hexnan
                0x1000d7f0      0x1d0 c:/progra~1/raspbe~1/picosd~1.0/gcc-ar~1/bin/../lib/gcc/arm-none-eabi/10.3.1/../../../../arm-none-eabi/lib/thumb/v6-m/nofp\libg.a(lib_a-gdtoa-hexnan.o)
                0x1000d7f0                __hexnan
 .text._Balloc  0x1000d9c0       0x50 c:/progra~1/raspbe~1/picosd~1.0/gcc-ar~1/bin/../lib/gcc/arm-none-eabi/10.3.1/../../../../arm-none-eabi/lib/thumb/v6-m/nofp\libg.a(lib_a-mprec.o)
                0x1000d9c0                _Balloc
 .text._Bfree   0x1000da10       0x14 c:/progra~1/raspbe~1/picosd~1.0/gcc-ar~1/bin/../lib/gcc/arm-none-eabi/10.3.1/../../../../arm-none-eabi/lib/thumb/v6-m/nofp\libg.a(lib_a-mprec.o)
                0x1000da10                _Bfree
 .text.__multadd
                0x1000da24       0xa8 c:/progra~1/raspbe~1/picosd~1.0/gcc-ar~1/bin/../lib/gcc/arm-none-eabi/10.3.1/../../../../arm-none-eabi/lib/thumb/v6-m/nofp\libg.a(lib_a-mprec.o)
                0x1000da24                __multadd
 .text.__s2b    0x1000dacc       0xb0 c:/progra~1/raspbe~1/picosd~1.0/gcc-ar~1/bin/../lib/gcc/arm-none-eabi/10.3.1/../../../../arm-none-eabi/lib/thumb/v6-m/nofp\libg.a(lib_a-mprec.o)
                0x1000dacc                __s2b
 .text.__hi0bits
                0x1000db7c       0x38 c:/progra~1/raspbe~1/picosd~1.0/gcc-ar~1/bin/../lib/gcc/arm-none-eabi/10.3.1/../../../../arm-none-eabi/lib/thumb/v6-m/nofp\libg.a(lib_a-mprec.o)
                0x1000db7c                __hi0bits
 .text.__lo0bits
                0x1000dbb4       0x5c c:/progra~1/raspbe~1/picosd~1.0/gcc-ar~1/bin/../lib/gcc/arm-none-eabi/10.3.1/../../../../arm-none-eabi/lib/thumb/v6-m/nofp\libg.a(lib_a-mprec.o)
                0x1000dbb4                __lo0bits
 .text.__i2b    0x1000dc10       0x60 c:/progra~1/raspbe~1/picosd~1.0/gcc-ar~1/bin/../lib/gcc/arm-none-eabi/10.3.1/../../../../arm-none-eabi/lib/thumb/v6-m/nofp\libg.a(lib_a-mprec.o)
                0x1000dc10                __i2b
 .text.__multiply
                0x1000dc70      0x1a4 c:/progra~1/raspbe~1/picosd~1.0/gcc-ar~1/bin/../lib/gcc/arm-none-eabi/10.3.1/../../../../arm-none-eabi/lib/thumb/v6-m/nofp\libg.a(lib_a-mprec.o)
                0x1000dc70                __multiply
 .text.__pow5mult
                0x1000de14       0xd8 c:/progra~1/raspbe~1/picosd~1.0/gcc-ar~1/bin/../lib/gcc/arm-none-eabi/10.3.1/../../../../arm-none-eabi/lib/thumb/v6-m/nofp\libg.a(lib_a-mprec.o)
                0x1000de14                __pow5mult
 .text.__lshift
                0x1000deec       0xfc c:/progra~1/raspbe~1/picosd~1.0/gcc-ar~1/bin/../lib/gcc/arm-none-eabi/10.3.1/../../../../arm-none-eabi/lib/thumb/v6-m/nofp\libg.a(lib_a-mprec.o)
                0x1000deec                __lshift
 .text.__mcmp   0x1000dfe8       0x34 c:/progra~1/raspbe~1/picosd~1.0/gcc-ar~1/bin/../lib/gcc/arm-none-eabi/10.3.1/../../../../arm-none-eabi/lib/thumb/v6-m/nofp\libg.a(lib_a-mprec.o)
                0x1000dfe8                __mcmp
 .text.__mdiff  0x1000e01c      0x18c c:/progra~1/raspbe~1/picosd~1.0/gcc-ar~1/bin/../lib/gcc/arm-none-eabi/10.3.1/../../../../arm-none-eabi/lib/thumb/v6-m/nofp\libg.a(lib_a-mprec.o)
                0x1000e01c                __mdiff
 .text.__ulp    0x1000e1a8       0x48 c:/progra~1/raspbe~1/picosd~1.0/gcc-ar~1/bin/../lib/gcc/arm-none-eabi/10.3.1/../../../../arm-none-eabi/lib/thumb/v6-m/nofp\libg.a(lib_a-mprec.o)
                0x1000e1a8                __ulp
 .text.__b2d    0x1000e1f0       0xc8 c:/progra~1/raspbe~1/picosd~1.0/gcc-ar~1/bin/../lib/gcc/arm-none-eabi/10.3.1/../../../../arm-none-eabi/lib/thumb/v6-m/nofp\libg.a(lib_a-mprec.o)
                0x1000e1f0                __b2d
 .text.__d2b    0x1000e2b8       0xd8 c:/progra~1/raspbe~1/picosd~1.0/gcc-ar~1/bin/../lib/gcc/arm-none-eabi/10.3.1/../../../../arm-none-eabi/lib/thumb/v6-m/nofp\libg.a(lib_a-mprec.o)
                0x1000e2b8                __d2b
 .text.__ratio  0x1000e390       0x68 c:/progra~1/raspbe~1/picosd~1.0/gcc-ar~1/bin/../lib/gcc/arm-none-eabi/10.3.1/../../../../arm-none-eabi/lib/thumb/v6-m/nofp\libg.a(lib_a-mprec.o)
                0x1000e390                __ratio
 .text.__copybits
                0x1000e3f8       0x40 c:/progra~1/raspbe~1/picosd~1.0/gcc-ar~1/bin/../lib/gcc/arm-none-eabi/10.3.1/../../../../arm-none-eabi/lib/thumb/v6-m/nofp\libg.a(lib_a-mprec.o)
                0x1000e3f8                __copybits
 .text.__any_on
                0x1000e438       0x50 c:/progra~1/raspbe~1/picosd~1.0/gcc-ar~1/bin/../lib/gcc/arm-none-eabi/10.3.1/../../../../arm-none-eabi/lib/thumb/v6-m/nofp\libg.a(lib_a-mprec.o)
                0x1000e438                __any_on
 .text.nan      0x1000e488        0xc c:/progra~1/raspbe~1/picosd~1.0/gcc-ar~1/bin/../lib/gcc/arm-none-eabi/10.3.1/../../../../arm-none-eabi/lib/thumb/v6-m/nofp\libg.a(lib_a-s_nan.o)
                0x1000e488                nan
 .text.strncmp  0x1000e494       0x74 c:/progra~1/raspbe~1/picosd~1.0/gcc-ar~1/bin/../lib/gcc/arm-none-eabi/10.3.1/../../../../arm-none-eabi/lib/thumb/v6-m/nofp\libg.a(lib_a-strncmp.o)
                0x1000e494                strncmp
 *(.fini)
 .fini          0x1000e508        0x4 c:/progra~1/raspbe~1/picosd~1.0/gcc-ar~1/bin/../lib/gcc/arm-none-eabi/10.3.1/thumb/v6-m/nofp/crti.o
                0x1000e508                _fini
 *fill*         0x1000e50c        0x4 
 .fini.__stub   0x1000e510       0x50 linker stubs
 *crtbegin.o(.ctors)
 *crtbegin?.o(.ctors)
 *(EXCLUDE_FILE(*crtend.o *crtend?.o) .ctors)
 *(SORT_BY_NAME(.ctors.*))
 *(.ctors)
 *crtbegin.o(.dtors)
 *crtbegin?.o(.dtors)
 *(EXCLUDE_FILE(*crtend.o *crtend?.o) .dtors)
 *(SORT_BY_NAME(.dtors.*))
 *(.dtors)
 *(.eh_frame*)
 .eh_frame      0x1000e560        0x0 c:/progra~1/raspbe~1/picosd~1.0/gcc-ar~1/bin/../lib/gcc/arm-none-eabi/10.3.1/thumb/v6-m/nofp/crtbegin.o
                0x1000e560                . = ALIGN (0x4)

.glue_7         0x1000e560        0x0
 .glue_7        0x1000e560        0x0 linker stubs

.glue_7t        0x1000e560        0x0
 .glue_7t       0x1000e560        0x0 linker stubs

.vfp11_veneer   0x1000e560        0x0
 .vfp11_veneer  0x1000e560        0x0 linker stubs

.v4_bx          0x1000e560        0x0
 .v4_bx         0x1000e560        0x0 linker stubs

.iplt           0x1000e560        0x0
 .iplt          0x1000e560        0x0 c:/progra~1/raspbe~1/picosd~1.0/gcc-ar~1/bin/../lib/gcc/arm-none-eabi/10.3.1/thumb/v6-m/nofp/crtbegin.o

.rodata         0x1000e560     0x2c34
 *(EXCLUDE_FILE(*libm.a: *libc.a:*lib_a-mem*.o *libgcc.a:) .rodata*)
 .rodata.protothread_serial.str1.4
                0x1000e560       0x86 CMakeFiles/graphics_test.dir/vga16_graphics_3D_merge_fill.c.obj
 *fill*         0x1000e5e6        0x2 
 .rodata.protothread_graphics.str1.4
                0x1000e5e8       0x93 CMakeFiles/graphics_test.dir/vga16_graphics_3D_merge_fill.c.obj
 *fill*         0x1000e67b        0x1 
 .rodata.main.str1.4
                0x1000e67c       0x30 CMakeFiles/graphics_test.dir/vga16_graphics_3D_merge_fill.c.obj
 .rodata        0x1000e6ac      0x15c CMakeFiles/graphics_test.dir/vga16_graphics_3D_merge_fill.c.obj
 .rodata.initVGA.str1.4
                0x1000e808       0x8a CMakeFiles/graphics_test.dir/vga16_graphics.c.obj
 *fill*         0x1000e892        0x2 
 .rodata.__func__.0
                0x1000e894       0x1c CMakeFiles/graphics_test.dir/vga16_graphics.c.obj
 .rodata.bigFont
                0x1000e8b0      0x800 CMakeFiles/graphics_test.dir/vga16_graphics.c.obj
                0x1000e8b0                bigFont
 .rodata.font   0x1000f0b0      0x4fb CMakeFiles/graphics_test.dir/vga16_graphics.c.obj
 *fill*         0x1000f5ab        0x1 
 .rodata.hsync_program
                0x1000f5ac        0x6 CMakeFiles/graphics_test.dir/vga16_graphics.c.obj
 *fill*         0x1000f5b2        0x2 
 .rodata.hsync_program_instructions
                0x1000f5b4       0x12 CMakeFiles/graphics_test.dir/vga16_graphics.c.obj
 *fill*         0x1000f5c6        0x2 
 .rodata.rgb_program
                0x1000f5c8        0x6 CMakeFiles/graphics_test.dir/vga16_graphics.c.obj
 *fill*         0x1000f5ce        0x2 
 .rodata.rgb_program_instructions
                0x1000f5d0       0x12 CMakeFiles/graphics_test.dir/vga16_graphics.c.obj
 *fill*         0x1000f5e2        0x2 
 .rodata.vsync_program
                0x1000f5e4        0x6 CMakeFiles/graphics_test.dir/vga16_graphics.c.obj
 *fill*         0x1000f5ea        0x2 
 .rodata.vsync_program_instructions
                0x1000f5ec       0x1c CMakeFiles/graphics_test.dir/vga16_graphics.c.obj
 .rodata.make_branch.str1.4
                0x1000f608       0x89 CMakeFiles/graphics_test.dir/C_/Users/16073/OneDrive/Documents/Pico-v1.5.0/pico-sdk/src/rp2_common/hardware_irq/irq.c.obj
 *fill*         0x1000f691        0x3 
 .rodata.insert_branch_and_link.str1.4
                0x1000f694       0x10 CMakeFiles/graphics_test.dir/C_/Users/16073/OneDrive/Documents/Pico-v1.5.0/pico-sdk/src/rp2_common/hardware_irq/irq.c.obj
 .rodata.irq_set_exclusive_handler.str1.4
                0x1000f6a4       0x36 CMakeFiles/graphics_test.dir/C_/Users/16073/OneDrive/Documents/Pico-v1.5.0/pico-sdk/src/rp2_common/hardware_irq/irq.c.obj
 *fill*         0x1000f6da        0x2 
 .rodata.irq_add_shared_handler.str1.4
                0x1000f6dc       0xd9 CMakeFiles/graphics_test.dir/C_/Users/16073/OneDrive/Documents/Pico-v1.5.0/pico-sdk/src/rp2_common/hardware_irq/irq.c.obj
 *fill*         0x1000f7b5        0x3 
 .rodata.irq_remove_handler.str1.4
                0x1000f7b8       0x3a CMakeFiles/graphics_test.dir/C_/Users/16073/OneDrive/Documents/Pico-v1.5.0/pico-sdk/src/rp2_common/hardware_irq/irq.c.obj
 *fill*         0x1000f7f2        0x2 
 .rodata.irq_add_tail_to_free_list.str1.4
                0x1000f7f4       0x3a CMakeFiles/graphics_test.dir/C_/Users/16073/OneDrive/Documents/Pico-v1.5.0/pico-sdk/src/rp2_common/hardware_irq/irq.c.obj
 *fill*         0x1000f82e        0x2 
 .rodata.__func__.0
                0x1000f830       0x1a CMakeFiles/graphics_test.dir/C_/Users/16073/OneDrive/Documents/Pico-v1.5.0/pico-sdk/src/rp2_common/hardware_irq/irq.c.obj
 *fill*         0x1000f84a        0x2 
 .rodata.__func__.1
                0x1000f84c       0x17 CMakeFiles/graphics_test.dir/C_/Users/16073/OneDrive/Documents/Pico-v1.5.0/pico-sdk/src/rp2_common/hardware_irq/irq.c.obj
 *fill*         0x1000f863        0x1 
 .rodata.__func__.2
                0x1000f864       0x13 CMakeFiles/graphics_test.dir/C_/Users/16073/OneDrive/Documents/Pico-v1.5.0/pico-sdk/src/rp2_common/hardware_irq/irq.c.obj
 *fill*         0x1000f877        0x1 
 .rodata.__func__.3
                0x1000f878        0xc CMakeFiles/graphics_test.dir/C_/Users/16073/OneDrive/Documents/Pico-v1.5.0/pico-sdk/src/rp2_common/hardware_irq/irq.c.obj
 .rodata.__func__.4
                0x1000f884        0xf CMakeFiles/graphics_test.dir/C_/Users/16073/OneDrive/Documents/Pico-v1.5.0/pico-sdk/src/rp2_common/hardware_irq/irq.c.obj
 *fill*         0x1000f893        0x1 
 .rodata.__func__.6
                0x1000f894       0x1a CMakeFiles/graphics_test.dir/C_/Users/16073/OneDrive/Documents/Pico-v1.5.0/pico-sdk/src/rp2_common/hardware_irq/irq.c.obj
 *fill*         0x1000f8ae        0x2 
 .rodata.str1.4
                0x1000f8b0      0x125 CMakeFiles/graphics_test.dir/C_/Users/16073/OneDrive/Documents/Pico-v1.5.0/pico-sdk/src/common/pico_sync/mutex.c.obj
 *fill*         0x1000f9d5        0x3 
 .rodata.__func__.1
                0x1000f9d8        0xb CMakeFiles/graphics_test.dir/C_/Users/16073/OneDrive/Documents/Pico-v1.5.0/pico-sdk/src/common/pico_sync/mutex.c.obj
 *fill*         0x1000f9e3        0x1 
 .rodata.__func__.3
                0x1000f9e4       0x18 CMakeFiles/graphics_test.dir/C_/Users/16073/OneDrive/Documents/Pico-v1.5.0/pico-sdk/src/common/pico_sync/mutex.c.obj
 .rodata.repeating_timer_callback.str1.4
                0x1000f9fc       0x67 CMakeFiles/graphics_test.dir/C_/Users/16073/OneDrive/Documents/Pico-v1.5.0/pico-sdk/src/common/pico_time/time.c.obj
 *fill*         0x1000fa63        0x1 
 .rodata.timer_pool_entry_comparator.str1.4
                0x1000fa64       0x22 CMakeFiles/graphics_test.dir/C_/Users/16073/OneDrive/Documents/Pico-v1.5.0/pico-sdk/src/common/pico_time/time.c.obj
 *fill*         0x1000fa86        0x2 
 .rodata.ph_add_child_node.str1.4
                0x1000fa88       0xb2 CMakeFiles/graphics_test.dir/C_/Users/16073/OneDrive/Documents/Pico-v1.5.0/pico-sdk/src/common/pico_time/time.c.obj
 *fill*         0x1000fb3a        0x2 
 .rodata.add_alarm_under_lock.str1.4
                0x1000fb3c       0x28 CMakeFiles/graphics_test.dir/C_/Users/16073/OneDrive/Documents/Pico-v1.5.0/pico-sdk/src/common/pico_time/time.c.obj
                                 0x2b (size before relaxing)
 .rodata.alarm_pool_alarm_callback.str1.4
                0x1000fb64       0x98 CMakeFiles/graphics_test.dir/C_/Users/16073/OneDrive/Documents/Pico-v1.5.0/pico-sdk/src/common/pico_time/time.c.obj
                                0x118 (size before relaxing)
 .rodata.alarm_pool_get_default.str1.4
                0x1000fbfc       0x21 CMakeFiles/graphics_test.dir/C_/Users/16073/OneDrive/Documents/Pico-v1.5.0/pico-sdk/src/common/pico_time/time.c.obj
 *fill*         0x1000fc1d        0x3 
 .rodata.alarm_pool_cancel_alarm.str1.4
                0x1000fc20       0x27 CMakeFiles/graphics_test.dir/C_/Users/16073/OneDrive/Documents/Pico-v1.5.0/pico-sdk/src/common/pico_time/time.c.obj
 *fill*         0x1000fc47        0x1 
 .rodata.__func__.1
                0x1000fc48       0x18 CMakeFiles/graphics_test.dir/C_/Users/16073/OneDrive/Documents/Pico-v1.5.0/pico-sdk/src/common/pico_time/time.c.obj
 .rodata.__func__.10
                0x1000fc60       0x15 CMakeFiles/graphics_test.dir/C_/Users/16073/OneDrive/Documents/Pico-v1.5.0/pico-sdk/src/common/pico_time/time.c.obj
 *fill*         0x1000fc75        0x3 
 .rodata.__func__.11
                0x1000fc78       0x1a CMakeFiles/graphics_test.dir/C_/Users/16073/OneDrive/Documents/Pico-v1.5.0/pico-sdk/src/common/pico_time/time.c.obj
 *fill*         0x1000fc92        0x2 
 .rodata.__func__.12
                0x1000fc94        0xa CMakeFiles/graphics_test.dir/C_/Users/16073/OneDrive/Documents/Pico-v1.5.0/pico-sdk/src/common/pico_time/time.c.obj
 *fill*         0x1000fc9e        0x2 
 .rodata.__func__.3
                0x1000fca0       0x17 CMakeFiles/graphics_test.dir/C_/Users/16073/OneDrive/Documents/Pico-v1.5.0/pico-sdk/src/common/pico_time/time.c.obj
 *fill*         0x1000fcb7        0x1 
 .rodata.__func__.4
                0x1000fcb8       0x12 CMakeFiles/graphics_test.dir/C_/Users/16073/OneDrive/Documents/Pico-v1.5.0/pico-sdk/src/common/pico_time/time.c.obj
 *fill*         0x1000fcca        0x2 
 .rodata.__func__.5
                0x1000fccc        0xd CMakeFiles/graphics_test.dir/C_/Users/16073/OneDrive/Documents/Pico-v1.5.0/pico-sdk/src/common/pico_time/time.c.obj
 *fill*         0x1000fcd9        0x3 
 .rodata.__func__.6
                0x1000fcdc       0x12 CMakeFiles/graphics_test.dir/C_/Users/16073/OneDrive/Documents/Pico-v1.5.0/pico-sdk/src/common/pico_time/time.c.obj
 *fill*         0x1000fcee        0x2 
 .rodata.__func__.7
                0x1000fcf0        0xf CMakeFiles/graphics_test.dir/C_/Users/16073/OneDrive/Documents/Pico-v1.5.0/pico-sdk/src/common/pico_time/time.c.obj
 *fill*         0x1000fcff        0x1 
 .rodata.__func__.8
                0x1000fd00        0xc CMakeFiles/graphics_test.dir/C_/Users/16073/OneDrive/Documents/Pico-v1.5.0/pico-sdk/src/common/pico_time/time.c.obj
 .rodata.__func__.9
                0x1000fd0c       0x15 CMakeFiles/graphics_test.dir/C_/Users/16073/OneDrive/Documents/Pico-v1.5.0/pico-sdk/src/common/pico_time/time.c.obj
 *fill*         0x1000fd21        0x3 
 .rodata.hardware_alarm_claim.str1.4
                0x1000fd24       0x22 CMakeFiles/graphics_test.dir/C_/Users/16073/OneDrive/Documents/Pico-v1.5.0/pico-sdk/src/rp2_common/hardware_timer/timer.c.obj
 .rodata.busy_wait_us.str1.4
                0x1000fd46       0x7d CMakeFiles/graphics_test.dir/C_/Users/16073/OneDrive/Documents/Pico-v1.5.0/pico-sdk/src/rp2_common/hardware_timer/timer.c.obj
 *fill*         0x1000fd46        0x2 
 .rodata.hardware_alarm_set_target.str1.4
                0x1000fd48       0x81 CMakeFiles/graphics_test.dir/C_/Users/16073/OneDrive/Documents/Pico-v1.5.0/pico-sdk/src/rp2_common/hardware_timer/timer.c.obj
 *fill*         0x1000fdc9        0x3 
 .rodata.__func__.0
                0x1000fdcc       0x1a CMakeFiles/graphics_test.dir/C_/Users/16073/OneDrive/Documents/Pico-v1.5.0/pico-sdk/src/rp2_common/hardware_timer/timer.c.obj
 *fill*         0x1000fde6        0x2 
 .rodata.__func__.1
                0x1000fde8       0x15 CMakeFiles/graphics_test.dir/C_/Users/16073/OneDrive/Documents/Pico-v1.5.0/pico-sdk/src/rp2_common/hardware_timer/timer.c.obj
 .rodata.ph_add_child_node.str1.4
                0x1000fdfd       0xb2 CMakeFiles/graphics_test.dir/C_/Users/16073/OneDrive/Documents/Pico-v1.5.0/pico-sdk/src/common/pico_util/pheap.c.obj
 *fill*         0x1000fdfd        0x3 
 .rodata.ph_remove_any_head.str1.4
                0x1000fe00       0xa8 CMakeFiles/graphics_test.dir/C_/Users/16073/OneDrive/Documents/Pico-v1.5.0/pico-sdk/src/common/pico_util/pheap.c.obj
                                 0xbc (size before relaxing)
 .rodata.ph_remove_and_free_node.str1.4
                0x1000fea8       0x1e CMakeFiles/graphics_test.dir/C_/Users/16073/OneDrive/Documents/Pico-v1.5.0/pico-sdk/src/common/pico_util/pheap.c.obj
                                 0x26 (size before relaxing)
 *fill*         0x1000fec6        0x2 
 .rodata.__func__.0
                0x1000fec8       0x18 CMakeFiles/graphics_test.dir/C_/Users/16073/OneDrive/Documents/Pico-v1.5.0/pico-sdk/src/common/pico_util/pheap.c.obj
 .rodata.__func__.1
                0x1000fee0       0x13 CMakeFiles/graphics_test.dir/C_/Users/16073/OneDrive/Documents/Pico-v1.5.0/pico-sdk/src/common/pico_util/pheap.c.obj
 *fill*         0x1000fef3        0x1 
 .rodata.__func__.2
                0x1000fef4       0x12 CMakeFiles/graphics_test.dir/C_/Users/16073/OneDrive/Documents/Pico-v1.5.0/pico-sdk/src/common/pico_util/pheap.c.obj
 *fill*         0x1000ff06        0x2 
 .rodata.__func__.3
                0x1000ff08        0xc CMakeFiles/graphics_test.dir/C_/Users/16073/OneDrive/Documents/Pico-v1.5.0/pico-sdk/src/common/pico_util/pheap.c.obj
 .rodata.clock_configure.str1.4
                0x1000ff14       0x73 CMakeFiles/graphics_test.dir/C_/Users/16073/OneDrive/Documents/Pico-v1.5.0/pico-sdk/src/rp2_common/hardware_clocks/clocks.c.obj
 *fill*         0x1000ff87        0x1 
 .rodata.__func__.1
                0x1000ff88       0x10 CMakeFiles/graphics_test.dir/C_/Users/16073/OneDrive/Documents/Pico-v1.5.0/pico-sdk/src/rp2_common/hardware_clocks/clocks.c.obj
 .rodata.pll_init.str1.4
                0x1000ff98      0x13f CMakeFiles/graphics_test.dir/C_/Users/16073/OneDrive/Documents/Pico-v1.5.0/pico-sdk/src/rp2_common/hardware_pll/pll.c.obj
 *fill*         0x100100d7        0x1 
 .rodata.__func__.0
                0x100100d8        0x9 CMakeFiles/graphics_test.dir/C_/Users/16073/OneDrive/Documents/Pico-v1.5.0/pico-sdk/src/rp2_common/hardware_pll/pll.c.obj
 *fill*         0x100100e1        0x3 
 .rodata.__assert_func.str1.4
                0x100100e4       0x3f CMakeFiles/graphics_test.dir/C_/Users/16073/OneDrive/Documents/Pico-v1.5.0/pico-sdk/src/rp2_common/pico_runtime/runtime.c.obj
                                 0x43 (size before relaxing)
 *fill*         0x10010123        0x1 
 .rodata.runtime_init.str1.4
                0x10010124       0x7d CMakeFiles/graphics_test.dir/C_/Users/16073/OneDrive/Documents/Pico-v1.5.0/pico-sdk/src/rp2_common/pico_runtime/runtime.c.obj
 *fill*         0x100101a1        0x3 
 .rodata.panic.str1.4
                0x100101a4       0x12 CMakeFiles/graphics_test.dir/C_/Users/16073/OneDrive/Documents/Pico-v1.5.0/pico-sdk/src/rp2_common/pico_runtime/runtime.c.obj
 *fill*         0x100101b6        0x2 
 .rodata.__func__.2
                0x100101b8        0xd CMakeFiles/graphics_test.dir/C_/Users/16073/OneDrive/Documents/Pico-v1.5.0/pico-sdk/src/rp2_common/pico_runtime/runtime.c.obj
 *fill*         0x100101c5        0x3 
 .rodata._ftoa.str1.4
                0x100101c8       0x15 CMakeFiles/graphics_test.dir/C_/Users/16073/OneDrive/Documents/Pico-v1.5.0/pico-sdk/src/rp2_common/pico_printf/printf.c.obj
 *fill*         0x100101dd        0x3 
 .rodata._vsnprintf
                0x100101e0      0x1e0 CMakeFiles/graphics_test.dir/C_/Users/16073/OneDrive/Documents/Pico-v1.5.0/pico-sdk/src/rp2_common/pico_printf/printf.c.obj
 .rodata.pow10.0
                0x100103c0       0x50 CMakeFiles/graphics_test.dir/C_/Users/16073/OneDrive/Documents/Pico-v1.5.0/pico-sdk/src/rp2_common/pico_printf/printf.c.obj
 .rodata.__aeabi_double_init.str1.4
                0x10010410       0xc4 CMakeFiles/graphics_test.dir/C_/Users/16073/OneDrive/Documents/Pico-v1.5.0/pico-sdk/src/rp2_common/pico_double/double_init_rom.c.obj
 .rodata.__func__.0
                0x100104d4       0x14 CMakeFiles/graphics_test.dir/C_/Users/16073/OneDrive/Documents/Pico-v1.5.0/pico-sdk/src/rp2_common/pico_double/double_init_rom.c.obj
 .rodata.__aeabi_float_init.str1.4
                0x100104e8       0x96 CMakeFiles/graphics_test.dir/C_/Users/16073/OneDrive/Documents/Pico-v1.5.0/pico-sdk/src/rp2_common/pico_float/float_init_rom.c.obj
                                 0x9a (size before relaxing)
 *fill*         0x1001057e        0x2 
 .rodata.__func__.0
                0x10010580       0x13 CMakeFiles/graphics_test.dir/C_/Users/16073/OneDrive/Documents/Pico-v1.5.0/pico-sdk/src/rp2_common/pico_float/float_init_rom.c.obj
 *fill*         0x10010593        0x1 
 .rodata.__wrap_malloc.str1.4
                0x10010594        0xe CMakeFiles/graphics_test.dir/C_/Users/16073/OneDrive/Documents/Pico-v1.5.0/pico-sdk/src/rp2_common/pico_malloc/pico_malloc.c.obj
 *fill*         0x100105a2        0x2 
 .rodata.str1.4
                0x100105a4       0x44 CMakeFiles/graphics_test.dir/C_/Users/16073/OneDrive/Documents/Pico-v1.5.0/pico-sdk/src/rp2_common/pico_standard_link/binary_info.c.obj
 .rodata.__bi_44
                0x100105e8        0xc CMakeFiles/graphics_test.dir/C_/Users/16073/OneDrive/Documents/Pico-v1.5.0/pico-sdk/src/rp2_common/pico_standard_link/binary_info.c.obj
 .rodata.__bi_75
                0x100105f4        0xc CMakeFiles/graphics_test.dir/C_/Users/16073/OneDrive/Documents/Pico-v1.5.0/pico-sdk/src/rp2_common/pico_standard_link/binary_info.c.obj
 .rodata.__bi_81
                0x10010600        0xc CMakeFiles/graphics_test.dir/C_/Users/16073/OneDrive/Documents/Pico-v1.5.0/pico-sdk/src/rp2_common/pico_standard_link/binary_info.c.obj
 .rodata.stdout_serialize_begin.str1.4
                0x1001060c       0x7d CMakeFiles/graphics_test.dir/C_/Users/16073/OneDrive/Documents/Pico-v1.5.0/pico-sdk/src/rp2_common/pico_stdio/stdio.c.obj
 .rodata.__func__.3
                0x1001060c       0x15 CMakeFiles/graphics_test.dir/C_/Users/16073/OneDrive/Documents/Pico-v1.5.0/pico-sdk/src/rp2_common/pico_stdio/stdio.c.obj
 *fill*         0x10010621        0x3 
 .rodata.crlf_str.2
                0x10010624        0x2 CMakeFiles/graphics_test.dir/C_/Users/16073/OneDrive/Documents/Pico-v1.5.0/pico-sdk/src/rp2_common/pico_stdio/stdio.c.obj
 *fill*         0x10010626        0x2 
 .rodata.str1.4
                0x10010628       0x2c CMakeFiles/graphics_test.dir/C_/Users/16073/OneDrive/Documents/Pico-v1.5.0/pico-sdk/src/rp2_common/pico_stdio_uart/stdio_uart.c.obj
 .rodata.__bi_33.4