Archive member included to satisfy reference by file (symbol)

C:/Users/16073/.pico-sdk/toolchain/13_3_Rel1/bin/../lib/gcc/arm-none-eabi/13.3.1/thumb/v8-m.main+fp/softfp\libm.a(libm_a-wf_sqrt.o)
                              CMakeFiles/graphics_test.dir/C_/Users/16073/.pico-sdk/sdk/2.1.0/src/rp2_common/pico_float/float_math.c.obj (sqrtf)
C:/Users/16073/.pico-sdk/toolchain/13_3_Rel1/bin/../lib/gcc/arm-none-eabi/13.3.1/thumb/v8-m.main+fp/softfp\libm.a(libm_a-ef_sqrt.o)
                              C:/Users/16073/.pico-sdk/toolchain/13_3_Rel1/bin/../lib/gcc/arm-none-eabi/13.3.1/thumb/v8-m.main+fp/softfp\libm.a(libm_a-wf_sqrt.o) (__ieee754_sqrtf)
C:/Users/16073/.pico-sdk/toolchain/13_3_Rel1/bin/../lib/gcc/arm-none-eabi/13.3.1/thumb/v8-m.main+fp/softfp\libgcc.a(_arm_addsubdf3.o)
                              CMakeFiles/graphics_test.dir/vga16_fft_ifft.c.obj (__aeabi_f2d)
C:/Users/16073/.pico-sdk/toolchain/13_3_Rel1/bin/../lib/gcc/arm-none-eabi/13.3.1/thumb/v8-m.main+fp/softfp\libgcc.a(_aeabi_ldivmod.o)
                              CMakeFiles/graphics_test.dir/C_/Users/16073/.pico-sdk/sdk/2.1.0/src/common/pico_time/time.c.obj (__aeabi_ldivmod)
C:/Users/16073/.pico-sdk/toolchain/13_3_Rel1/bin/../lib/gcc/arm-none-eabi/13.3.1/thumb/v8-m.main+fp/softfp\libgcc.a(_aeabi_uldivmod.o)
                              CMakeFiles/graphics_test.dir/C_/Users/16073/.pico-sdk/sdk/2.1.0/src/rp2_common/hardware_clocks/clocks.c.obj (__aeabi_uldivmod)
C:/Users/16073/.pico-sdk/toolchain/13_3_Rel1/bin/../lib/gcc/arm-none-eabi/13.3.1/thumb/v8-m.main+fp/softfp\libgcc.a(_udivmoddi4.o)
                              C:/Users/16073/.pico-sdk/toolchain/13_3_Rel1/bin/../lib/gcc/arm-none-eabi/13.3.1/thumb/v8-m.main+fp/softfp\libgcc.a(_aeabi_ldivmod.o) (__udivmoddi4)
C:/Users/16073/.pico-sdk/toolchain/13_3_Rel1/bin/../lib/gcc/arm-none-eabi/13.3.1/thumb/v8-m.main+fp/softfp\libgcc.a(_dvmd_tls.o)
                              C:/Users/16073/.pico-sdk/toolchain/13_3_Rel1/bin/../lib/gcc/arm-none-eabi/13.3.1/thumb/v8-m.main+fp/softfp\libgcc.a(_aeabi_ldivmod.o) (__aeabi_ldiv0)
C:/Users/16073/.pico-sdk/toolchain/13_3_Rel1/bin/../lib/gcc/arm-none-eabi/13.3.1/thumb/v8-m.main+fp/softfp\libg.a(libc_a-calloc.o)
                              CMakeFiles/graphics_test.dir/C_/Users/16073/.pico-sdk/sdk/2.1.0/src/rp2_common/pico_malloc/malloc.c.obj (calloc)
C:/Users/16073/.pico-sdk/toolchain/13_3_Rel1/bin/../lib/gcc/arm-none-eabi/13.3.1/thumb/v8-m.main+fp/softfp\libg.a(libc_a-callocr.o)
                              C:/Users/16073/.pico-sdk/toolchain/13_3_Rel1/bin/../lib/gcc/arm-none-eabi/13.3.1/thumb/v8-m.main+fp/softfp\libg.a(libc_a-calloc.o) (_calloc_r)
C:/Users/16073/.pico-sdk/toolchain/13_3_Rel1/bin/../lib/gcc/arm-none-eabi/13.3.1/thumb/v8-m.main+fp/softfp\libg.a(libc_a-malloc.o)
                              CMakeFiles/graphics_test.dir/C_/Users/16073/.pico-sdk/sdk/2.1.0/src/rp2_common/pico_malloc/malloc.c.obj (malloc)
C:/Users/16073/.pico-sdk/toolchain/13_3_Rel1/bin/../lib/gcc/arm-none-eabi/13.3.1/thumb/v8-m.main+fp/softfp\libg.a(libc_a-mallocr.o)
                              C:/Users/16073/.pico-sdk/toolchain/13_3_Rel1/bin/../lib/gcc/arm-none-eabi/13.3.1/thumb/v8-m.main+fp/softfp\libg.a(libc_a-callocr.o) (_malloc_r)
C:/Users/16073/.pico-sdk/toolchain/13_3_Rel1/bin/../lib/gcc/arm-none-eabi/13.3.1/thumb/v8-m.main+fp/softfp\libg.a(libc_a-mlock.o)
                              C:/Users/16073/.pico-sdk/toolchain/13_3_Rel1/bin/../lib/gcc/arm-none-eabi/13.3.1/thumb/v8-m.main+fp/softfp\libg.a(libc_a-mallocr.o) (__malloc_lock)
C:/Users/16073/.pico-sdk/toolchain/13_3_Rel1/bin/../lib/gcc/arm-none-eabi/13.3.1/thumb/v8-m.main+fp/softfp\libg.a(libc_a-realloc.o)
                              CMakeFiles/graphics_test.dir/C_/Users/16073/.pico-sdk/sdk/2.1.0/src/rp2_common/pico_malloc/malloc.c.obj (realloc)
C:/Users/16073/.pico-sdk/toolchain/13_3_Rel1/bin/../lib/gcc/arm-none-eabi/13.3.1/thumb/v8-m.main+fp/softfp\libg.a(libc_a-reallocr.o)
                              C:/Users/16073/.pico-sdk/toolchain/13_3_Rel1/bin/../lib/gcc/arm-none-eabi/13.3.1/thumb/v8-m.main+fp/softfp\libg.a(libc_a-realloc.o) (_realloc_r)
C:/Users/16073/.pico-sdk/toolchain/13_3_Rel1/bin/../lib/gcc/arm-none-eabi/13.3.1/thumb/v8-m.main+fp/softfp\libg.a(libc_a-sscanf.o)
                              CMakeFiles/graphics_test.dir/vga16_fft_ifft.c.obj (sscanf)
C:/Users/16073/.pico-sdk/toolchain/13_3_Rel1/bin/../lib/gcc/arm-none-eabi/13.3.1/thumb/v8-m.main+fp/softfp\libg.a(libc_a-stdio.o)
                              C:/Users/16073/.pico-sdk/toolchain/13_3_Rel1/bin/../lib/gcc/arm-none-eabi/13.3.1/thumb/v8-m.main+fp/softfp\libg.a(libc_a-sscanf.o) (__seofread)
C:/Users/16073/.pico-sdk/toolchain/13_3_Rel1/bin/../lib/gcc/arm-none-eabi/13.3.1/thumb/v8-m.main+fp/softfp\libg.a(libc_a-memcmp.o)
                              CMakeFiles/graphics_test.dir/C_/Users/16073/.pico-sdk/sdk/2.1.0/src/rp2_common/pico_atomic/atomic.c.obj (memcmp)
[...]
Memory Configuration

Name             Origin             Length             Attributes
FLASH            0x10000000         0x00400000         xr
RAM              0x20000000         0x00080000         xrw
SCRATCH_X        0x20080000         0x00001000         xrw
SCRATCH_Y        0x20081000         0x00001000         xrw
*default*        0x00000000         0xffffffff

Linker script and memory map

LOAD C:/Users/16073/.pico-sdk/toolchain/13_3_Rel1/bin/../lib/gcc/arm-none-eabi/13.3.1/thumb/v8-m.main+fp/softfp/crti.o
LOAD C:/Users/16073/.pico-sdk/toolchain/13_3_Rel1/bin/../lib/gcc/arm-none-eabi/13.3.1/thumb/v8-m.main+fp/softfp/crtbegin.o
LOAD C:/Users/16073/.pico-sdk/toolchain/13_3_Rel1/bin/../lib/gcc/arm-none-eabi/13.3.1/thumb/v8-m.main+fp/softfp/crt0.o

.flash_begin    0x10000000        0x0
                0x10000000                        __flash_binary_start = .

.text           0x10000000     0xc040
                0x10000000                        __logical_binary_start = .
 *(.vectors)
 .vectors       0x10000000      0x124 CMakeFiles/graphics_test.dir/C_/Users/16073/.pico-sdk/sdk/2.1.0/src/rp2_common/pico_crt0/crt0.S.obj
                0x10000000                __VECTOR_TABLE
                0x10000000                __vectors
                0x10000110                __default_isrs_start
                0x10000110                isr_invalid
                0x10000112                isr_nmi
                0x10000114                isr_hardfault
                0x10000116                isr_svcall
                0x10000118                isr_pendsv
                0x1000011a                isr_systick
                0x1000011c                isr_irq31
                0x1000011c                isr_irq5
                0x1000011c                isr_irq11
                0x1000011c                isr_irq32
                0x1000011c                isr_irq23
                0x1000011c                isr_irq48
                0x1000011c                isr_irq35
                0x1000011c                isr_irq18
                0x1000011c                isr_irq50
                0x1000011c                isr_irq27
                0x1000011c                isr_irq40
                0x1000011c                isr_irq28
                0x1000011c                isr_irq19
                0x1000011c                isr_irq36
                0x1000011c                isr_irq41
                0x1000011c                isr_irq0
                0x1000011c                isr_irq6
                0x1000011c                isr_irq45
                0x1000011c                isr_irq12
                0x1000011c                isr_irq37
                0x1000011c                isr_irq42
                0x1000011c                isr_irq22
                0x1000011c                isr_irq43
                0x1000011c                isr_irq17
                0x1000011c                isr_irq38
                0x1000011c                isr_irq14
                0x1000011c                isr_irq13
                0x1000011c                isr_irq2
                0x1000011c                isr_irq10
                0x1000011c                isr_irq8
                0x1000011c                isr_irq24
                0x1000011c                isr_irq46
                0x1000011c                isr_irq1
                0x1000011c                isr_irq47
                0x1000011c                isr_irq51
                0x1000011c                isr_irq7
                0x1000011c                isr_irq21
                0x1000011c                isr_irq39
                0x1000011c                isr_irq20
                0x1000011c                isr_irq15
                0x1000011c                isr_irq25
                0x1000011c                isr_irq34
                0x1000011c                isr_irq49
                0x1000011c                __unhandled_user_irq
                0x1000011c                isr_irq4
                0x1000011c                isr_irq16
                0x1000011c                isr_irq44
                0x1000011c                isr_irq29
                0x1000011c                isr_irq26
                0x1000011c                __default_isrs_end
                0x1000011c                isr_irq33
                0x1000011c                isr_irq3
                0x1000011c                isr_irq30
                0x1000011c                isr_irq9
                0x10000122                unhandled_user_irq_num_in_r0
 *(.binary_info_header)
 .binary_info_header
                0x10000124       0x14 CMakeFiles/graphics_test.dir/C_/Users/16073/.pico-sdk/sdk/2.1.0/src/rp2_common/pico_crt0/crt0.S.obj
                0x10000138                        __binary_info_header_end = .
 *(.embedded_block)
 .embedded_block
                0x10000138       0x14 CMakeFiles/graphics_test.dir/C_/Users/16073/.pico-sdk/sdk/2.1.0/src/rp2_common/pico_crt0/crt0.S.obj
                0x1000014c                        __embedded_block_end = .
 *(.reset)
 .reset         0x1000014c       0xa0 CMakeFiles/graphics_test.dir/C_/Users/16073/.pico-sdk/sdk/2.1.0/src/rp2_common/pico_crt0/crt0.S.obj
                0x1000014c                _entry_point
 *(.init)
 .init          0x100001ec        0x4 C:/Users/16073/.pico-sdk/toolchain/13_3_Rel1/bin/../lib/gcc/arm-none-eabi/13.3.1/thumb/v8-m.main+fp/softfp/crti.o
                0x100001ec                _init
 SORT_BY_NAME(REVERSE(*libgcc.a:cmse_nonsecure_call.o))()
 *(EXCLUDE_FILE(*libm.a: *libc.a:*lib_a-mem*.o *libgcc.a:) .text*)
 .text.register_tm_clones
                0x100001f0       0x28 C:/Users/16073/.pico-sdk/toolchain/13_3_Rel1/bin/../lib/gcc/arm-none-eabi/13.3.1/thumb/v8-m.main+fp/softfp/crtbegin.o
 .text.frame_dummy
                0x10000218       0x24 C:/Users/16073/.pico-sdk/toolchain/13_3_Rel1/bin/../lib/gcc/arm-none-eabi/13.3.1/thumb/v8-m.main+fp/softfp/crtbegin.o
 .text.pt_serialin_polled.constprop.0
                0x1000023c      0x224 CMakeFiles/graphics_test.dir/vga16_fft_ifft.c.obj
 .text.protothread_sched.constprop.0.isra.0
                0x10000460      0x12c CMakeFiles/graphics_test.dir/vga16_fft_ifft.c.obj
 .text.protothread_sched1.constprop.0.isra.0
                0x1000058c      0x12c CMakeFiles/graphics_test.dir/vga16_fft_ifft.c.obj
 .text.core1_main
                0x100006b8       0xc0 CMakeFiles/graphics_test.dir/vga16_fft_ifft.c.obj
                0x100006b8                core1_main
 .text.protothread_graphics
                0x10000778      0x254 CMakeFiles/graphics_test.dir/vga16_fft_ifft.c.obj
 .text.alarm_irq
                0x100009cc       0xd4 CMakeFiles/graphics_test.dir/vga16_fft_ifft.c.obj
 .text.protothread_fft
                0x10000aa0      0x670 CMakeFiles/graphics_test.dir/vga16_fft_ifft.c.obj
 .text.pt_serialout_polled
                0x10001110       0x98 CMakeFiles/graphics_test.dir/vga16_fft_ifft.c.obj
                0x10001110                pt_serialout_polled
 .text.protothread_serial
                0x100011a8       0x7c CMakeFiles/graphics_test.dir/vga16_fft_ifft.c.obj
 .text.start_message
                0x10001224       0xbc CMakeFiles/graphics_test.dir/vga16_fft_ifft.c.obj
                0x10001224                start_message
 .text.startup.main
                0x100012e0      0x190 CMakeFiles/graphics_test.dir/vga16_fft_ifft.c.obj
                0x100012e0                main
 .text.initVGA  0x10001470      0x23c CMakeFiles/graphics_test.dir/vga16_graphics.c.obj
                0x10001470                initVGA
 .text.drawPixel
                0x100016ac       0x4c CMakeFiles/graphics_test.dir/vga16_graphics.c.obj
                0x100016ac                drawPixel
 .text.drawHLine
                0x100016f8       0x7c CMakeFiles/graphics_test.dir/vga16_graphics.c.obj
                0x100016f8                drawHLine
 .text.fillRect
                0x10001774       0x98 CMakeFiles/graphics_test.dir/vga16_graphics.c.obj
                0x10001774                fillRect
 .text.drawChar
                0x1000180c      0x2a4 CMakeFiles/graphics_test.dir/vga16_graphics.c.obj
                0x1000180c                drawChar
 .text.setCursor
                0x10001ab0       0x14 CMakeFiles/graphics_test.dir/vga16_graphics.c.obj
                0x10001ab0                setCursor
 .text.setTextSize
                0x10001ac4       0x10 CMakeFiles/graphics_test.dir/vga16_graphics.c.obj
                0x10001ac4                setTextSize
 .text.setTextColor
                0x10001ad4       0x14 CMakeFiles/graphics_test.dir/vga16_graphics.c.obj
                0x10001ad4                setTextColor
 .text.setTextColor2
                0x10001ae8       0x14 CMakeFiles/graphics_test.dir/vga16_graphics.c.obj
                0x10001ae8                setTextColor2
 .text.writeString
                0x10001afc       0xc8 CMakeFiles/graphics_test.dir/vga16_graphics.c.obj
                0x10001afc                writeString
 .text.writeStringBig
                0x10001bc4      0x69c CMakeFiles/graphics_test.dir/vga16_graphics.c.obj
                0x10001bc4                writeStringBig
 .text.writeStringBold
                0x10002260       0x9c CMakeFiles/graphics_test.dir/vga16_graphics.c.obj
                0x10002260                writeStringBold
 .text.gpio_set_function
                0x100022fc       0x3c CMakeFiles/graphics_test.dir/C_/Users/16073/.pico-sdk/sdk/2.1.0/src/rp2_common/hardware_gpio/gpio.c.obj
                0x100022fc                gpio_set_function
 .text.gpio_set_pulls
                0x10002338       0x28 CMakeFiles/graphics_test.dir/C_/Users/16073/.pico-sdk/sdk/2.1.0/src/rp2_common/hardware_gpio/gpio.c.obj
                0x10002338                gpio_set_pulls
 .text.gpio_set_input_enabled
                0x10002360       0x20 CMakeFiles/graphics_test.dir/C_/Users/16073/.pico-sdk/sdk/2.1.0/src/rp2_common/hardware_gpio/gpio.c.obj
                0x10002360                gpio_set_input_enabled
 .text.gpio_init
                0x10002380       0x48 CMakeFiles/graphics_test.dir/C_/Users/16073/.pico-sdk/sdk/2.1.0/src/rp2_common/hardware_gpio/gpio.c.obj
                0x10002380                gpio_init
 .text.panic    0x100023c8       0x30 CMakeFiles/graphics_test.dir/C_/Users/16073/.pico-sdk/sdk/2.1.0/src/rp2_common/pico_platform_panic/panic.c.obj
                0x100023c8                panic
 .text.hw_claim_lock
                0x100023f8       0x24 CMakeFiles/graphics_test.dir/C_/Users/16073/.pico-sdk/sdk/2.1.0/src/common/hardware_claim/claim.c.obj
                0x100023f8                hw_claim_lock
 .text.hw_claim_unlock
                0x1000241c       0x14 CMakeFiles/graphics_test.dir/C_/Users/16073/.pico-sdk/sdk/2.1.0/src/common/hardware_claim/claim.c.obj
                0x1000241c                hw_claim_unlock
 .text.hw_claim_or_assert
                0x10002430       0x58 CMakeFiles/graphics_test.dir/C_/Users/16073/.pico-sdk/sdk/2.1.0/src/common/hardware_claim/claim.c.obj
                0x10002430                hw_claim_or_assert
 .text.hw_claim_unused_from_range
                0x10002488       0x9c CMakeFiles/graphics_test.dir/C_/Users/16073/.pico-sdk/sdk/2.1.0/src/common/hardware_claim/claim.c.obj
                0x10002488                hw_claim_unused_from_range
 .text.next_striped_spin_lock_num
                0x10002524       0x18 CMakeFiles/graphics_test.dir/C_/Users/16073/.pico-sdk/sdk/2.1.0/src/rp2_common/hardware_sync/sync.c.obj
                0x10002524                next_striped_spin_lock_num
 .text.spinlock_set_extexclall
                0x1000253c       0x10 CMakeFiles/graphics_test.dir/C_/Users/16073/.pico-sdk/sdk/2.1.0/src/rp2_common/hardware_sync_spin_lock/sync_spin_lock.c.obj
 .text.spin_locks_reset
                0x1000254c       0x18 CMakeFiles/graphics_test.dir/C_/Users/16073/.pico-sdk/sdk/2.1.0/src/rp2_common/hardware_sync_spin_lock/sync_spin_lock.c.obj
                0x1000254c                spin_locks_reset
 .text.spin_lock_init
                0x10002564       0x10 CMakeFiles/graphics_test.dir/C_/Users/16073/.pico-sdk/sdk/2.1.0/src/rp2_common/hardware_sync_spin_lock/sync_spin_lock.c.obj
                0x10002564                spin_lock_init
 .text.runtime_init_per_core_irq_priorities
                0x10002574       0x40 CMakeFiles/graphics_test.dir/C_/Users/16073/.pico-sdk/sdk/2.1.0/src/rp2_common/hardware_irq/irq.c.obj
                0x10002574                runtime_init_per_core_irq_priorities
 .text.irq_set_enabled
                0x100025b4       0x2c CMakeFiles/graphics_test.dir/C_/Users/16073/.pico-sdk/sdk/2.1.0/src/rp2_common/hardware_irq/irq.c.obj
                0x100025b4                irq_set_enabled
 .text.irq_is_enabled
                0x100025e0       0x20 CMakeFiles/graphics_test.dir/C_/Users/16073/.pico-sdk/sdk/2.1.0/src/rp2_common/hardware_irq/irq.c.obj
                0x100025e0                irq_is_enabled
 .text.irq_set_exclusive_handler
                0x10002600       0x60 CMakeFiles/graphics_test.dir/C_/Users/16073/.pico-sdk/sdk/2.1.0/src/rp2_common/hardware_irq/irq.c.obj
                0x10002600                irq_set_exclusive_handler
 .text.irq_remove_handler
                0x10002660      0x1fc CMakeFiles/graphics_test.dir/C_/Users/16073/.pico-sdk/sdk/2.1.0/src/rp2_common/hardware_irq/irq.c.obj
                0x10002660                irq_remove_handler
 .text.irq_add_tail_to_free_list
                0x1000285c       0xbc CMakeFiles/graphics_test.dir/C_/Users/16073/.pico-sdk/sdk/2.1.0/src/rp2_common/hardware_irq/irq.c.obj
                0x1000285c                irq_add_tail_to_free_list
 .text.lock_init
                0x10002918        0xc CMakeFiles/graphics_test.dir/C_/Users/16073/.pico-sdk/sdk/2.1.0/src/common/pico_sync/lock_core.c.obj
                0x10002918                lock_init
 .text.runtime_init_mutex
                0x10002924       0x4c CMakeFiles/graphics_test.dir/C_/Users/16073/.pico-sdk/sdk/2.1.0/src/common/pico_sync/mutex.c.obj
                0x10002924                runtime_init_mutex
 .text.sleep_until_callback
                0x10002970       0x3c CMakeFiles/graphics_test.dir/C_/Users/16073/.pico-sdk/sdk/2.1.0/src/common/pico_time/time.c.obj
 *fill*         0x100029ac        0x4 
 .text.alarm_pool_irq_handler
                0x100029b0      0x2e0 CMakeFiles/graphics_test.dir/C_/Users/16073/.pico-sdk/sdk/2.1.0/src/common/pico_time/time.c.obj
 .text.runtime_init_default_alarm_pool
                0x10002c90      0x100 CMakeFiles/graphics_test.dir/C_/Users/16073/.pico-sdk/sdk/2.1.0/src/common/pico_time/time.c.obj
                0x10002c90                runtime_init_default_alarm_pool
 .text.alarm_pool_add_alarm_at_force_in_context
                0x10002d90       0xc8 CMakeFiles/graphics_test.dir/C_/Users/16073/.pico-sdk/sdk/2.1.0/src/common/pico_time/time.c.obj
                0x10002d90                alarm_pool_add_alarm_at_force_in_context
 .text.alarm_pool_cancel_alarm
                0x10002e58       0x80 CMakeFiles/graphics_test.dir/C_/Users/16073/.pico-sdk/sdk/2.1.0/src/common/pico_time/time.c.obj
                0x10002e58                alarm_pool_cancel_alarm
 .text.sleep_until
                0x10002ed8       0xbc CMakeFiles/graphics_test.dir/C_/Users/16073/.pico-sdk/sdk/2.1.0/src/common/pico_time/time.c.obj
                0x10002ed8                sleep_until
 .text.sleep_ms
                0x10002f94       0x2c CMakeFiles/graphics_test.dir/C_/Users/16073/.pico-sdk/sdk/2.1.0/src/common/pico_time/time.c.obj
                0x10002f94                sleep_ms
 .text.best_effort_wfe_or_timeout
                0x10002fc0       0xb0 CMakeFiles/graphics_test.dir/C_/Users/16073/.pico-sdk/sdk/2.1.0/src/common/pico_time/time.c.obj
                0x10002fc0                best_effort_wfe_or_timeout
 .text.timer_hardware_alarm_claim
                0x10003070       0x24 CMakeFiles/graphics_test.dir/C_/Users/16073/.pico-sdk/sdk/2.1.0/src/rp2_common/hardware_timer/timer.c.obj
                0x10003070                timer_hardware_alarm_claim
 .text.timer_time_us_64
                0x10003094       0x10 CMakeFiles/graphics_test.dir/C_/Users/16073/.pico-sdk/sdk/2.1.0/src/rp2_common/hardware_timer/timer.c.obj
                0x10003094                timer_time_us_64
 .text.time_us_64
                0x100030a4       0x14 CMakeFiles/graphics_test.dir/C_/Users/16073/.pico-sdk/sdk/2.1.0/src/rp2_common/hardware_timer/timer.c.obj
                0x100030a4                time_us_64
 .text.busy_wait_us
                0x100030b8       0x64 CMakeFiles/graphics_test.dir/C_/Users/16073/.pico-sdk/sdk/2.1.0/src/rp2_common/hardware_timer/timer.c.obj
                0x100030b8                busy_wait_us
 .text.busy_wait_until
                0x1000311c       0x24 CMakeFiles/graphics_test.dir/C_/Users/16073/.pico-sdk/sdk/2.1.0/src/rp2_common/hardware_timer/timer.c.obj
                0x1000311c                busy_wait_until
 .text.uart_init
                0x10003140      0x104 CMakeFiles/graphics_test.dir/C_/Users/16073/.pico-sdk/sdk/2.1.0/src/rp2_common/hardware_uart/uart.c.obj
                0x10003140                uart_init
 .text.clock_configure_undivided
                0x10003244       0xd0 CMakeFiles/graphics_test.dir/C_/Users/16073/.pico-sdk/sdk/2.1.0/src/rp2_common/hardware_clocks/clocks.c.obj
                0x10003244                clock_configure_undivided
 .text.clock_get_hz
                0x10003314        0xc CMakeFiles/graphics_test.dir/C_/Users/16073/.pico-sdk/sdk/2.1.0/src/rp2_common/hardware_clocks/clocks.c.obj
                0x10003314                clock_get_hz
 .text.pll_init
                0x10003320       0x8c CMakeFiles/graphics_test.dir/C_/Users/16073/.pico-sdk/sdk/2.1.0/src/rp2_common/hardware_pll/pll.c.obj
                0x10003320                pll_init
 .text.tick_start
                0x100033ac       0x18 CMakeFiles/graphics_test.dir/C_/Users/16073/.pico-sdk/sdk/2.1.0/src/rp2_common/hardware_ticks/ticks.c.obj
                0x100033ac                tick_start
 .text.rom_reboot.constprop.0.isra.0
                0x100033c4       0x34 CMakeFiles/graphics_test.dir/C_/Users/16073/.pico-sdk/sdk/2.1.0/src/rp2_common/pico_bootrom/bootrom.c.obj
 .text.rom_func_lookup
                0x100033f8       0x18 CMakeFiles/graphics_test.dir/C_/Users/16073/.pico-sdk/sdk/2.1.0/src/rp2_common/pico_bootrom/bootrom.c.obj
                0x100033f8                rom_func_lookup
 .text.rom_reset_usb_boot_extra
                0x10003410       0x1c CMakeFiles/graphics_test.dir/C_/Users/16073/.pico-sdk/sdk/2.1.0/src/rp2_common/pico_bootrom/bootrom.c.obj
                0x10003410                rom_reset_usb_boot_extra
 .text.runtime_init_bootrom_locking_enable
                0x1000342c       0x14 CMakeFiles/graphics_test.dir/C_/Users/16073/.pico-sdk/sdk/2.1.0/src/rp2_common/pico_bootrom/bootrom_lock.c.obj
                0x1000342c                runtime_init_bootrom_locking_enable
 .text.runtime_init_boot_locks_reset
                0x10003440       0x1c CMakeFiles/graphics_test.dir/C_/Users/16073/.pico-sdk/sdk/2.1.0/src/rp2_common/hardware_boot_lock/boot_lock.c.obj
                0x10003440                runtime_init_boot_locks_reset
 .text.xosc_init
                0x1000345c       0x2c CMakeFiles/graphics_test.dir/C_/Users/16073/.pico-sdk/sdk/2.1.0/src/rp2_common/hardware_xosc/xosc.c.obj
                0x1000345c                xosc_init
 .text.first_per_core_initializer
                0x10003488        0x4 CMakeFiles/graphics_test.dir/C_/Users/16073/.pico-sdk/sdk/2.1.0/src/rp2_common/pico_runtime/runtime.c.obj
 .text.hard_assertion_failure
                0x1000348c        0xc CMakeFiles/graphics_test.dir/C_/Users/16073/.pico-sdk/sdk/2.1.0/src/rp2_common/pico_runtime/runtime.c.obj
                0x1000348c                hard_assertion_failure
 .text.runtime_run_initializers
                0x10003498       0x20 CMakeFiles/graphics_test.dir/C_/Users/16073/.pico-sdk/sdk/2.1.0/src/rp2_common/pico_runtime/runtime.c.obj
                0x10003498                runtime_run_initializers
 .text.runtime_run_per_core_initializers
                0x100034b8       0x20 CMakeFiles/graphics_test.dir/C_/Users/16073/.pico-sdk/sdk/2.1.0/src/rp2_common/pico_runtime/runtime.c.obj
                0x100034b8                runtime_run_per_core_initializers
 .text.runtime_init_early_resets
                0x100034d8       0x34 CMakeFiles/graphics_test.dir/C_/Users/16073/.pico-sdk/sdk/2.1.0/src/rp2_common/pico_runtime_init/runtime_init.c.obj
                0x100034d8                runtime_init_early_resets
 .text.runtime_init_usb_power_down
                0x1000350c       0x1c CMakeFiles/graphics_test.dir/C_/Users/16073/.pico-sdk/sdk/2.1.0/src/rp2_common/pico_runtime_init/runtime_init.c.obj
                0x1000350c                runtime_init_usb_power_down
 .text.runtime_init_per_core_enable_coprocessors
                0x10003528       0x1c CMakeFiles/graphics_test.dir/C_/Users/16073/.pico-sdk/sdk/2.1.0/src/rp2_common/pico_runtime_init/runtime_init.c.obj
                0x10003528                runtime_init_per_core_enable_coprocessors
 .text.runtime_init_post_clock_resets
                0x10003544       0x20 CMakeFiles/graphics_test.dir/C_/Users/16073/.pico-sdk/sdk/2.1.0/src/rp2_common/pico_runtime_init/runtime_init.c.obj
                0x10003544                runtime_init_post_clock_resets
 .text.runtime_init_bootrom_reset
                0x10003564       0x14 CMakeFiles/graphics_test.dir/C_/Users/16073/.pico-sdk/sdk/2.1.0/src/rp2_common/pico_runtime_init/runtime_init.c.obj
                0x10003564                runtime_init_bootrom_reset
 .text.runtime_init_per_core_bootrom_reset
                0x10003578       0x14 CMakeFiles/graphics_test.dir/C_/Users/16073/.pico-sdk/sdk/2.1.0/src/rp2_common/pico_runtime_init/runtime_init.c.obj
                0x10003578                runtime_init_per_core_bootrom_reset
 .text.runtime_init_spin_locks_reset
                0x1000358c        0x4 CMakeFiles/graphics_test.dir/C_/Users/16073/.pico-sdk/sdk/2.1.0/src/rp2_common/pico_runtime_init/runtime_init.c.obj
                0x1000358c                runtime_init_spin_locks_reset
 .text.runtime_init_install_ram_vector_table
                0x10003590       0x20 CMakeFiles/graphics_test.dir/C_/Users/16073/.pico-sdk/sdk/2.1.0/src/rp2_common/pico_runtime_init/runtime_init.c.obj
                0x10003590                runtime_init_install_ram_vector_table
 .text.runtime_init_clocks
                0x100035b0       0xdc CMakeFiles/graphics_test.dir/C_/Users/16073/.pico-sdk/sdk/2.1.0/src/rp2_common/pico_runtime_init/runtime_init_clocks.c.obj
                0x100035b0                runtime_init_clocks
 .text.__rp2350_dcp_engaged_state_save_restore
                0x1000368c       0x3a CMakeFiles/graphics_test.dir/C_/Users/16073/.pico-sdk/sdk/2.1.0/src/rp2_common/pico_double/double_aeabi_dcp.S.obj
 *fill*         0x100036c6        0x2 
 .text.__wrap___aeabi_dadd
                0x100036c8       0x28 CMakeFiles/graphics_test.dir/C_/Users/16073/.pico-sdk/sdk/2.1.0/src/rp2_common/pico_double/double_aeabi_dcp.S.obj
                0x100036d0                __wrap___aeabi_dadd
 .text.__wrap___aeabi_dsub
                0x100036f0       0x28 CMakeFiles/graphics_test.dir/C_/Users/16073/.pico-sdk/sdk/2.1.0/src/rp2_common/pico_double/double_aeabi_dcp.S.obj
                0x100036f8                __wrap___aeabi_dsub
 .text.__wrap___aeabi_dmul
                0x10003718       0x4c CMakeFiles/graphics_test.dir/C_/Users/16073/.pico-sdk/sdk/2.1.0/src/rp2_common/pico_double/double_aeabi_dcp.S.obj
                0x10003720                __wrap___aeabi_dmul
 .text.__wrap___aeabi_ddiv
                0x10003764       0x9c CMakeFiles/graphics_test.dir/C_/Users/16073/.pico-sdk/sdk/2.1.0/src/rp2_common/pico_double/double_aeabi_dcp.S.obj
                0x1000376c                __wrap___aeabi_ddiv
 .text.__wrap___aeabi_d2f
                0x10003800       0x1c CMakeFiles/graphics_test.dir/C_/Users/16073/.pico-sdk/sdk/2.1.0/src/rp2_common/pico_double/double_aeabi_dcp.S.obj
                0x10003808                __wrap___aeabi_d2f
 .text.__wrap___aeabi_i2d
                0x1000381c       0x24 CMakeFiles/graphics_test.dir/C_/Users/16073/.pico-sdk/sdk/2.1.0/src/rp2_common/pico_double/double_aeabi_dcp.S.obj
                0x10003824                __wrap___aeabi_i2d
 .text.__wrap___aeabi_ui2d
                0x10003840       0x24 CMakeFiles/graphics_test.dir/C_/Users/16073/.pico-sdk/sdk/2.1.0/src/rp2_common/pico_double/double_aeabi_dcp.S.obj
                0x10003848                __wrap___aeabi_ui2d
 .text.__wrap___aeabi_d2iz
                0x10003864       0x24 CMakeFiles/graphics_test.dir/C_/Users/16073/.pico-sdk/sdk/2.1.0/src/rp2_common/pico_double/double_aeabi_dcp.S.obj
                0x1000386c                __wrap___aeabi_d2iz
 .text.__wrap___aeabi_d2uiz
                0x10003888       0x24 CMakeFiles/graphics_test.dir/C_/Users/16073/.pico-sdk/sdk/2.1.0/src/rp2_common/pico_double/double_aeabi_dcp.S.obj
                0x10003890                __wrap___aeabi_d2uiz
 .text.__wrap___aeabi_dcmpun
                0x100038ac       0x24 CMakeFiles/graphics_test.dir/C_/Users/16073/.pico-sdk/sdk/2.1.0/src/rp2_common/pico_double/double_aeabi_dcp.S.obj
                0x100038b4                __wrap___aeabi_dcmpun
 .text.__wrap___aeabi_dcmpeq
                0x100038d0       0x24 CMakeFiles/graphics_test.dir/C_/Users/16073/.pico-sdk/sdk/2.1.0/src/rp2_common/pico_double/double_aeabi_dcp.S.obj
                0x100038d8                __wrap___aeabi_dcmpeq
 .text.__wrap___aeabi_dcmplt
                0x100038f4       0x28 CMakeFiles/graphics_test.dir/C_/Users/16073/.pico-sdk/sdk/2.1.0/src/rp2_common/pico_double/double_aeabi_dcp.S.obj
                0x100038fc                __wrap___aeabi_dcmplt
 .text.__wrap___aeabi_dcmple
                0x1000391c       0x28 CMakeFiles/graphics_test.dir/C_/Users/16073/.pico-sdk/sdk/2.1.0/src/rp2_common/pico_double/double_aeabi_dcp.S.obj
                0x10003924                __wrap___aeabi_dcmple
 .text.__wrap___aeabi_dcmpge
                0x10003944       0x28 CMakeFiles/graphics_test.dir/C_/Users/16073/.pico-sdk/sdk/2.1.0/src/rp2_common/pico_double/double_aeabi_dcp.S.obj
                0x1000394c                __wrap___aeabi_dcmpge
 .text.__wrap___aeabi_dcmpgt
                0x1000396c       0x28 CMakeFiles/graphics_test.dir/C_/Users/16073/.pico-sdk/sdk/2.1.0/src/rp2_common/pico_double/double_aeabi_dcp.S.obj
                0x10003974                __wrap___aeabi_dcmpgt
 .text.rtwopi   0x10003994       0xa0 CMakeFiles/graphics_test.dir/C_/Users/16073/.pico-sdk/sdk/2.1.0/src/rp2_common/pico_double/double_sci_m33.S.obj
                0x10003998                rtwopi
 .text.drrcore  0x10003a34       0x64 CMakeFiles/graphics_test.dir/C_/Users/16073/.pico-sdk/sdk/2.1.0/src/rp2_common/pico_double/double_sci_m33.S.obj
 .text.__wrap_sin_cos
                0x10003a98      0x434 CMakeFiles/graphics_test.dir/C_/Users/16073/.pico-sdk/sdk/2.1.0/src/rp2_common/pico_double/double_sci_m33.S.obj
                0x10003c2c                __wrap_sincos
                0x10003c48                __wrap_sin
                0x10003c52                __wrap_cos
 .text.dpack    0x10003ecc       0x58 CMakeFiles/graphics_test.dir/C_/Users/16073/.pico-sdk/sdk/2.1.0/src/rp2_common/pico_double/double_sci_m33.S.obj
 .text.trigtab  0x10003f24      0x200 CMakeFiles/graphics_test.dir/C_/Users/16073/.pico-sdk/sdk/2.1.0/src/rp2_common/pico_double/double_sci_m33.S.obj
                0x10003f24                trigtab
 .text.__wrap_conv_tod
                0x10004124      0x20c CMakeFiles/graphics_test.dir/C_/Users/16073/.pico-sdk/sdk/2.1.0/src/rp2_common/pico_double/double_conv_m33.S.obj
                0x10004124                __wrap___aeabi_l2d
                0x10004124                int642double
                0x10004126                fix642double
                0x100041ca                __wrap___aeabi_ul2d
                0x100041ca                uint642double
                0x100041cc                ufix642double
                0x10004260                fix2double
                0x100042d0                ufix2double
 .text.__wrap_conv_dtoi64
                0x10004330       0xa0 CMakeFiles/graphics_test.dir/C_/Users/16073/.pico-sdk/sdk/2.1.0/src/rp2_common/pico_double/double_conv_m33.S.obj
                0x10004330                __wrap___aeabi_d2lz
                0x10004330                double2int64_z
                0x10004332                double2fix64_z
 .text.__wrap_malloc
                0x100043d0       0x38 CMakeFiles/graphics_test.dir/C_/Users/16073/.pico-sdk/sdk/2.1.0/src/rp2_common/pico_malloc/malloc.c.obj
                0x100043d0                __wrap_malloc
 .text.__wrap_realloc
                0x10004408       0x3c CMakeFiles/graphics_test.dir/C_/Users/16073/.pico-sdk/sdk/2.1.0/src/rp2_common/pico_malloc/malloc.c.obj
                0x10004408                __wrap_realloc
 .text.__wrap_free
                0x10004444       0x20 CMakeFiles/graphics_test.dir/C_/Users/16073/.pico-sdk/sdk/2.1.0/src/rp2_common/pico_malloc/malloc.c.obj
                0x10004444                __wrap_free
 .text._out_buffer
                0x10004464        0x8 CMakeFiles/graphics_test.dir/C_/Users/16073/.pico-sdk/sdk/2.1.0/src/rp2_common/pico_printf/printf.c.obj
 .text._out_null
                0x1000446c        0x4 CMakeFiles/graphics_test.dir/C_/Users/16073/.pico-sdk/sdk/2.1.0/src/rp2_common/pico_printf/printf.c.obj
 .text._out_rev
                0x10004470       0x9c CMakeFiles/graphics_test.dir/C_/Users/16073/.pico-sdk/sdk/2.1.0/src/rp2_common/pico_printf/printf.c.obj
 .text._ntoa_format
                0x1000450c      0x2a4 CMakeFiles/graphics_test.dir/C_/Users/16073/.pico-sdk/sdk/2.1.0/src/rp2_common/pico_printf/printf.c.obj
 .text._out_char
                0x100047b0        0x8 CMakeFiles/graphics_test.dir/C_/Users/16073/.pico-sdk/sdk/2.1.0/src/rp2_common/pico_printf/printf.c.obj
 .text._out_fct
                0x100047b8        0xc CMakeFiles/graphics_test.dir/C_/Users/16073/.pico-sdk/sdk/2.1.0/src/rp2_common/pico_printf/printf.c.obj
 *fill*         0x100047c4        0x4 
 .text._etoa    0x100047c8      0x460 CMakeFiles/graphics_test.dir/C_/Users/16073/.pico-sdk/sdk/2.1.0/src/rp2_common/pico_printf/printf.c.obj
 .text._ftoa    0x10004c28      0x3f4 CMakeFiles/graphics_test.dir/C_/Users/16073/.pico-sdk/sdk/2.1.0/src/rp2_common/pico_printf/printf.c.obj
 .text._vsnprintf
                0x1000501c      0x9e8 CMakeFiles/graphics_test.dir/C_/Users/16073/.pico-sdk/sdk/2.1.0/src/rp2_common/pico_printf/printf.c.obj
 .text.__wrap_sprintf
                0x10005a04       0x2c CMakeFiles/graphics_test.dir/C_/Users/16073/.pico-sdk/sdk/2.1.0/src/rp2_common/pico_printf/printf.c.obj
                0x10005a04                __wrap_sprintf
 .text.vfctprintf
                0x10005a30       0x28 CMakeFiles/graphics_test.dir/C_/Users/16073/.pico-sdk/sdk/2.1.0/src/rp2_common/pico_printf/printf.c.obj
                0x10005a30                vfctprintf
 .text.weak_raw_printf
                0x10005a58       0x48 CMakeFiles/graphics_test.dir/C_/Users/16073/.pico-sdk/sdk/2.1.0/src/rp2_common/pico_printf/printf.c.obj
                0x10005a58                weak_raw_printf
 .text.weak_raw_vprintf
                0x10005aa0       0x30 CMakeFiles/graphics_test.dir/C_/Users/16073/.pico-sdk/sdk/2.1.0/src/rp2_common/pico_printf/printf.c.obj
                0x10005aa0                weak_raw_vprintf
 .text._exit    0x10005ad0        0x4 CMakeFiles/graphics_test.dir/C_/Users/16073/.pico-sdk/sdk/2.1.0/src/rp2_common/pico_clib_interface/newlib_interface.c.obj
                0x10005ad0                _exit
 .text._sbrk    0x10005ad4       0x2c CMakeFiles/graphics_test.dir/C_/Users/16073/.pico-sdk/sdk/2.1.0/src/rp2_common/pico_clib_interface/newlib_interface.c.obj
                0x10005ad4                _sbrk
 .text.exit     0x10005b00        0x8 CMakeFiles/graphics_test.dir/C_/Users/16073/.pico-sdk/sdk/2.1.0/src/rp2_common/pico_clib_interface/newlib_interface.c.obj
                0x10005b00                exit
 .text.__assert_func
                0x10005b08       0x34 CMakeFiles/graphics_test.dir/C_/Users/16073/.pico-sdk/sdk/2.1.0/src/rp2_common/pico_clib_interface/newlib_interface.c.obj
                0x10005b08                __assert_func
 .text.runtime_init
                0x10005b3c       0x24 CMakeFiles/graphics_test.dir/C_/Users/16073/.pico-sdk/sdk/2.1.0/src/rp2_common/pico_clib_interface/newlib_interface.c.obj
                0x10005b3c                runtime_init
 .text.stdio_out_chars_no_crlf
                0x10005b60        0x8 CMakeFiles/graphics_test.dir/C_/Users/16073/.pico-sdk/sdk/2.1.0/src/rp2_common/pico_stdio/stdio.c.obj
 .text.stdio_out_chars_crlf
                0x10005b68       0xac CMakeFiles/graphics_test.dir/C_/Users/16073/.pico-sdk/sdk/2.1.0/src/rp2_common/pico_stdio/stdio.c.obj
 .text.stdio_buffered_printer
                0x10005c14       0x60 CMakeFiles/graphics_test.dir/C_/Users/16073/.pico-sdk/sdk/2.1.0/src/rp2_common/pico_stdio/stdio.c.obj
 .text.stdio_put_string
                0x10005c74       0xf0 CMakeFiles/graphics_test.dir/C_/Users/16073/.pico-sdk/sdk/2.1.0/src/rp2_common/pico_stdio/stdio.c.obj
                0x10005c74                stdio_put_string
 .text.stdio_set_driver_enabled
                0x10005d64       0x30 CMakeFiles/graphics_test.dir/C_/Users/16073/.pico-sdk/sdk/2.1.0/src/rp2_common/pico_stdio/stdio.c.obj
                0x10005d64                stdio_set_driver_enabled
 .text.stdio_init_all
                0x10005d94        0xc CMakeFiles/graphics_test.dir/C_/Users/16073/.pico-sdk/sdk/2.1.0/src/rp2_common/pico_stdio/stdio.c.obj
                0x10005d94                stdio_init_all
 .text.__wrap_putchar
                0x10005da0       0x84 CMakeFiles/graphics_test.dir/C_/Users/16073/.pico-sdk/sdk/2.1.0/src/rp2_common/pico_stdio/stdio.c.obj
                0x10005da0                __wrap_putchar
                0x10005da0                stdio_putchar
 .text.__wrap_puts
                0x10005e24       0x3c CMakeFiles/graphics_test.dir/C_/Users/16073/.pico-sdk/sdk/2.1.0/src/rp2_common/pico_stdio/stdio.c.obj
                0x10005e24                stdio_puts
                0x10005e24                __wrap_puts
 .text.__wrap_vprintf
                0x10005e60       0xc8 CMakeFiles/graphics_test.dir/C_/Users/16073/.pico-sdk/sdk/2.1.0/src/rp2_common/pico_stdio/stdio.c.obj
                0x10005e60                stdio_vprintf
                0x10005e60                __wrap_vprintf
 .text.__wrap_printf
                0x10005f28       0x1c CMakeFiles/graphics_test.dir/C_/Users/16073/.pico-sdk/sdk/2.1.0/src/rp2_common/pico_stdio/stdio.c.obj
                0x10005f28                __wrap_printf
                0x10005f28                stdio_printf
 .text.stdio_uart_out_chars
                0x10005f44       0x50 CMakeFiles/graphics_test.dir/C_/Users/16073/.pico-sdk/sdk/2.1.0/src/rp2_common/pico_stdio_uart/stdio_uart.c.obj
 .text.stdio_uart_in_chars
                0x10005f94       0x94 CMakeFiles/graphics_test.dir/C_/Users/16073/.pico-sdk/sdk/2.1.0/src/rp2_common/pico_stdio_uart/stdio_uart.c.obj
                0x10005f94                stdio_uart_in_chars
 .text.on_uart_rx
                0x10006028       0x24 CMakeFiles/graphics_test.dir/C_/Users/16073/.pico-sdk/sdk/2.1.0/src/rp2_common/pico_stdio_uart/stdio_uart.c.obj
 .text.stdio_uart_out_flush
                0x1000604c       0x10 CMakeFiles/graphics_test.dir/C_/Users/16073/.pico-sdk/sdk/2.1.0/src/rp2_common/pico_stdio_uart/stdio_uart.c.obj
 .text.stdio_uart_set_chars_available_callback
                0x1000605c       0x88 CMakeFiles/graphics_test.dir/C_/Users/16073/.pico-sdk/sdk/2.1.0/src/rp2_common/pico_stdio_uart/stdio_uart.c.obj
 .text.stdio_uart_init
                0x100060e4       0x54 CMakeFiles/graphics_test.dir/C_/Users/16073/.pico-sdk/sdk/2.1.0/src/rp2_common/pico_stdio_uart/stdio_uart.c.obj
                0x100060e4                stdio_uart_init
 .text.startup.boot_double_tap_check
                0x10006138       0x40 CMakeFiles/graphics_test.dir/C_/Users/16073/.pico-sdk/sdk/2.1.0/src/rp2_common/pico_bootsel_via_double_reset/pico_bootsel_via_double_reset.c.obj
 .text.pio_add_program
                0x10006178       0xf8 CMakeFiles/graphics_test.dir/C_/Users/16073/.pico-sdk/sdk/2.1.0/src/rp2_common/hardware_pio/pio.c.obj
                0x10006178                pio_add_program
 .text.pio_sm_set_consecutive_pindirs
                0x10006270       0x8c CMakeFiles/graphics_test.dir/C_/Users/16073/.pico-sdk/sdk/2.1.0/src/rp2_common/hardware_pio/pio.c.obj
                0x10006270                pio_sm_set_consecutive_pindirs
 .text.pio_sm_init
                0x100062fc       0xa8 CMakeFiles/graphics_test.dir/C_/Users/16073/.pico-sdk/sdk/2.1.0/src/rp2_common/hardware_pio/pio.c.obj
                0x100062fc                pio_sm_init
 .text.dma_claim_unused_channel
                0x100063a4       0x20 CMakeFiles/graphics_test.dir/C_/Users/16073/.pico-sdk/sdk/2.1.0/src/rp2_common/hardware_dma/dma.c.obj
                0x100063a4                dma_claim_unused_channel
 .text.adc_init
                0x100063c4       0x30 CMakeFiles/graphics_test.dir/C_/Users/16073/.pico-sdk/sdk/2.1.0/src/rp2_common/hardware_adc/adc.c.obj
                0x100063c4                adc_init
 .text.spi_init
                0x100063f4       0xf4 CMakeFiles/graphics_test.dir/C_/Users/16073/.pico-sdk/sdk/2.1.0/src/rp2_common/hardware_spi/spi.c.obj
                0x100063f4                spi_init
 .text.core1_trampoline
                0x100064e8        0x4 CMakeFiles/graphics_test.dir/C_/Users/16073/.pico-sdk/sdk/2.1.0/src/rp2_common/pico_multicore/multicore.c.obj
 .text.core1_wrapper
                0x100064ec       0x10 CMakeFiles/graphics_test.dir/C_/Users/16073/.pico-sdk/sdk/2.1.0/src/rp2_common/pico_multicore/multicore.c.obj
                0x100064ec                core1_wrapper
 .text.multicore_reset_core1
                0x100064fc       0x5c CMakeFiles/graphics_test.dir/C_/Users/16073/.pico-sdk/sdk/2.1.0/src/rp2_common/pico_multicore/multicore.c.obj
                0x100064fc                multicore_reset_core1
 .text.multicore_launch_core1_raw
                0x10006558       0x88 CMakeFiles/graphics_test.dir/C_/Users/16073/.pico-sdk/sdk/2.1.0/src/rp2_common/pico_multicore/multicore.c.obj
                0x10006558                multicore_launch_core1_raw
 .text.multicore_launch_core1
                0x100065e0       0x48 CMakeFiles/graphics_test.dir/C_/Users/16073/.pico-sdk/sdk/2.1.0/src/rp2_common/pico_multicore/multicore.c.obj
                0x100065e0                multicore_launch_core1
 .text._calloc_r
                0x10006628       0x70 C:/Users/16073/.pico-sdk/toolchain/13_3_Rel1/bin/../lib/gcc/arm-none-eabi/13.3.1/thumb/v8-m.main+fp/softfp\libg.a(libc_a-callocr.o)
                0x10006628                _calloc_r
 .text.malloc   0x10006698       0x10 C:/Users/16073/.pico-sdk/toolchain/13_3_Rel1/bin/../lib/gcc/arm-none-eabi/13.3.1/thumb/v8-m.main+fp/softfp\libg.a(libc_a-malloc.o)
                0x10006698                malloc
 .text.free     0x100066a8       0x10 C:/Users/16073/.pico-sdk/toolchain/13_3_Rel1/bin/../lib/gcc/arm-none-eabi/13.3.1/thumb/v8-m.main+fp/softfp\libg.a(libc_a-malloc.o)
                0x100066a8                free
 .text._malloc_r
                0x100066b8      0x554 C:/Users/16073/.pico-sdk/toolchain/13_3_Rel1/bin/../lib/gcc/arm-none-eabi/13.3.1/thumb/v8-m.main+fp/softfp\libg.a(libc_a-mallocr.o)
                0x100066b8                _malloc_r
 .text.__malloc_lock
                0x10006c0c        0xc C:/Users/16073/.pico-sdk/toolchain/13_3_Rel1/bin/../lib/gcc/arm-none-eabi/13.3.1/thumb/v8-m.main+fp/softfp\libg.a(libc_a-mlock.o)
                0x10006c0c                __malloc_lock
 .text.__malloc_unlock
                0x10006c18        0xc C:/Users/16073/.pico-sdk/toolchain/13_3_Rel1/bin/../lib/gcc/arm-none-eabi/13.3.1/thumb/v8-m.main+fp/softfp\libg.a(libc_a-mlock.o)
                0x10006c18                __malloc_unlock
 .text.realloc  0x10006c24       0x10 C:/Users/16073/.pico-sdk/toolchain/13_3_Rel1/bin/../lib/gcc/arm-none-eabi/13.3.1/thumb/v8-m.main+fp/softfp\libg.a(libc_a-realloc.o)
                0x10006c24                realloc
 .text._realloc_r
                0x10006c34      0x370 C:/Users/16073/.pico-sdk/toolchain/13_3_Rel1/bin/../lib/gcc/arm-none-eabi/13.3.1/thumb/v8-m.main+fp/softfp\libg.a(libc_a-reallocr.o)
                0x10006c34                _realloc_r
 .text.sscanf   0x10006fa4       0x58 C:/Users/16073/.pico-sdk/toolchain/13_3_Rel1/bin/../lib/gcc/arm-none-eabi/13.3.1/thumb/v8-m.main+fp/softfp\libg.a(libc_a-sscanf.o)
                0x10006fa4                sscanf
 .text.__seofread
                0x10006ffc        0x4 C:/Users/16073/.pico-sdk/toolchain/13_3_Rel1/bin/../lib/gcc/arm-none-eabi/13.3.1/thumb/v8-m.main+fp/softfp\libg.a(libc_a-stdio.o)
                0x10006ffc                __seofread
 .text.memmove  0x10007000      0x100 C:/Users/16073/.pico-sdk/toolchain/13_3_Rel1/bin/../lib/gcc/arm-none-eabi/13.3.1/thumb/v8-m.main+fp/softfp\libg.a(libc_a-memmove.o)
                0x10007000                memmove
 .text.memset   0x10007100       0xa4 C:/Users/16073/.pico-sdk/toolchain/13_3_Rel1/bin/../lib/gcc/arm-none-eabi/13.3.1/thumb/v8-m.main+fp/softfp\libg.a(libc_a-memset.o)
                0x10007100                memset
 .text.strrchr  0x100071a4       0x2c C:/Users/16073/.pico-sdk/toolchain/13_3_Rel1/bin/../lib/gcc/arm-none-eabi/13.3.1/thumb/v8-m.main+fp/softfp\libg.a(libc_a-strrchr.o)
                0x100071a4                strrchr
 .text.strtok   0x100071d0       0x10 C:/Users/16073/.pico-sdk/toolchain/13_3_Rel1/bin/../lib/gcc/arm-none-eabi/13.3.1/thumb/v8-m.main+fp/softfp\libg.a(libc_a-strtok.o)
                0x100071d0                strtok
 .text.__strtok_r
                0x100071e0       0x64 C:/Users/16073/.pico-sdk/toolchain/13_3_Rel1/bin/../lib/gcc/arm-none-eabi/13.3.1/thumb/v8-m.main+fp/softfp\libg.a(libc_a-strtok_r.o)
                0x100071e0                __strtok_r
 .text._sbrk_r  0x10007244       0x24 C:/Users/16073/.pico-sdk/toolchain/13_3_Rel1/bin/../lib/gcc/arm-none-eabi/13.3.1/thumb/v8-m.main+fp/softfp\libg.a(libc_a-sbrkr.o)
                0x10007244                _sbrk_r
 .text.__errno  0x10007268        0xc C:/Users/16073/.pico-sdk/toolchain/13_3_Rel1/bin/../lib/gcc/arm-none-eabi/13.3.1/thumb/v8-m.main+fp/softfp\libg.a(libc_a-errno.o)
                0x10007268                __errno
 .text.__retarget_lock_acquire_recursive
                0x10007274        0x4 C:/Users/16073/.pico-sdk/toolchain/13_3_Rel1/bin/../lib/gcc/arm-none-eabi/13.3.1/thumb/v8-m.main+fp/softfp\libg.a(libc_a-lock.o)
                0x10007274                __retarget_lock_acquire_recursive
 .text.__retarget_lock_release_recursive
                0x10007278        0x4 C:/Users/16073/.pico-sdk/toolchain/13_3_Rel1/bin/../lib/gcc/arm-none-eabi/13.3.1/thumb/v8-m.main+fp/softfp\libg.a(libc_a-lock.o)
                0x10007278                __retarget_lock_release_recursive
 .text.sysconf  0x1000727c       0x1c C:/Users/16073/.pico-sdk/toolchain/13_3_Rel1/bin/../lib/gcc/arm-none-eabi/13.3.1/thumb/v8-m.main+fp/softfp\libg.a(libc_a-sysconf.o)
                0x1000727c                sysconf
 .text          0x10007298      0x1bc C:/Users/16073/.pico-sdk/toolchain/13_3_Rel1/bin/../lib/gcc/arm-none-eabi/13.3.1/thumb/v8-m.main+fp/softfp\libg.a(libc_a-strcmp.o)
                0x10007298                strcmp
 .text          0x10007454       0xec C:/Users/16073/.pico-sdk/toolchain/13_3_Rel1/bin/../lib/gcc/arm-none-eabi/13.3.1/thumb/v8-m.main+fp/softfp\libg.a(libc_a-memcpy.o)
                0x10007454                memcpy
 .text.strlen   0x10007540       0x5c C:/Users/16073/.pico-sdk/toolchain/13_3_Rel1/bin/../lib/gcc/arm-none-eabi/13.3.1/thumb/v8-m.main+fp/softfp\libg.a(libc_a-strlen-stub.o)
                0x10007540                strlen
 .text._malloc_trim_r
                0x1000759c       0xb8 C:/Users/16073/.pico-sdk/toolchain/13_3_Rel1/bin/../lib/gcc/arm-none-eabi/13.3.1/thumb/v8-m.main+fp/softfp\libg.a(libc_a-freer.o)
                0x1000759c                _malloc_trim_r
 .text._free_r  0x10007654      0x1f8 C:/Users/16073/.pico-sdk/toolchain/13_3_Rel1/bin/../lib/gcc/arm-none-eabi/13.3.1/thumb/v8-m.main+fp/softfp\libg.a(libc_a-freer.o)
                0x10007654                _free_r
 .text._strtoul_l.isra.0
                0x1000784c      0x128 C:/Users/16073/.pico-sdk/toolchain/13_3_Rel1/bin/../lib/gcc/arm-none-eabi/13.3.1/thumb/v8-m.main+fp/softfp\libg.a(libc_a-strtoul.o)
 .text._strtoul_r
                0x10007974        0x4 C:/Users/16073/.pico-sdk/toolchain/13_3_Rel1/bin/../lib/gcc/arm-none-eabi/13.3.1/thumb/v8-m.main+fp/softfp\libg.a(libc_a-strtoul.o)
                0x10007974                _strtoul_r
 .text._sungetc_r
                0x10007978       0x7c C:/Users/16073/.pico-sdk/toolchain/13_3_Rel1/bin/../lib/gcc/arm-none-eabi/13.3.1/thumb/v8-m.main+fp/softfp\libg.a(libc_a-svfiscanf.o)
                0x10007978                _sungetc_r
 .text.__ssrefill_r
                0x100079f4       0x38 C:/Users/16073/.pico-sdk/toolchain/13_3_Rel1/bin/../lib/gcc/arm-none-eabi/13.3.1/thumb/v8-m.main+fp/softfp\libg.a(libc_a-svfiscanf.o)
                0x100079f4                __ssrefill_r
 .text._sfread_r
                0x10007a2c       0xa4 C:/Users/16073/.pico-sdk/toolchain/13_3_Rel1/bin/../lib/gcc/arm-none-eabi/13.3.1/thumb/v8-m.main+fp/softfp\libg.a(libc_a-svfiscanf.o)
                0x10007a2c                _sfread_r
 .text.__ssvfscanf_r
                0x10007ad0     0x18b4 C:/Users/16073/.pico-sdk/toolchain/13_3_Rel1/bin/../lib/gcc/arm-none-eabi/13.3.1/thumb/v8-m.main+fp/softfp\libg.a(libc_a-svfscanf.o)
                0x10007ad0                __ssvfscanf_r
 .text.__sccl   0x10009384       0xa0 C:/Users/16073/.pico-sdk/toolchain/13_3_Rel1/bin/../lib/gcc/arm-none-eabi/13.3.1/thumb/v8-m.main+fp/softfp\libg.a(libc_a-sccl.o)
                0x10009384                __sccl
 .text.__submore
                0x10009424       0x74 C:/Users/16073/.pico-sdk/toolchain/13_3_Rel1/bin/../lib/gcc/arm-none-eabi/13.3.1/thumb/v8-m.main+fp/softfp\libg.a(libc_a-ungetc.o)
                0x10009424                __submore
 .text.strchr   0x10009498       0xd0 C:/Users/16073/.pico-sdk/toolchain/13_3_Rel1/bin/../lib/gcc/arm-none-eabi/13.3.1/thumb/v8-m.main+fp/softfp\libg.a(libc_a-strchr.o)
                0x10009498                strchr
 .text.strncmp  0x10009568       0x80 C:/Users/16073/.pico-sdk/toolchain/13_3_Rel1/bin/../lib/gcc/arm-none-eabi/13.3.1/thumb/v8-m.main+fp/softfp\libg.a(libc_a-strncmp.o)
                0x10009568                strncmp
 .text.stpncpy  0x100095e8       0x80 C:/Users/16073/.pico-sdk/toolchain/13_3_Rel1/bin/../lib/gcc/arm-none-eabi/13.3.1/thumb/v8-m.main+fp/softfp\libg.a(libc_a-stpncpy.o)
                0x100095e8                stpncpy
 .text.__locale_mb_cur_max
                0x10009668        0xc C:/Users/16073/.pico-sdk/toolchain/13_3_Rel1/bin/../lib/gcc/arm-none-eabi/13.3.1/thumb/v8-m.main+fp/softfp\libg.a(libc_a-locale.o)
                0x10009668                __locale_mb_cur_max
 .text._localeconv_r
                0x10009674        0x8 C:/Users/16073/.pico-sdk/toolchain/13_3_Rel1/bin/../lib/gcc/arm-none-eabi/13.3.1/thumb/v8-m.main+fp/softfp\libg.a(libc_a-localeconv.o)
                0x10009674                _localeconv_r
 .text.nanf     0x1000967c        0x8 C:/Users/16073/.pico-sdk/toolchain/13_3_Rel1/bin/../lib/gcc/arm-none-eabi/13.3.1/thumb/v8-m.main+fp/softfp\libg.a(libm_a-sf_nan.o)
                0x1000967c                nanf
 .text.__ascii_mbtowc
                0x10009684       0x2c C:/Users/16073/.pico-sdk/toolchain/13_3_Rel1/bin/../lib/gcc/arm-none-eabi/13.3.1/thumb/v8-m.main+fp/softfp\libg.a(libc_a-mbtowc_r.o)
                0x10009684                __ascii_mbtowc
 .text._strtod_l
                0x100096b0      0xf98 C:/Users/16073/.pico-sdk/toolchain/13_3_Rel1/bin/../lib/gcc/arm-none-eabi/13.3.1/thumb/v8-m.main+fp/softfp\libg.a(libc_a-strtod.o)
                0x100096b0                _strtod_l
 .text._strtod_r
                0x1000a648        0xc C:/Users/16073/.pico-sdk/toolchain/13_3_Rel1/bin/../lib/gcc/arm-none-eabi/13.3.1/thumb/v8-m.main+fp/softfp\libg.a(libc_a-strtod.o)
                0x1000a648                _strtod_r
 .text._strtol_l.part.0
                0x1000a654      0x10c C:/Users/16073/.pico-sdk/toolchain/13_3_Rel1/bin/../lib/gcc/arm-none-eabi/13.3.1/thumb/v8-m.main+fp/softfp\libg.a(libc_a-strtol.o)
 .text._strtol_r
                0x1000a760       0x1c C:/Users/16073/.pico-sdk/toolchain/13_3_Rel1/bin/../lib/gcc/arm-none-eabi/13.3.1/thumb/v8-m.main+fp/softfp\libg.a(libc_a-strtol.o)
                0x1000a760                _strtol_r
 .text.__ascii_wctomb
                0x1000a77c       0x1c C:/Users/16073/.pico-sdk/toolchain/13_3_Rel1/bin/../lib/gcc/arm-none-eabi/13.3.1/thumb/v8-m.main+fp/softfp\libg.a(libc_a-wctomb_r.o)
                0x1000a77c                __ascii_wctomb
 .text._strtoll_l.isra.0
                0x1000a798      0x168 C:/Users/16073/.pico-sdk/toolchain/13_3_Rel1/bin/../lib/gcc/arm-none-eabi/13.3.1/thumb/v8-m.main+fp/softfp\libg.a(libc_a-strtoll.o)
 .text._strtoll_r
                0x1000a900        0x4 C:/Users/16073/.pico-sdk/toolchain/13_3_Rel1/bin/../lib/gcc/arm-none-eabi/13.3.1/thumb/v8-m.main+fp/softfp\libg.a(libc_a-strtoll.o)
                0x1000a900                _strtoll_r
 .text._strtoull_l.isra.0
                0x1000a904      0x18c C:/Users/16073/.pico-sdk/toolchain/13_3_Rel1/bin/../lib/gcc/arm-none-eabi/13.3.1/thumb/v8-m.main+fp/softfp\libg.a(libc_a-strtoull.o)
 .text._strtoull_r
                0x1000aa90        0x4 C:/Users/16073/.pico-sdk/toolchain/13_3_Rel1/bin/../lib/gcc/arm-none-eabi/13.3.1/thumb/v8-m.main+fp/softfp\libg.a(libc_a-strtoull.o)
                0x1000aa90                _strtoull_r
 .text._mbrtowc_r
                0x1000aa94       0x54 C:/Users/16073/.pico-sdk/toolchain/13_3_Rel1/bin/../lib/gcc/arm-none-eabi/13.3.1/thumb/v8-m.main+fp/softfp\libg.a(libc_a-mbrtowc.o)
                0x1000aa94                _mbrtowc_r
 .text.iswspace
                0x1000aae8        0x8 C:/Users/16073/.pico-sdk/toolchain/13_3_Rel1/bin/../lib/gcc/arm-none-eabi/13.3.1/thumb/v8-m.main+fp/softfp\libg.a(libc_a-iswspace.o)
                0x1000aae8                iswspace
 .text.iswspace_l
                0x1000aaf0       0x28 C:/Users/16073/.pico-sdk/toolchain/13_3_Rel1/bin/../lib/gcc/arm-none-eabi/13.3.1/thumb/v8-m.main+fp/softfp\libg.a(libc_a-iswspace_l.o)
                0x1000aaf0                iswspace_l
 .text.__jp2uc  0x1000ab18      0x14c C:/Users/16073/.pico-sdk/toolchain/13_3_Rel1/bin/../lib/gcc/arm-none-eabi/13.3.1/thumb/v8-m.main+fp/softfp\libg.a(libc_a-jp2uc.o)
 .text._jp2uc_l
                0x1000ac64       0x64 C:/Users/16073/.pico-sdk/toolchain/13_3_Rel1/bin/../lib/gcc/arm-none-eabi/13.3.1/thumb/v8-m.main+fp/softfp\libg.a(libc_a-jp2uc.o)
                0x1000ac64                _jp2uc_l
 .text.nan      0x1000acc8        0xc C:/Users/16073/.pico-sdk/toolchain/13_3_Rel1/bin/../lib/gcc/arm-none-eabi/13.3.1/thumb/v8-m.main+fp/softfp\libg.a(libm_a-s_nan.o)
                0x1000acc8                nan
 .text.rshift   0x1000acd4       0xa4 C:/Users/16073/.pico-sdk/toolchain/13_3_Rel1/bin/../lib/gcc/arm-none-eabi/13.3.1/thumb/v8-m.main+fp/softfp\libg.a(libc_a-gdtoa-gethex.o)
 .text.__gethex
                0x1000ad78      0x59c C:/Users/16073/.pico-sdk/toolchain/13_3_Rel1/bin/../lib/gcc/arm-none-eabi/13.3.1/thumb/v8-m.main+fp/softfp\libg.a(libc_a-gdtoa-gethex.o)
                0x1000ad78                __gethex
 .text.__match  0x1000b314       0x34 C:/Users/16073/.pico-sdk/toolchain/13_3_Rel1/bin/../lib/gcc/arm-none-eabi/13.3.1/thumb/v8-m.main+fp/softfp\libg.a(libc_a-gdtoa-hexnan.o)
                0x1000b314                __match
 .text.__hexnan
                0x1000b348      0x1c0 C:/Users/16073/.pico-sdk/toolchain/13_3_Rel1/bin/../lib/gcc/arm-none-eabi/13.3.1/thumb/v8-m.main+fp/softfp\libg.a(libc_a-gdtoa-hexnan.o)
                0x1000b348                __hexnan
 .text._Balloc  0x1000b508       0x4c C:/Users/16073/.pico-sdk/toolchain/13_3_Rel1/bin/../lib/gcc/arm-none-eabi/13.3.1/thumb/v8-m.main+fp/softfp\libg.a(libc_a-mprec.o)
                0x1000b508                _Balloc
 .text._Bfree   0x1000b554       0x14 C:/Users/16073/.pico-sdk/toolchain/13_3_Rel1/bin/../lib/gcc/arm-none-eabi/13.3.1/thumb/v8-m.main+fp/softfp\libg.a(libc_a-mprec.o)
                0x1000b554                _Bfree
 .text.__multadd
                0x1000b568       0xa4 C:/Users/16073/.pico-sdk/toolchain/13_3_Rel1/bin/../lib/gcc/arm-none-eabi/13.3.1/thumb/v8-m.main+fp/softfp\libg.a(libc_a-mprec.o)
                0x1000b568                __multadd
 .text.__s2b    0x1000b60c       0xb0 C:/Users/16073/.pico-sdk/toolchain/13_3_Rel1/bin/../lib/gcc/arm-none-eabi/13.3.1/thumb/v8-m.main+fp/softfp\libg.a(libc_a-mprec.o)
                0x1000b60c                __s2b
 .text.__hi0bits
                0x1000b6bc       0x48 C:/Users/16073/.pico-sdk/toolchain/13_3_Rel1/bin/../lib/gcc/arm-none-eabi/13.3.1/thumb/v8-m.main+fp/softfp\libg.a(libc_a-mprec.o)
                0x1000b6bc                __hi0bits
 .text.__lo0bits
                0x1000b704       0x60 C:/Users/16073/.pico-sdk/toolchain/13_3_Rel1/bin/../lib/gcc/arm-none-eabi/13.3.1/thumb/v8-m.main+fp/softfp\libg.a(libc_a-mprec.o)
                0x1000b704                __lo0bits
 .text.__i2b    0x1000b764       0x5c C:/Users/16073/.pico-sdk/toolchain/13_3_Rel1/bin/../lib/gcc/arm-none-eabi/13.3.1/thumb/v8-m.main+fp/softfp\libg.a(libc_a-mprec.o)
                0x1000b764                __i2b
 .text.__multiply
                0x1000b7c0      0x164 C:/Users/16073/.pico-sdk/toolchain/13_3_Rel1/bin/../lib/gcc/arm-none-eabi/13.3.1/thumb/v8-m.main+fp/softfp\libg.a(libc_a-mprec.o)
                0x1000b7c0                __multiply
 .text.__pow5mult
                0x1000b924       0xb4 C:/Users/16073/.pico-sdk/toolchain/13_3_Rel1/bin/../lib/gcc/arm-none-eabi/13.3.1/thumb/v8-m.main+fp/softfp\libg.a(libc_a-mprec.o)
                0x1000b924                __pow5mult
 .text.__lshift
                0x1000b9d8       0xe8 C:/Users/16073/.pico-sdk/toolchain/13_3_Rel1/bin/../lib/gcc/arm-none-eabi/13.3.1/thumb/v8-m.main+fp/softfp\libg.a(libc_a-mprec.o)
                0x1000b9d8                __lshift
 .text.__mcmp   0x1000bac0       0x44 C:/Users/16073/.pico-sdk/toolchain/13_3_Rel1/bin/../lib/gcc/arm-none-eabi/13.3.1/thumb/v8-m.main+fp/softfp\libg.a(libc_a-mprec.o)
                0x1000bac0                __mcmp
 .text.__mdiff  0x1000bb04      0x180 C:/Users/16073/.pico-sdk/toolchain/13_3_Rel1/bin/../lib/gcc/arm-none-eabi/13.3.1/thumb/v8-m.main+fp/softfp\libg.a(libc_a-mprec.o)
                0x1000bb04                __mdiff
 .text.__ulp    0x1000bc84       0x4c C:/Users/16073/.pico-sdk/toolchain/13_3_Rel1/bin/../lib/gcc/arm-none-eabi/13.3.1/thumb/v8-m.main+fp/softfp\libg.a(libc_a-mprec.o)
                0x1000bc84                __ulp
 .text.__b2d    0x1000bcd0       0xc4 C:/Users/16073/.pico-sdk/toolchain/13_3_Rel1/bin/../lib/gcc/arm-none-eabi/13.3.1/thumb/v8-m.main+fp/softfp\libg.a(libc_a-mprec.o)
                0x1000bcd0                __b2d
 .text.__d2b    0x1000bd94       0xc0 C:/Users/16073/.pico-sdk/toolchain/13_3_Rel1/bin/../lib/gcc/arm-none-eabi/13.3.1/thumb/v8-m.main+fp/softfp\libg.a(libc_a-mprec.o)
                0x1000bd94                __d2b
 .text.__ratio  0x1000be54       0x5c C:/Users/16073/.pico-sdk/toolchain/13_3_Rel1/bin/../lib/gcc/arm-none-eabi/13.3.1/thumb/v8-m.main+fp/softfp\libg.a(libc_a-mprec.o)
                0x1000be54                __ratio
 .text.__copybits
                0x1000beb0       0x5c C:/Users/16073/.pico-sdk/toolchain/13_3_Rel1/bin/../lib/gcc/arm-none-eabi/13.3.1/thumb/v8-m.main+fp/softfp\libg.a(libc_a-mprec.o)
                0x1000beb0                __copybits
 .text.__any_on
                0x1000bf0c       0x5c C:/Users/16073/.pico-sdk/toolchain/13_3_Rel1/bin/../lib/gcc/arm-none-eabi/13.3.1/thumb/v8-m.main+fp/softfp\libg.a(libc_a-mprec.o)
                0x1000bf0c                __any_on
 .text.category
                0x1000bf68       0x60 C:/Users/16073/.pico-sdk/toolchain/13_3_Rel1/bin/../lib/gcc/arm-none-eabi/13.3.1/thumb/v8-m.main+fp/softfp\libg.a(libc_a-categories.o)
                0x1000bf68                category
 *(.fini)
 .fini          0x1000bfc8        0x4 C:/Users/16073/.pico-sdk/toolchain/13_3_Rel1/bin/../lib/gcc/arm-none-eabi/13.3.1/thumb/v8-m.main+fp/softfp/crti.o
                0x1000bfc8                _fini
 *fill*         0x1000bfcc        0x4 
 .fini.__stub   0x1000bfd0       0x28 linker stubs
 *crtbegin.o(.ctors)
 *crtbegin?.o(.ctors)
 *(EXCLUDE_FILE(*crtend.o *crtend?.o) .ctors)
 *(SORT_BY_NAME(.ctors.*))
 *(.ctors)
 *crtbegin.o(.dtors)
 *crtbegin?.o(.dtors)
 *(EXCLUDE_FILE(*crtend.o *crtend?.o) .dtors)
 *(SORT_BY_NAME(.dtors.*))
 *(.dtors)
                0x1000bff8                        . = ALIGN (0x4)
                0x1000bff8                        PROVIDE (__preinit_array_start = .)
 *(SORT_BY_NAME(.preinit_array.*))
 .preinit_array.00050
                0x1000bff8        0x4 CMakeFiles/graphics_test.dir/C_/Users/16073/.pico-sdk/sdk/2.1.0/src/rp2_common/pico_runtime_init/runtime_init.c.obj
                0x1000bff8                __pre_init_runtime_init_bootrom_reset
 .preinit_array.00100
                0x1000bffc        0x4 CMakeFiles/graphics_test.dir/C_/Users/16073/.pico-sdk/sdk/2.1.0/src/rp2_common/pico_runtime_init/runtime_init.c.obj
                0x1000bffc                __pre_init_runtime_init_early_resets
 .preinit_array.00101
                0x1000c000        0x4 CMakeFiles/graphics_test.dir/C_/Users/16073/.pico-sdk/sdk/2.1.0/src/rp2_common/pico_runtime_init/runtime_init.c.obj
                0x1000c000                __pre_init_runtime_init_usb_power_down
 .preinit_array.00500
                0x1000c004        0x4 CMakeFiles/graphics_test.dir/C_/Users/16073/.pico-sdk/sdk/2.1.0/src/rp2_common/pico_runtime_init/runtime_init.c.obj
                0x1000c004                __pre_init_runtime_init_clocks
 .preinit_array.00600
                0x1000c008        0x4 CMakeFiles/graphics_test.dir/C_/Users/16073/.pico-sdk/sdk/2.1.0/src/rp2_common/pico_runtime_init/runtime_init.c.obj
                0x1000c008                __pre_init_runtime_init_post_clock_resets
 .preinit_array.01000
                0x1000c00c        0x4 CMakeFiles/graphics_test.dir/C_/Users/16073/.pico-sdk/sdk/2.1.0/src/rp2_common/hardware_boot_lock/boot_lock.c.obj
                0x1000c00c                __pre_init_runtime_init_boot_locks_reset
 .preinit_array.01000
                0x1000c010        0x4 CMakeFiles/graphics_test.dir/C_/Users/16073/.pico-sdk/sdk/2.1.0/src/rp2_common/pico_runtime_init/runtime_init.c.obj
                0x1000c010                __pre_init_runtime_init_spin_locks_reset
 .preinit_array.01010
                0x1000c014        0x4 CMakeFiles/graphics_test.dir/C_/Users/16073/.pico-sdk/sdk/2.1.0/src/rp2_common/pico_bootrom/bootrom_lock.c.obj
                0x1000c014                __pre_init_runtime_init_bootrom_locking_enable
 .preinit_array.01100
                0x1000c018        0x4 CMakeFiles/graphics_test.dir/C_/Users/16073/.pico-sdk/sdk/2.1.0/src/common/pico_sync/mutex.c.obj
                0x1000c018                __pre_init_runtime_init_mutex
 .preinit_array.10080
                0x1000c01c        0x4 CMakeFiles/graphics_test.dir/C_/Users/16073/.pico-sdk/sdk/2.1.0/src/rp2_common/pico_runtime_init/runtime_init.c.obj
                0x1000c01c                __pre_init_runtime_init_install_ram_vector_table
 .preinit_array.11000
                0x1000c020        0x4 CMakeFiles/graphics_test.dir/C_/Users/16073/.pico-sdk/sdk/2.1.0/src/common/pico_time/time.c.obj
                0x1000c020                __pre_init_runtime_init_default_alarm_pool
 .preinit_array.YYYYY
                0x1000c024        0x4 CMakeFiles/graphics_test.dir/C_/Users/16073/.pico-sdk/sdk/2.1.0/src/rp2_common/pico_runtime/runtime.c.obj
                0x1000c024                __pre_init_first_per_core_initializer
 .preinit_array.ZZZZZ.00051
                0x1000c028        0x4 CMakeFiles/graphics_test.dir/C_/Users/16073/.pico-sdk/sdk/2.1.0/src/rp2_common/pico_runtime_init/runtime_init.c.obj
                0x1000c028                __pre_init_runtime_init_per_core_bootrom_reset
 .preinit_array.ZZZZZ.00200
                0x1000c02c        0x4 CMakeFiles/graphics_test.dir/C_/Users/16073/.pico-sdk/sdk/2.1.0/src/rp2_common/pico_runtime_init/runtime_init.c.obj
                0x1000c02c                __pre_init_runtime_init_per_core_enable_coprocessors
 .preinit_array.ZZZZZ.01000
                0x1000c030        0x4 CMakeFiles/graphics_test.dir/C_/Users/16073/.pico-sdk/sdk/2.1.0/src/rp2_common/hardware_sync_spin_lock/sync_spin_lock.c.obj
                0x1000c030                __pre_init_spinlock_set_extexclall
 .preinit_array.ZZZZZ.01200
                0x1000c034        0x4 CMakeFiles/graphics_test.dir/C_/Users/16073/.pico-sdk/sdk/2.1.0/src/rp2_common/hardware_irq/irq.c.obj
                0x1000c034                __pre_init_runtime_init_per_core_irq_priorities
 *(.preinit_array)
                0x1000c038                        PROVIDE (__preinit_array_end = .)
                0x1000c038                        . = ALIGN (0x4)
                0x1000c038                        PROVIDE (__init_array_start = .)
 *(SORT_BY_NAME(.init_array.*))
 *(.init_array)
 .init_array    0x1000c038        0x4 C:/Users/16073/.pico-sdk/toolchain/13_3_Rel1/bin/../lib/gcc/arm-none-eabi/13.3.1/thumb/v8-m.main+fp/softfp/crtbegin.o
 .init_array    0x1000c03c        0x4 CMakeFiles/graphics_test.dir/C_/Users/16073/.pico-sdk/sdk/2.1.0/src/rp2_common/pico_bootsel_via_double_reset/pico_bootsel_via_double_reset.c.obj
                0x1000c040                        PROVIDE (__init_array_end = .)
                0x1000c040                        . = ALIGN (0x4)
                [!provide]                        PROVIDE (__fini_array_start = .)
 *(SORT_BY_NAME(.fini_array.*))
 *(.fini_array)
                [!provide]                        PROVIDE (__fini_array_end = .)
 *(.eh_frame*)
 .eh_frame      0x1000c040        0x0 C:/Users/16073/.pico-sdk/toolchain/13_3_Rel1/bin/../lib/gcc/arm-none-eabi/13.3.1/thumb/v8-m.main+fp/softfp/crtbegin.o
                0x1000c040                        . = ALIGN (0x4)

.glue_7         0x1000c040        0x0
 .glue_7        0x1000c040        0x0 linker stubs

.glue_7t        0x1000c040        0x0
 .glue_7t       0x1000c040        0x0 linker stubs

.vfp11_veneer   0x1000c040        0x0
 .vfp11_veneer  0x1000c040        0x0 linker stubs

.v4_bx          0x1000c040        0x0
 .v4_bx         0x1000c040        0x0 linker stubs

.iplt           0x1000c040        0x0
 .iplt          0x1000c040        0x0 C:/Users/16073/.pico-sdk/toolchain/13_3_Rel1/bin/../lib/gcc/arm-none-eabi/13.3.1/thumb/v8-m.main+fp/softfp/crtbegin.o

.boot2          0x1000c040        0x0
                0x1000c040                        __boot2_start__ = .
 *(.boot2)
                0x1000c040                        __boot2_end__ = .
                0x00000001                        ASSERT (((__boot2_end__ - __boot2_start__) <= 0x100), ERROR: Pico second stage bootloader must be no more than 256 bytes in size)

.rodata         0x1000c040     0x80bc
 *(EXCLUDE_FILE(*libm.a: *libc.a:*lib_a-mem*.o *libgcc.a:) .rodata*)
 .rodata.protothread_graphics.str1.4
                0x1000c040      0x456 CMakeFiles/graphics_test.dir/vga16_fft_ifft.c.obj
                                 0xa7 (size before relaxing)
 .rodata.protothread_serial.str1.4
                0x1000c496       0x1e CMakeFiles/graphics_test.dir/vga16_fft_ifft.c.obj
 .rodata.start_message.str1.4
                0x1000c496       0xf7 CMakeFiles/graphics_test.dir/vga16_fft_ifft.c.obj
 .rodata.main.str1.4
                0x1000c496        0xe CMakeFiles/graphics_test.dir/vga16_fft_ifft.c.obj
 *fill*         0x1000c496        0x2 
 .rodata.color_map.4
                0x1000c498        0xe CMakeFiles/graphics_test.dir/vga16_fft_ifft.c.obj
 *fill*         0x1000c4a6        0x2 
 .rodata.bigFont
                0x1000c4a8      0x800 CMakeFiles/graphics_test.dir/vga16_graphics.c.obj
                0x1000c4a8                bigFont
 .rodata.font   0x1000cca8      0x4fb CMakeFiles/graphics_test.dir/vga16_graphics.c.obj
 *fill*         0x1000d1a3        0x1 
 .rodata.rgb_program
                0x1000d1a4        0x8 CMakeFiles/graphics_test.dir/vga16_graphics.c.obj
 .rodata.rgb_program_instructions
                0x1000d1ac       0x12 CMakeFiles/graphics_test.dir/vga16_graphics.c.obj
 *fill*         0x1000d1be        0x2 
 .rodata.vsync_program
                0x1000d1c0        0x8 CMakeFiles/graphics_test.dir/vga16_graphics.c.obj
 .rodata.vsync_program_instructions
                0x1000d1c8       0x1c CMakeFiles/graphics_test.dir/vga16_graphics.c.obj
 .rodata.hsync_program
                0x1000d1e4        0x8 CMakeFiles/graphics_test.dir/vga16_graphics.c.obj
 .rodata.hsync_program_instructions
                0x1000d1ec       0x12 CMakeFiles/graphics_test.dir/vga16_graphics.c.obj
 .rodata.panic.str1.4
                0x1000d1fe       0x12 CMakeFiles/graphics_test.dir/C_/Users/16073/.pico-sdk/sdk/2.1.0/src/rp2_common/pico_platform_panic/panic.c.obj
 .rodata.timer_hardware_alarm_claim.str1.4
                0x1000d1fe       0x22 CMakeFiles/graphics_test.dir/C_/Users/16073/.pico-sdk/sdk/2.1.0/src/rp2_common/hardware_timer/timer.c.obj
 .rodata.hard_assertion_failure.str1.4
                0x1000d1fe        0xc CMakeFiles/graphics_test.dir/C_/Users/16073/.pico-sdk/sdk/2.1.0/src/rp2_common/pico_runtime/runtime.c.obj
 .rodata.__wrap_malloc.str1.4
                0x1000d1fe        0xe CMakeFiles/graphics_test.dir/C_/Users/16073/.pico-sdk/sdk/2.1.0/src/rp2_common/pico_malloc/malloc.c.obj
 .rodata.str1.4
                0x1000d1fe       0x44 CMakeFiles/graphics_test.dir/C_/Users/16073/.pico-sdk/sdk/2.1.0/src/rp2_common/pico_standard_binary_info/standard_binary_info.c.obj
 *fill*         0x1000d1fe        0x2 
 .rodata.__bi_84
                0x1000d200        0xc CMakeFiles/graphics_test.dir/C_/Users/16073/.pico-sdk/sdk/2.1.0/src/rp2_common/pico_standard_binary_info/standard_binary_info.c.obj
 .rodata.__bi_78
                0x1000d20c        0xc CMakeFiles/graphics_test.dir/C_/Users/16073/.pico-sdk/sdk/2.1.0/src/rp2_common/pico_standard_binary_info/standard_binary_info.c.obj
 .rodata.__bi_54
                0x1000d218        0xc CMakeFiles/graphics_test.dir/C_/Users/16073/.pico-sdk/sdk/2.1.0/src/rp2_common/pico_standard_binary_info/standard_binary_info.c.obj
 .rodata.__bi_48
                0x1000d224        0xc CMakeFiles/graphics_test.dir/C_/Users/16073/.pico-sdk/sdk/2.1.0/src/rp2_common/pico_standard_binary_info/standard_binary_info.c.obj
 .rodata.__bi_42
                0x1000d230        0xc CMakeFiles/graphics_test.dir/C_/Users/16073/.pico-sdk/sdk/2.1.0/src/rp2_common/pico_standard_binary_info/standard_binary_info.c.obj
 .rodata.__bi_34
                0x1000d23c        0xc CMakeFiles/graphics_test.dir/C_/Users/16073/.pico-sdk/sdk/2.1.0/src/rp2_common/pico_standard_binary_info/standard_binary_info.c.obj
 .rodata.__bi_26
                0x1000d248        0xc CMakeFiles/graphics_test.dir/C_/Users/16073/.pico-sdk/sdk/2.1.0/src/rp2_common/pico_standard_binary_info/standard_binary_info.c.obj
 .rodata._ftoa.str1.4
                0x1000d254       0x15 CMakeFiles/graphics_test.dir/C_/Users/16073/.pico-sdk/sdk/2.1.0/src/rp2_common/pico_printf/printf.c.obj
 *fill*         0x1000d254        0x4 
 .rodata.pow10.0
                0x1000d258       0x50 CMakeFiles/graphics_test.dir/C_/Users/16073/.pico-sdk/sdk/2.1.0/src/rp2_common/pico_printf/printf.c.obj
 .rodata.__assert_func.str1.4
                0x1000d2a8       0x43 CMakeFiles/graphics_test.dir/C_/Users/16073/.pico-sdk/sdk/2.1.0/src/rp2_common/pico_clib_interface/newlib_interface.c.obj
 .rodata.crlf_str.0
                0x1000d2a8        0x2 CMakeFiles/graphics_test.dir/C_/Users/16073/.pico-sdk/sdk/2.1.0/src/rp2_common/pico_stdio/stdio.c.obj
 .rodata.str1.4
                0x1000d2aa       0x2c CMakeFiles/graphics_test.dir/C_/Users/16073/.pico-sdk/sdk/2.1.0/src/rp2_common/pico_stdio_uart/stdio_uart.c.obj
 *fill*         0x1000d2aa        0x2 
 .rodata.__bi_45.4
                0x1000d2ac        0xc CMakeFiles/graphics_test.dir/C_/Users/16073/.pico-sdk/sdk/2.1.0/src/rp2_common/pico_stdio_uart/stdio_uart.c.obj
 .rodata.__bi_49.5
                0x1000d2b8        0x8 CMakeFiles/graphics_test.dir/C_/Users/16073/.pico-sdk/sdk/2.1.0/src/rp2_common/pico_stdio_uart/stdio_uart.c.obj
 .rodata.__bi_50.6
                0x1000d2c0        0x8 CMakeFiles/graphics_test.dir/C_/Users/16073/.pico-sdk/sdk/2.1.0/src/rp2_common/pico_stdio_uart/stdio_uart.c.obj
 .rodata.str1.4
                0x1000d2c8       0x18 CMakeFiles/graphics_test.dir/C_/Users/16073/.pico-sdk/sdk/2.1.0/src/rp2_common/pico_bootsel_via_double_reset/pico_bootsel_via_double_reset.c.obj
 .rodata.__bi_50
                0x1000d2c8        0xc CMakeFiles/graphics_test.dir/C_/Users/16073/.pico-sdk/sdk/2.1.0/src/rp2_common/pico_bootsel_via_double_reset/pico_bootsel_via_double_reset.c.obj
 .rodata.dma_claim_unused_channel.str1.4
                0x1000d2d4       0x1e CMakeFiles/graphics_test.dir/C_/Users/16073/.pico-sdk/sdk/2.1.0/src/rp2_common/hardware_dma/dma.c.obj
 .rodata._ctype_
                0x1000d2d4      0x101 C:/Users/16073/.pico-sdk/toolchain/13_3_Rel1/bin/../lib/gcc/arm-none-eabi/13.3.1/thumb/v8-m.main+fp/softfp\libg.a(libc_a-ctype_.o)
                0x1000d2d4                _ctype_
 .rodata.__ssvfscanf_r.str1.4
                0x1000d3d5        0x9 C:/Users/16073/.pico-sdk/toolchain/13_3_Rel1/bin/../lib/gcc/arm-none-eabi/13.3.1/thumb/v8-m.main+fp/softfp\libg.a(libc_a-svfscanf.o)
 *fill*         0x1000d3d5        0x3 
 .rodata.basefix.0
                0x1000d3d8       0x22 C:/Users/16073/.pico-sdk/toolchain/13_3_Rel1/bin/../lib/gcc/arm-none-eabi/13.3.1/thumb/v8-m.main+fp/softfp\libg.a(libc_a-svfscanf.o)
 .rodata.str1.4
                0x1000d3fa       0x4c C:/Users/16073/.pico-sdk/toolchain/13_3_Rel1/bin/../lib/gcc/arm-none-eabi/13.3.1/thumb/v8-m.main+fp/softfp\libg.a(libc_a-locale.o)
 .rodata._strtod_l.str1.4
                0x1000d3fa       0x15 C:/Users/16073/.pico-sdk/toolchain/13_3_Rel1/bin/../lib/gcc/arm-none-eabi/13.3.1/thumb/v8-m.main+fp/softfp\libg.a(libc_a-strtod.o)
 *fill*         0x1000d3fa        0x2 
 .rodata.fpinan.0
                0x1000d3fc       0x14 C:/Users/16073/.pico-sdk/toolchain/13_3_Rel1/bin/../lib/gcc/arm-none-eabi/13.3.1/thumb/v8-m.main+fp/softfp\libg.a(libc_a-strtod.o)
 .rodata.fpi.1  0x1000d410       0x14 C:/Users/16073/.pico-sdk/toolchain/13_3_Rel1/bin/../lib/gcc/arm-none-eabi/13.3.1/thumb/v8-m.main+fp/softfp\libg.a(libc_a-strtod.o)
 *fill*         0x1000d424        0x4 
 .rodata.tinytens
                0x1000d428       0x28 C:/Users/16073/.pico-sdk/toolchain/13_3_Rel1/bin/../lib/gcc/arm-none-eabi/13.3.1/thumb/v8-m.main+fp/softfp\libg.a(libc_a-strtod.o)
 .rodata._mbrtowc_r.str1.4
                0x1000d450        0x1 C:/Users/16073/.pico-sdk/toolchain/13_3_Rel1/bin/../lib/gcc/arm-none-eabi/13.3.1/thumb/v8-m.main+fp/softfp\libg.a(libc_a-mbrtowc.o)
 .rodata._jp2uc_l.str1.4
                0x1000d450       0x12 C:/Users/16073/.pico-sdk/toolchain/13_3_Rel1/bin/../lib/gcc/arm-none-eabi/13.3.1/thumb/v8-m.main+fp/softfp\libg.a(libc_a-jp2uc.o)
 .rodata.d02f4  0x1000d450     0x1a7c C:/Users/16073/.pico-sdk/toolchain/13_3_Rel1/bin/../lib/gcc/arm-none-eabi/13.3.1/thumb/v8-m.main+fp/softfp\libg.a(libc_a-jp2uc.o)
 .rodata.b02cf  0x1000eecc     0x172a C:/Users/16073/.pico-sdk/toolchain/13_3_Rel1/bin/../lib/gcc/arm-none-eabi/13.3.1/thumb/v8-m.main+fp/softfp\libg.a(libc_a-jp2uc.o)
 *fill*         0x100105f6        0x2 
 .rodata.a8     0x100105f8       0x40 C:/Users/16073/.pico-sdk/toolchain/13_3_Rel1/bin/../lib/gcc/arm-none-eabi/13.3.1/thumb/v8-m.main+fp/softfp\libg.a(libc_a-jp2uc.o)
 .rodata.a7     0x10010638       0xa2 C:/Users/16073/.pico-sdk/toolchain/13_3_Rel1/bin/../lib/gcc/arm-none-eabi/13.3.1/thumb/v8-m.main+fp/softfp\libg.a(libc_a-jp2uc.o)
 *fill*         0x100106da        0x2 
 .rodata.a6     0x100106dc       0x70 C:/Users/16073/.pico-sdk/toolchain/13_3_Rel1/bin/../lib/gcc/arm-none-eabi/13.3.1/thumb/v8-m.main+fp/softfp\libg.a(libc_a-jp2uc.o)
 .rodata.a3     0x1001074c       0x5b C:/Users/16073/.pico-sdk/toolchain/13_3_Rel1/bin/../lib/gcc/arm-none-eabi/13.3.1/thumb/v8-m.main+fp/softfp\libg.a(libc_a-jp2uc.o)
 *fill*         0x100107a7        0x1 
 .rodata.a2     0x100107a8       0xbc C:/Users/16073/.pico-sdk/toolchain/13_3_Rel1/bin/../lib/gcc/arm-none-eabi/13.3.1/thumb/v8-m.main+fp/softfp\libg.a(libc_a-jp2uc.o)
 .rodata.a1     0x10010864       0xbc C:/Users/16073/.pico-sdk/toolchain/13_3_Rel1/bin/../lib/gcc/arm-none-eabi/13.3.1/thumb/v8-m.main+fp/softfp\libg.a(libc_a-jp2uc.o)
 .rodata.__gethex.str1.4
                0x10010920       0x79 C:/Users/16073/.pico-sdk/toolchain/13_3_Rel1/bin/../lib/gcc/arm-none-eabi/13.3.1/thumb/v8-m.main+fp/softfp\libg.a(libc_a-gdtoa-gethex.o)
 .rodata.__hexdig
                0x10010920      0x100 C:/Users/16073/.pico-sdk/toolchain/13_3_Rel1/bin/../lib/gcc/arm-none-eabi/13.3.1/thumb/v8-m.main+fp/softfp\libg.a(libc_a-gdtoa-gethex.o)
                0x10010920                __hexdig
 .rodata.__multadd.str1.4
                0x10010a20       0x6e C:/Users/16073/.pico-sdk/toolchain/13_3_Rel1/bin/../lib/gcc/arm-none-eabi/13.3.1/thumb/v8-m.main+fp/softfp\libg.a(libc_a-mprec.o)
 .rodata.p05.0  0x10010a20        0xc C:/Users/16073/.pico-sdk/toolchain/13_3_Rel1/bin/../lib/gcc/arm-none-eabi/13.3.1/thumb/v8-m.main+fp/softfp\libg.a(libc_a-mprec.o)
 *fill*         0x10010a2c        0x4 
 .rodata.__mprec_bigtens
                0x10010a30       0x28 C:/Users/16073/.pico-sdk/toolchain/13_3_Rel1/bin/../lib/gcc/arm-none-eabi/13.3.1/thumb/v8-m.main+fp/softfp\libg.a(libc_a-mprec.o)
                0x10010a30                __mprec_bigtens
 .rodata.__mprec_tens
                0x10010a58       0xc8 C:/Users/16073/.pico-sdk/toolchain/13_3_Rel1/bin/../lib/gcc/arm-none-eabi/13.3.1/thumb/v8-m.main+fp/softfp\libg.a(libc_a-mprec.o)
                0x10010a58                __mprec_tens
 .rodata.categories
                0x10010b20     0x35dc C:/Users/16073/.pico-sdk/toolchain/13_3_Rel1/bin/../lib/gcc/arm-none-eabi/13.3.1/thumb/v8-m.main+fp/softfp\libg.a(libc_a-categories.o)
 *(.srodata*)
                0x100140fc                        . = ALIGN (0x4)
 *(SORT_BY_ALIGNMENT(SORT_BY_NAME(.flashdata*)))
                0x100140fc                        . = ALIGN (0x4)

.ARM.extab
 *(.ARM.extab* .gnu.linkonce.armextab.*)
                0x100140fc                        __exidx_start = .

.ARM.exidx      0x100140fc        0x8
 *(.ARM.exidx* .gnu.linkonce.armexidx.*)
 .ARM.exidx     0x100140fc        0x8 C:/Users/16073/.pico-sdk/toolchain/13_3_Rel1/bin/../lib/gcc/arm-none-eabi/13.3.1/thumb/v8-m.main+fp/softfp\libg.a(libc_a-strcmp.o)
 .ARM.exidx     0x10014104        0x0 C:/Users/16073/.pico-sdk/toolchain/13_3_Rel1/bin/../lib/gcc/arm-none-eabi/13.3.1/thumb/v8-m.main+fp/softfp\libg.a(libc_a-memcpy.o)
                                  0x8 (size before relaxing)
 .ARM.exidx.text.__udivmoddi4
                0x10014104        0x0 C:/Users/16073/.pico-sdk/toolchain/13_3_Rel1/bin/../lib/gcc/arm-none-eabi/13.3.1/thumb/v8-m.main+fp/softfp\libgcc.a(_udivmoddi4.o)
                                  0x8 (size before relaxing)
                0x10014104                        __exidx_end = .
                0x10014104                        . = ALIGN (0x4)
                0x10014104                        __binary_info_start = .

.binary_info    0x10014104       0x2c
 *(.binary_info.keep.*)
 .binary_info.keep.__bi_ptr84
                0x10014104        0x4 CMakeFiles/graphics_test.dir/C_/Users/16073/.pico-sdk/sdk/2.1.0/src/rp2_common/pico_standard_binary_info/standard_binary_info.c.obj
 .binary_info.keep.__bi_ptr78
                0x10014108        0x4 CMakeFiles/graphics_test.dir/C_/Users/16073/.pico-sdk/sdk/2.1.0/src/rp2_common/pico_standard_binary_info/standard_binary_info.c.obj
 .binary_info.keep.__bi_ptr54
                0x1001410c        0x4 CMakeFiles/graphics_test.dir/C_/Users/16073/.pico-sdk/sdk/2.1.0/src/rp2_common/pico_standard_binary_info/standard_binary_info.c.obj
 .binary_info.keep.__bi_ptr48
                0x10014110        0x4 CMakeFiles/graphics_test.dir/C_/Users/16073/.pico-sdk/sdk/2.1.0/src/rp2_common/pico_standard_binary_info/standard_binary_info.c.obj
 .binary_info.keep.__bi_ptr42
                0x10014114        0x4 CMakeFiles/graphics_test.dir/C_/Users/16073/.pico-sdk/sdk/2.1.0/src/rp2_common/pico_standard_binary_info/standard_binary_info.c.obj
 .binary_info.keep.__bi_ptr34
                0x10014118        0x4 CMakeFiles/graphics_test.dir/C_/Users/16073/.pico-sdk/sdk/2.1.0/src/rp2_common/pico_standard_binary_info/standard_binary_info.c.obj
 .binary_info.keep.__bi_ptr26
                0x1001411c        0x4 CMakeFiles/graphics_test.dir/C_/Users/16073/.pico-sdk/sdk/2.1.0/src/rp2_common/pico_standard_binary_info/standard_binary_info.c.obj
 .binary_info.keep.__bi_ptr50
                0x10014120        0x4 CMakeFiles/graphics_test.dir/C_/Users/16073/.pico-sdk/sdk/2.1.0/src/rp2_common/pico_bootsel_via_double_reset/pico_bootsel_via_double_reset.c.obj
 *(.binary_info.*)
 .binary_info.__bi_ptr50
                0x10014124        0x4 CMakeFiles/graphics_test.dir/C_/Users/16073/.pico-sdk/sdk/2.1.0/src/rp2_common/pico_stdio_uart/stdio_uart.c.obj
 .binary_info.__bi_ptr49
                0x10014128        0x4 CMakeFiles/graphics_test.dir/C_/Users/16073/.pico-sdk/sdk/2.1.0/src/rp2_common/pico_stdio_uart/stdio_uart.c.obj
 .binary_info.__bi_ptr45
                0x1001412c        0x4 CMakeFiles/graphics_test.dir/C_/Users/16073/.pico-sdk/sdk/2.1.0/src/rp2_common/pico_stdio_uart/stdio_uart.c.obj
                0x10014130                        __binary_info_end = .
                0x10014130                        . = ALIGN (0x4)

.ram_vector_table
                0x20000000      0x110
 *(.ram_vector_table)
 .ram_vector_table
                0x20000000      0x110 CMakeFiles/graphics_test.dir/C_/Users/16073/.pico-sdk/sdk/2.1.0/src/rp2_common/pico_runtime_init/runtime_init.c.obj
                0x20000000                ram_vector_table

.uninitialized_data
                0x20000110        0x0
                0x20000110                        . = ALIGN (0x4)
 *(.uninitialized_data*)

.data           0x20000110      0xfb4 load address 0x10014130
                0x20000110                        __data_start__ = .
 *(vtable)
 *(.time_critical*)
 .time_critical.mutex_enter_blocking
                0x20000110       0x80 CMakeFiles/graphics_test.dir/C_/Users/16073/.pico-sdk/sdk/2.1.0/src/common/pico_sync/mutex.c.obj
                0x20000110                mutex_enter_blocking
 .time_critical.mutex_enter_block_until
                0x20000190       0x70 CMakeFiles/graphics_test.dir/C_/Users/16073/.pico-sdk/sdk/2.1.0/src/common/pico_sync/mutex.c.obj
                0x20000190                mutex_enter_block_until
 .time_critical.mutex_try_enter_block_until
                0x20000200       0x6c CMakeFiles/graphics_test.dir/C_/Users/16073/.pico-sdk/sdk/2.1.0/src/common/pico_sync/mutex.c.obj
                0x20000200                mutex_try_enter_block_until
 .time_critical.mutex_exit
                0x2000026c       0x3c CMakeFiles/graphics_test.dir/C_/Users/16073/.pico-sdk/sdk/2.1.0/src/common/pico_sync/mutex.c.obj
                0x2000026c                mutex_exit
 *(.text*)
 .text          0x200002a8      0x378 C:/Users/16073/.pico-sdk/toolchain/13_3_Rel1/bin/../lib/gcc/arm-none-eabi/13.3.1/thumb/v8-m.main+fp/softfp\libgcc.a(_arm_addsubdf3.o)
                0x200002a8                __aeabi_drsub
                0x200002b0                __aeabi_dsub
                0x200002b0                __subdf3
                0x200002b4                __aeabi_dadd
                0x200002b4                __adddf3
                0x2000052c                __floatunsidf
                0x2000052c                __aeabi_ui2d
                0x2000054c                __floatsidf
                0x2000054c                __aeabi_i2d
                0x20000570                __aeabi_f2d
                0x20000570                __extendsfdf2
                0x200005b4                __floatundidf
                0x200005b4                __aeabi_ul2d
                0x200005c4                __floatdidf
                0x200005c4                __aeabi_l2d
 .text          0x20000620       0x30 C:/Users/16073/.pico-sdk/toolchain/13_3_Rel1/bin/../lib/gcc/arm-none-eabi/13.3.1/thumb/v8-m.main+fp/softfp\libgcc.a(_aeabi_uldivmod.o)
                0x20000620                __aeabi_uldivmod
 .text.__udivmoddi4
                0x20000650      0x300 C:/Users/16073/.pico-sdk/toolchain/13_3_Rel1/bin/../lib/gcc/arm-none-eabi/13.3.1/thumb/v8-m.main+fp/softfp\libgcc.a(_udivmoddi4.o)
                0x20000650                __udivmoddi4
 .text          0x20000950        0x4 C:/Users/16073/.pico-sdk/toolchain/13_3_Rel1/bin/../lib/gcc/arm-none-eabi/13.3.1/thumb/v8-m.main+fp/softfp\libgcc.a(_dvmd_tls.o)
                0x20000950                __aeabi_idiv0
                0x20000950                __aeabi_ldiv0
 *fill*         0x20000954        0x4 
 .text.__stub   0x20000958        0x8 linker stubs
                0x20000960                        . = ALIGN (0x4)
 *(.rodata*)
                0x20000960                        . = ALIGN (0x4)
 *(.data*)
 .data.time_column.5
                0x20000960        0x2 CMakeFiles/graphics_test.dir/vga16_fft_ifft.c.obj
 *fill*         0x20000962        0x2 
 .data.adc_data_count
                0x20000964        0x4 CMakeFiles/graphics_test.dir/vga16_fft_ifft.c.obj
                0x20000964                adc_data_count
 .data.alarm_period
                0x20000968        0x4 CMakeFiles/graphics_test.dir/vga16_fft_ifft.c.obj
                0x20000968                alarm_period
 .data.address_pointer
                0x2000096c        0x4 CMakeFiles/graphics_test.dir/vga16_graphics.c.obj
                0x2000096c                address_pointer
 .data.striped_spin_lock_num
                0x20000970        0x1 CMakeFiles/graphics_test.dir/C_/Users/16073/.pico-sdk/sdk/2.1.0/src/rp2_common/hardware_sync/sync.c.obj
 *fill*         0x20000971        0x3 
 .data          0x20000974       0x48 CMakeFiles/graphics_test.dir/C_/Users/16073/.pico-sdk/sdk/2.1.0/src/rp2_common/hardware_irq/irq_handler_chain.S.obj
                0x20000974                irq_handler_chain_slots
                0x200009a4                irq_handler_chain_first_slot
                0x200009ae                irq_handler_chain_remove_tail
 .data.default_alarm_pool
                0x200009bc       0x18 CMakeFiles/graphics_test.dir/C_/Users/16073/.pico-sdk/sdk/2.1.0/src/common/pico_time/time.c.obj
 .data.stdio_uart
                0x200009d4       0x18 CMakeFiles/graphics_test.dir/C_/Users/16073/.pico-sdk/sdk/2.1.0/src/rp2_common/pico_stdio_uart/stdio_uart.c.obj
                0x200009d4                stdio_uart
 .data.__malloc_sbrk_base
                0x200009ec        0x4 C:/Users/16073/.pico-sdk/toolchain/13_3_Rel1/bin/../lib/gcc/arm-none-eabi/13.3.1/thumb/v8-m.main+fp/softfp\libg.a(libc_a-mallocr.o)
                0x200009ec                __malloc_sbrk_base
 .data.__malloc_trim_threshold
                0x200009f0        0x4 C:/Users/16073/.pico-sdk/toolchain/13_3_Rel1/bin/../lib/gcc/arm-none-eabi/13.3.1/thumb/v8-m.main+fp/softfp\libg.a(libc_a-mallocr.o)
                0x200009f0                __malloc_trim_threshold
 *fill*         0x200009f4        0x4 
 .data.__malloc_av_
                0x200009f8      0x408 C:/Users/16073/.pico-sdk/toolchain/13_3_Rel1/bin/../lib/gcc/arm-none-eabi/13.3.1/thumb/v8-m.main+fp/softfp\libg.a(libc_a-mallocr.o)
                0x200009f8                __malloc_av_
 .data._impure_ptr
                0x20000e00        0x4 C:/Users/16073/.pico-sdk/toolchain/13_3_Rel1/bin/../lib/gcc/arm-none-eabi/13.3.1/thumb/v8-m.main+fp/softfp\libg.a(libc_a-impure.o)
                0x20000e00                _impure_ptr
 *fill*         0x20000e04        0x4 
 .data._impure_data
                0x20000e08      0x140 C:/Users/16073/.pico-sdk/toolchain/13_3_Rel1/bin/../lib/gcc/arm-none-eabi/13.3.1/thumb/v8-m.main+fp/softfp\libg.a(libc_a-impure.o)
                0x20000e08                _impure_data
 .data.__global_locale
                0x20000f48      0x16c C:/Users/16073/.pico-sdk/toolchain/13_3_Rel1/bin/../lib/gcc/arm-none-eabi/13.3.1/thumb/v8-m.main+fp/softfp\libg.a(libc_a-locale.o)
                0x20000f48                __global_locale
 *(.sdata*)
                0x200010b4                        . = ALIGN (0x4)
 *(.after_data.*)
                0x200010b4                        . = ALIGN (0x4)
                0x200010b4                        PROVIDE (__mutex_array_start = .)
 *(SORT_BY_NAME(.mutex_array.*))
 *(.mutex_array)
 .mutex_array   0x200010b4        0x8 CMakeFiles/graphics_test.dir/C_/Users/16073/.pico-sdk/sdk/2.1.0/src/rp2_common/pico_malloc/malloc.c.obj
 .mutex_array   0x200010bc        0x8 CMakeFiles/graphics_test.dir/C_/Users/16073/.pico-sdk/sdk/2.1.0/src/rp2_common/pico_stdio/stdio.c.obj
                0x200010c4                        PROVIDE (__mutex_array_end = .)
 *(.jcr)
                0x200010c4                        . = ALIGN (0x4)

.tm_clone_table
                0x200010c4        0x0 load address 0x100150e4
 .tm_clone_table
                0x200010c4        0x0 C:/Users/16073/.pico-sdk/toolchain/13_3_Rel1/bin/../lib/gcc/arm-none-eabi/13.3.1/thumb/v8-m.main+fp/softfp/crtbegin.o
 .tm_clone_table
                0x200010c4        0x0 C:/Users/16073/.pico-sdk/toolchain/13_3_Rel1/bin/../lib/gcc/arm-none-eabi/13.3.1/thumb/v8-m.main+fp/softfp/crtend.o

.igot.plt       0x200010c4        0x0 load address 0x100150e4
 .igot.plt      0x200010c4        0x0 C:/Users/16073/.pico-sdk/toolchain/13_3_Rel1/bin/../lib/gcc/arm-none-eabi/13.3.1/thumb/v8-m.main+fp/softfp/crtbegin.o

.tdata          0x200010c4        0x0 load address 0x100150e4
                0x200010c4                        . = ALIGN (0x4)
 *(.tdata .tdata.* .gnu.linkonce.td.*)
                0x200010c4                        __tdata_end = .
                0x200010c4                        PROVIDE (__data_end__ = .)
                0x10014130                        __etext = LOADADDR (.data)

.tbss           0x200010c4        0x0 load address 0x100150e4
                0x200010c4                        . = ALIGN (0x4)
                0x200010c4                        __bss_start__ = .
                0x200010c4                        __tls_base = .
 *(.tbss .tbss.* .gnu.linkonce.tb.*)
 *(.tcommon)
                0x200010c4                        __tls_end = .

.bss            0x200010c8    0x28ad0 load address 0x100150e4
                0x200010c8                        . = ALIGN (0x4)
                0x200010c8                        __tbss_end = .
 *(SORT_BY_ALIGNMENT(SORT_BY_NAME(.bss*)))
 .bss.default_alarm_pool_entries
                0x200010c8      0x180 CMakeFiles/graphics_test.dir/C_/Users/16073/.pico-sdk/sdk/2.1.0/src/common/pico_time/time.c.obj
 .bss.sched_thread_time
                0x20001248       0x50 CMakeFiles/graphics_test.dir/vga16_fft_ifft.c.obj
                0x20001248                sched_thread_time
 .bss.sched_thread_time1
                0x20001298       0x50 CMakeFiles/graphics_test.dir/vga16_fft_ifft.c.obj
                0x20001298                sched_thread_time1
 .bss.thread_time
                0x200012e8        0x8 CMakeFiles/graphics_test.dir/vga16_fft_ifft.c.obj
                0x200012e8                thread_time
 .bss.thread_time1
                0x200012f0        0x8 CMakeFiles/graphics_test.dir/vga16_fft_ifft.c.obj
                0x200012f0                thread_time1
 .bss.time_thread.0
                0x200012f8        0x8 CMakeFiles/graphics_test.dir/vga16_fft_ifft.c.obj
 .bss.Sinewave  0x20001300      0x400 CMakeFiles/graphics_test.dir/vga16_fft_ifft.c.obj
                0x20001300                Sinewave
 .bss.__lock___malloc_recursive_mutex
                0x20001700        0x1 C:/Users/16073/.pico-sdk/toolchain/13_3_Rel1/bin/../lib/gcc/arm-none-eabi/13.3.1/thumb/v8-m.main+fp/softfp\libg.a(libc_a-lock.o)
                0x20001700                __lock___malloc_recursive_mutex
 *fill*         0x20001701        0x3 
 .bss.__malloc_current_mallinfo
                0x20001704       0x28 C:/Users/16073/.pico-sdk/toolchain/13_3_Rel1/bin/../lib/gcc/arm-none-eabi/13.3.1/thumb/v8-m.main+fp/softfp\libg.a(libc_a-mallocr.o)
                0x20001704                __malloc_current_mallinfo
 .bss.__malloc_max_sbrked_mem
                0x2000172c        0x4 C:/Users/16073/.pico-sdk/toolchain/13_3_Rel1/bin/../lib/gcc/arm-none-eabi/13.3.1/thumb/v8-m.main+fp/softfp\libg.a(libc_a-mallocr.o)
                0x2000172c                __malloc_max_sbrked_mem
 .bss.__malloc_max_total_mem
                0x20001730        0x4 C:/Users/16073/.pico-sdk/toolchain/13_3_Rel1/bin/../lib/gcc/arm-none-eabi/13.3.1/thumb/v8-m.main+fp/softfp\libg.a(libc_a-mallocr.o)
                0x20001730                __malloc_max_total_mem
 .bss.__malloc_top_pad
                0x20001734        0x4 C:/Users/16073/.pico-sdk/toolchain/13_3_Rel1/bin/../lib/gcc/arm-none-eabi/13.3.1/thumb/v8-m.main+fp/softfp\libg.a(libc_a-mallocr.o)
                0x20001734                __malloc_top_pad
 .bss.__sf      0x20001738      0x138 C:/Users/16073/.pico-sdk/toolchain/13_3_Rel1/bin/../lib/gcc/arm-none-eabi/13.3.1/thumb/v8-m.main+fp/softfp\libg.a(libc_a-findfp.o)
                0x20001738                __sf
 .bss._sw_spin_locks
                0x20001870       0x20 CMakeFiles/graphics_test.dir/C_/Users/16073/.pico-sdk/sdk/2.1.0/src/rp2_common/hardware_sync_spin_lock/sync_spin_lock.c.obj
                0x20001870                _sw_spin_locks
 .bss._used_instruction_space
                0x20001890        0xc CMakeFiles/graphics_test.dir/C_/Users/16073/.pico-sdk/sdk/2.1.0/src/rp2_common/hardware_pio/pio.c.obj
 .bss.adc_data  0x2000189c      0x400 CMakeFiles/graphics_test.dir/vga16_fft_ifft.c.obj
                0x2000189c                adc_data
 .bss.analysis_data
                0x20001c9c      0x400 CMakeFiles/graphics_test.dir/vga16_fft_ifft.c.obj
                0x20001c9c                analysis_data
 .bss.chars_available_callback
                0x2000209c        0x4 CMakeFiles/graphics_test.dir/C_/Users/16073/.pico-sdk/sdk/2.1.0/src/rp2_common/pico_stdio_uart/stdio_uart.c.obj
 .bss.chars_available_param
                0x200020a0        0x4 CMakeFiles/graphics_test.dir/C_/Users/16073/.pico-sdk/sdk/2.1.0/src/rp2_common/pico_stdio_uart/stdio_uart.c.obj
 .bss.claimed   0x200020a4        0x2 CMakeFiles/graphics_test.dir/C_/Users/16073/.pico-sdk/sdk/2.1.0/src/rp2_common/hardware_timer/timer.c.obj
 *fill*         0x200020a6        0x2 
 .bss.configured_freq
                0x200020a8       0x28 CMakeFiles/graphics_test.dir/C_/Users/16073/.pico-sdk/sdk/2.1.0/src/rp2_common/hardware_clocks/clocks.c.obj
 .bss.data_ready_s
                0x200020d0        0x4 CMakeFiles/graphics_test.dir/vga16_fft_ifft.c.obj
                0x200020d0                data_ready_s
 .bss.display_data
                0x200020d4      0x400 CMakeFiles/graphics_test.dir/vga16_fft_ifft.c.obj
                0x200020d4                display_data
 .bss.drivers   0x200024d4        0x4 CMakeFiles/graphics_test.dir/C_/Users/16073/.pico-sdk/sdk/2.1.0/src/rp2_common/pico_stdio/stdio.c.obj
 .bss.errno     0x200024d8        0x4 C:/Users/16073/.pico-sdk/toolchain/13_3_Rel1/bin/../lib/gcc/arm-none-eabi/13.3.1/thumb/v8-m.main+fp/softfp\libg.a(libc_a-reent.o)
                0x200024d8                errno
 .bss.fft_display_data
                0x200024dc      0x400 CMakeFiles/graphics_test.dir/vga16_fft_ifft.c.obj
                0x200024dc                fft_display_data
 .bss.fi        0x200028dc      0x400 CMakeFiles/graphics_test.dir/vga16_fft_ifft.c.obj
                0x200028dc                fi
 .bss.filter    0x20002cdc        0x4 CMakeFiles/graphics_test.dir/C_/Users/16073/.pico-sdk/sdk/2.1.0/src/rp2_common/pico_stdio/stdio.c.obj
 .bss.finish_fft_s
                0x20002ce0        0x4 CMakeFiles/graphics_test.dir/vga16_fft_ifft.c.obj
                0x20002ce0                finish_fft_s
 .bss.fr        0x20002ce4      0x400 CMakeFiles/graphics_test.dir/vga16_fft_ifft.c.obj
                0x20002ce4                fr
 .bss.heap_end.0
                0x200030e4        0x4 CMakeFiles/graphics_test.dir/C_/Users/16073/.pico-sdk/sdk/2.1.0/src/rp2_common/pico_clib_interface/newlib_interface.c.obj
 .bss.i.1       0x200030e8        0x4 CMakeFiles/graphics_test.dir/vga16_fft_ifft.c.obj
 .bss.i.2       0x200030ec        0x4 CMakeFiles/graphics_test.dir/vga16_fft_ifft.c.obj
 .bss.ifft_out  0x200030f0      0x200 CMakeFiles/graphics_test.dir/vga16_fft_ifft.c.obj
                0x200030f0                ifft_out
 .bss.ifft_play_buffer